../Core/Src/Flash_driver.c:47:6:Flash_Init	48	static
../Core/Src/Flash_driver.c:120:6:Read_Register	16	static
../Core/Src/Flash_driver.c:130:6:Write_Data	24	static
../Core/Src/Flash_driver.c:148:6:Write_to_page	8	static
../Core/Src/Flash_driver.c:168:6:Read_Data	16	static
../Core/Src/Flash_driver.c:174:6:Automatic_Block_Managment	24	static
../Core/Src/Flash_driver.c:186:6:Chip_Erase	16	static
../Core/Src/Flash_driver.c:212:6:Read_Data_Cont	64	dynamic
../Core/Src/Flash_driver.c:248:6:Write_Enable	8	static
../Core/Src/Flash_driver.c:257:6:Write_Disable	8	static
../Core/Src/Flash_driver.c:267:9:Read_Status_Register	16	static
../Core/Src/Flash_driver.c:280:6:Write_Status_Register	16	static
../Core/Src/Flash_driver.c:291:10:Read_ID	16	static
../Core/Src/Flash_driver.c:304:6:Write_Data_Buffer	16	static
../Core/Src/Flash_driver.c:317:6:Program_Page_Flash	16	static
../Core/Src/Flash_driver.c:330:6:Select_Page_Read	16	static
../Core/Src/Flash_driver.c:343:6:Read_Data_Buffer	16	static
../Core/Src/Flash_driver.c:356:6:Block_Erase	16	static
