../Core/Src/Flash_driver.c:47:6:Flash_Init	48	static
../Core/Src/Flash_driver.c:120:6:Read_Register	16	static
../Core/Src/Flash_driver.c:130:6:Write_Data	24	static
../Core/Src/Flash_driver.c:152:6:Write_to_page	8	static
../Core/Src/Flash_driver.c:190:6:Read_Data	16	static
../Core/Src/Flash_driver.c:196:6:Automatic_Block_Managment	24	static
../Core/Src/Flash_driver.c:208:6:Chip_Erase	16	static
../Core/Src/Flash_driver.c:227:6:Read_Data_Cont	64	dynamic
../Core/Src/Flash_driver.c:263:6:Write_Enable	8	static
../Core/Src/Flash_driver.c:272:6:Write_Disable	8	static
../Core/Src/Flash_driver.c:282:9:Read_Status_Register	16	static
../Core/Src/Flash_driver.c:295:6:Write_Status_Register	16	static
../Core/Src/Flash_driver.c:306:10:Read_ID	16	static
../Core/Src/Flash_driver.c:319:6:Write_Data_Buffer	16	static
../Core/Src/Flash_driver.c:332:6:Program_Page_Flash	16	static
../Core/Src/Flash_driver.c:345:6:Select_Page_Read	16	static
../Core/Src/Flash_driver.c:358:6:Read_Data_Buffer	16	static
../Core/Src/Flash_driver.c:371:6:Block_Erase	16	static
