../Core/Src/Flash_driver.c:50:6:Flash_Init	48	static
../Core/Src/Flash_driver.c:127:6:Read_Register	16	static
../Core/Src/Flash_driver.c:137:6:Write_Data	24	static
../Core/Src/Flash_driver.c:155:6:Write_to_page	8	static
../Core/Src/Flash_driver.c:175:6:Read_Data	16	static
../Core/Src/Flash_driver.c:181:6:Automatic_Block_Managment	24	static
../Core/Src/Flash_driver.c:193:6:Chip_Erase	16	static
../Core/Src/Flash_driver.c:219:6:Read_Data_Cont	64	dynamic
../Core/Src/Flash_driver.c:255:6:Write_Enable	8	static
../Core/Src/Flash_driver.c:264:6:Write_Disable	8	static
../Core/Src/Flash_driver.c:274:9:Read_Status_Register	16	static
../Core/Src/Flash_driver.c:287:6:Write_Status_Register	16	static
../Core/Src/Flash_driver.c:298:10:Read_ID	16	static
../Core/Src/Flash_driver.c:311:6:Write_Data_Buffer	16	static
../Core/Src/Flash_driver.c:324:6:Program_Page_Flash	16	static
../Core/Src/Flash_driver.c:337:6:Select_Page_Read	16	static
../Core/Src/Flash_driver.c:350:6:Read_Data_Buffer	16	static
../Core/Src/Flash_driver.c:363:6:Block_Erase	16	static
