../Core/Src/Flash_driver.c:47:6:Flash_Init	48	static
../Core/Src/Flash_driver.c:124:6:Read_Register	16	static
../Core/Src/Flash_driver.c:134:6:Write_Data	24	static
../Core/Src/Flash_driver.c:152:6:Write_to_page	8	static
../Core/Src/Flash_driver.c:172:6:Read_Data	16	static
../Core/Src/Flash_driver.c:178:6:Automatic_Block_Managment	24	static
../Core/Src/Flash_driver.c:190:6:Chip_Erase	16	static
../Core/Src/Flash_driver.c:216:6:Read_Data_Cont	64	dynamic
../Core/Src/Flash_driver.c:252:6:Write_Enable	8	static
../Core/Src/Flash_driver.c:261:6:Write_Disable	8	static
../Core/Src/Flash_driver.c:271:9:Read_Status_Register	16	static
../Core/Src/Flash_driver.c:284:6:Write_Status_Register	16	static
../Core/Src/Flash_driver.c:295:10:Read_ID	16	static
../Core/Src/Flash_driver.c:308:6:Write_Data_Buffer	16	static
../Core/Src/Flash_driver.c:321:6:Program_Page_Flash	16	static
../Core/Src/Flash_driver.c:334:6:Select_Page_Read	16	static
../Core/Src/Flash_driver.c:347:6:Read_Data_Buffer	16	static
../Core/Src/Flash_driver.c:360:6:Block_Erase	16	static
