../Core/Src/Flash_driver.c:58:6:Flash_Init	24	static
../Core/Src/Flash_driver.c:77:6:Read_Register	8	static
../Core/Src/Flash_driver.c:87:6:Write_Data	24	static
../Core/Src/Flash_driver.c:105:6:Write_to_page	8	static
../Core/Src/Flash_driver.c:125:6:Read_Data	16	static
../Core/Src/Flash_driver.c:131:6:Automatic_Block_Managment	24	static
../Core/Src/Flash_driver.c:143:6:Chip_Erase	16	static
../Core/Src/Flash_driver.c:167:6:Read_Data_Cont	64	dynamic
../Core/Src/Flash_driver.c:203:6:Write_Enable	8	static
../Core/Src/Flash_driver.c:211:6:Write_Disable	8	static
../Core/Src/Flash_driver.c:220:9:Read_Status_Register	16	static
../Core/Src/Flash_driver.c:233:6:Write_Status_Register	16	static
../Core/Src/Flash_driver.c:243:10:Read_ID	16	static
../Core/Src/Flash_driver.c:253:6:Write_Data_Buffer	16	static
../Core/Src/Flash_driver.c:268:6:Write_Data_Flash	16	static
../Core/Src/Flash_driver.c:281:6:Select_Page_Read	16	static
../Core/Src/Flash_driver.c:294:6:Read_Data_Buffer	16	static
../Core/Src/Flash_driver.c:307:6:Block_Erase	16	static
