../Core/Src/main.c:85:5:main	8	static
../Core/Src/main.c:214:6:SystemClock_Config	120	static
../Core/Src/main.c:274:13:MX_FDCAN1_Init	16	static
../Core/Src/main.c:334:13:MX_SPI1_Init	8	static
../Core/Src/main.c:382:13:MX_UART5_Init	8	static
../Core/Src/main.c:430:13:MX_UART8_Init	8	static
../Core/Src/main.c:478:13:MX_USART2_UART_Init	8	static
../Core/Src/main.c:526:13:MX_USART3_UART_Init	8	static
../Core/Src/main.c:574:13:MX_GPIO_Init	56	static
../Core/Src/main.c:643:13:init	16	static
../Core/Src/main.c:675:6:MPU_Config	24	static
../Core/Src/main.c:706:6:Error_Handler	8	static
