../Core/Src/main.c:84:5:main	8	static
../Core/Src/main.c:245:6:SystemClock_Config	120	static
../Core/Src/main.c:305:13:MX_FDCAN1_Init	16	static
../Core/Src/main.c:365:13:MX_SPI1_Init	8	static
../Core/Src/main.c:413:13:MX_UART5_Init	8	static
../Core/Src/main.c:461:13:MX_UART8_Init	8	static
../Core/Src/main.c:509:13:MX_USART2_UART_Init	8	static
../Core/Src/main.c:557:13:MX_USART3_UART_Init	8	static
../Core/Src/main.c:605:13:MX_GPIO_Init	56	static
../Core/Src/main.c:674:13:init	16	static
../Core/Src/main.c:706:6:MPU_Config	24	static
../Core/Src/main.c:737:6:Error_Handler	8	static
