../Core/Src/stm32h7xx_it.c:75:6:NMI_Handler	4	static
../Core/Src/stm32h7xx_it.c:90:6:HardFault_Handler	4	static
../Core/Src/stm32h7xx_it.c:105:6:MemManage_Handler	4	static
../Core/Src/stm32h7xx_it.c:120:6:BusFault_Handler	4	static
../Core/Src/stm32h7xx_it.c:135:6:UsageFault_Handler	4	static
../Core/Src/stm32h7xx_it.c:150:6:SVC_Handler	4	static
../Core/Src/stm32h7xx_it.c:163:6:DebugMon_Handler	4	static
../Core/Src/stm32h7xx_it.c:176:6:PendSV_Handler	4	static
../Core/Src/stm32h7xx_it.c:189:6:SysTick_Handler	8	static
../Core/Src/stm32h7xx_it.c:215:6:FDCAN1_IT0_IRQHandler	8	static
../Core/Src/stm32h7xx_it.c:229:6:USART3_IRQHandler	8	static
../Core/Src/stm32h7xx_it.c:242:6:HAL_FDCAN_RxFifo0Callback	32	static
../Core/Src/stm32h7xx_it.c:278:6:HAL_UART_RxCpltCallback	16	static
