../Core/Src/stm32h7xx_it.c:79:6:NMI_Handler	4	static
../Core/Src/stm32h7xx_it.c:94:6:HardFault_Handler	4	static
../Core/Src/stm32h7xx_it.c:109:6:MemManage_Handler	4	static
../Core/Src/stm32h7xx_it.c:124:6:BusFault_Handler	4	static
../Core/Src/stm32h7xx_it.c:139:6:UsageFault_Handler	4	static
../Core/Src/stm32h7xx_it.c:154:6:SVC_Handler	4	static
../Core/Src/stm32h7xx_it.c:167:6:DebugMon_Handler	4	static
../Core/Src/stm32h7xx_it.c:180:6:PendSV_Handler	4	static
../Core/Src/stm32h7xx_it.c:193:6:SysTick_Handler	8	static
../Core/Src/stm32h7xx_it.c:233:6:FDCAN1_IT0_IRQHandler	8	static
../Core/Src/stm32h7xx_it.c:247:6:USART2_IRQHandler	8	static
../Core/Src/stm32h7xx_it.c:261:6:UART5_IRQHandler	8	static
../Core/Src/stm32h7xx_it.c:275:6:UART8_IRQHandler	8	static
../Core/Src/stm32h7xx_it.c:288:6:HAL_FDCAN_RxFifo0Callback	40	static
../Core/Src/stm32h7xx_it.c:343:6:HAL_UART_RxCpltCallback	16	static
