Archive member included to satisfy reference by file (symbol)

C:/ST/STM32CubeIDE_1.13.1/STM32CubeIDE/plugins/com.st.stm32cube.ide.mcu.externaltools.gnu-tools-for-stm32.13.3.rel1.win32_1.0.0.202411081344/tools/bin/../lib/gcc/arm-none-eabi/13.3.1/../../../../arm-none-eabi/lib/thumb/v7e-m+dp/hard\libc_nano.a(libc_a-exit.o)
                              C:/ST/STM32CubeIDE_1.13.1/STM32CubeIDE/plugins/com.st.stm32cube.ide.mcu.externaltools.gnu-tools-for-stm32.13.3.rel1.win32_1.0.0.202411081344/tools/bin/../lib/gcc/arm-none-eabi/13.3.1/../../../../arm-none-eabi/lib/thumb/v7e-m+dp/hard/crt0.o (exit)
C:/ST/STM32CubeIDE_1.13.1/STM32CubeIDE/plugins/com.st.stm32cube.ide.mcu.externaltools.gnu-tools-for-stm32.13.3.rel1.win32_1.0.0.202411081344/tools/bin/../lib/gcc/arm-none-eabi/13.3.1/../../../../arm-none-eabi/lib/thumb/v7e-m+dp/hard\libc_nano.a(libc_a-findfp.o)
                              C:/ST/STM32CubeIDE_1.13.1/STM32CubeIDE/plugins/com.st.stm32cube.ide.mcu.externaltools.gnu-tools-for-stm32.13.3.rel1.win32_1.0.0.202411081344/tools/bin/../lib/gcc/arm-none-eabi/13.3.1/../../../../arm-none-eabi/lib/thumb/v7e-m+dp/hard\libc_nano.a(libc_a-exit.o) (__stdio_exit_handler)
C:/ST/STM32CubeIDE_1.13.1/STM32CubeIDE/plugins/com.st.stm32cube.ide.mcu.externaltools.gnu-tools-for-stm32.13.3.rel1.win32_1.0.0.202411081344/tools/bin/../lib/gcc/arm-none-eabi/13.3.1/../../../../arm-none-eabi/lib/thumb/v7e-m+dp/hard\libc_nano.a(libc_a-fwalk.o)
                              C:/ST/STM32CubeIDE_1.13.1/STM32CubeIDE/plugins/com.st.stm32cube.ide.mcu.externaltools.gnu-tools-for-stm32.13.3.rel1.win32_1.0.0.202411081344/tools/bin/../lib/gcc/arm-none-eabi/13.3.1/../../../../arm-none-eabi/lib/thumb/v7e-m+dp/hard\libc_nano.a(libc_a-findfp.o) (_fwalk_sglue)
C:/ST/STM32CubeIDE_1.13.1/STM32CubeIDE/plugins/com.st.stm32cube.ide.mcu.externaltools.gnu-tools-for-stm32.13.3.rel1.win32_1.0.0.202411081344/tools/bin/../lib/gcc/arm-none-eabi/13.3.1/../../../../arm-none-eabi/lib/thumb/v7e-m+dp/hard\libc_nano.a(libc_a-stdio.o)
                              C:/ST/STM32CubeIDE_1.13.1/STM32CubeIDE/plugins/com.st.stm32cube.ide.mcu.externaltools.gnu-tools-for-stm32.13.3.rel1.win32_1.0.0.202411081344/tools/bin/../lib/gcc/arm-none-eabi/13.3.1/../../../../arm-none-eabi/lib/thumb/v7e-m+dp/hard\libc_nano.a(libc_a-findfp.o) (__sread)
C:/ST/STM32CubeIDE_1.13.1/STM32CubeIDE/plugins/com.st.stm32cube.ide.mcu.externaltools.gnu-tools-for-stm32.13.3.rel1.win32_1.0.0.202411081344/tools/bin/../lib/gcc/arm-none-eabi/13.3.1/../../../../arm-none-eabi/lib/thumb/v7e-m+dp/hard\libc_nano.a(libc_a-vsnprintf.o)
                              ./Core/Src/Misc.o (vsnprintf)
C:/ST/STM32CubeIDE_1.13.1/STM32CubeIDE/plugins/com.st.stm32cube.ide.mcu.externaltools.gnu-tools-for-stm32.13.3.rel1.win32_1.0.0.202411081344/tools/bin/../lib/gcc/arm-none-eabi/13.3.1/../../../../arm-none-eabi/lib/thumb/v7e-m+dp/hard\libc_nano.a(libc_a-memset.o)
                              C:/ST/STM32CubeIDE_1.13.1/STM32CubeIDE/plugins/com.st.stm32cube.ide.mcu.externaltools.gnu-tools-for-stm32.13.3.rel1.win32_1.0.0.202411081344/tools/bin/../lib/gcc/arm-none-eabi/13.3.1/../../../../arm-none-eabi/lib/thumb/v7e-m+dp/hard/crt0.o (memset)
C:/ST/STM32CubeIDE_1.13.1/STM32CubeIDE/plugins/com.st.stm32cube.ide.mcu.externaltools.gnu-tools-for-stm32.13.3.rel1.win32_1.0.0.202411081344/tools/bin/../lib/gcc/arm-none-eabi/13.3.1/../../../../arm-none-eabi/lib/thumb/v7e-m+dp/hard\libc_nano.a(libc_a-closer.o)
                              C:/ST/STM32CubeIDE_1.13.1/STM32CubeIDE/plugins/com.st.stm32cube.ide.mcu.externaltools.gnu-tools-for-stm32.13.3.rel1.win32_1.0.0.202411081344/tools/bin/../lib/gcc/arm-none-eabi/13.3.1/../../../../arm-none-eabi/lib/thumb/v7e-m+dp/hard\libc_nano.a(libc_a-stdio.o) (_close_r)
C:/ST/STM32CubeIDE_1.13.1/STM32CubeIDE/plugins/com.st.stm32cube.ide.mcu.externaltools.gnu-tools-for-stm32.13.3.rel1.win32_1.0.0.202411081344/tools/bin/../lib/gcc/arm-none-eabi/13.3.1/../../../../arm-none-eabi/lib/thumb/v7e-m+dp/hard\libc_nano.a(libc_a-reent.o)
                              C:/ST/STM32CubeIDE_1.13.1/STM32CubeIDE/plugins/com.st.stm32cube.ide.mcu.externaltools.gnu-tools-for-stm32.13.3.rel1.win32_1.0.0.202411081344/tools/bin/../lib/gcc/arm-none-eabi/13.3.1/../../../../arm-none-eabi/lib/thumb/v7e-m+dp/hard\libc_nano.a(libc_a-closer.o) (errno)
C:/ST/STM32CubeIDE_1.13.1/STM32CubeIDE/plugins/com.st.stm32cube.ide.mcu.externaltools.gnu-tools-for-stm32.13.3.rel1.win32_1.0.0.202411081344/tools/bin/../lib/gcc/arm-none-eabi/13.3.1/../../../../arm-none-eabi/lib/thumb/v7e-m+dp/hard\libc_nano.a(libc_a-impure.o)
                              C:/ST/STM32CubeIDE_1.13.1/STM32CubeIDE/plugins/com.st.stm32cube.ide.mcu.externaltools.gnu-tools-for-stm32.13.3.rel1.win32_1.0.0.202411081344/tools/bin/../lib/gcc/arm-none-eabi/13.3.1/../../../../arm-none-eabi/lib/thumb/v7e-m+dp/hard\libc_nano.a(libc_a-vsnprintf.o) (_impure_ptr)
[...]
Memory Configuration

Name             Origin             Length             Attributes
FLASH            0x08000000         0x00200000         xr
DTCMRAM          0x20000000         0x00020000         xrw
RAM_D1           0x24000000         0x00080000         xrw
RAM_D2           0x30000000         0x00048000         xrw
RAM_D3           0x38000000         0x00010000         xrw
ITCMRAM          0x00000000         0x00010000         xrw
*default*        0x00000000         0xffffffff

Linker script and memory map

LOAD C:/ST/STM32CubeIDE_1.13.1/STM32CubeIDE/plugins/com.st.stm32cube.ide.mcu.externaltools.gnu-tools-for-stm32.13.3.rel1.win32_1.0.0.202411081344/tools/bin/../lib/gcc/arm-none-eabi/13.3.1/thumb/v7e-m+dp/hard/crti.o
LOAD C:/ST/STM32CubeIDE_1.13.1/STM32CubeIDE/plugins/com.st.stm32cube.ide.mcu.externaltools.gnu-tools-for-stm32.13.3.rel1.win32_1.0.0.202411081344/tools/bin/../lib/gcc/arm-none-eabi/13.3.1/thumb/v7e-m+dp/hard/crtbegin.o
LOAD C:/ST/STM32CubeIDE_1.13.1/STM32CubeIDE/plugins/com.st.stm32cube.ide.mcu.externaltools.gnu-tools-for-stm32.13.3.rel1.win32_1.0.0.202411081344/tools/bin/../lib/gcc/arm-none-eabi/13.3.1/../../../../arm-none-eabi/lib/thumb/v7e-m+dp/hard/crt0.o
LOAD ./Core/Src/Flash_Global.o
LOAD ./Core/Src/Flash_driver.o
LOAD ./Core/Src/Misc.o
LOAD ./Core/Src/main.o
LOAD ./Core/Src/stm32h7xx_hal_msp.o
LOAD ./Core/Src/stm32h7xx_it.o
LOAD ./Core/Src/syscalls.o
LOAD ./Core/Src/sysmem.o
LOAD ./Core/Src/system_stm32h7xx.o
LOAD ./Core/Startup/startup_stm32h753zitx.o
LOAD ./Drivers/BSP/STM32H7xx_Nucleo/stm32h7xx_nucleo.o
LOAD ./Drivers/STM32H7xx_HAL_Driver/Src/stm32h7xx_hal.o
LOAD ./Drivers/STM32H7xx_HAL_Driver/Src/stm32h7xx_hal_cortex.o
LOAD ./Drivers/STM32H7xx_HAL_Driver/Src/stm32h7xx_hal_dma.o
LOAD ./Drivers/STM32H7xx_HAL_Driver/Src/stm32h7xx_hal_dma_ex.o
LOAD ./Drivers/STM32H7xx_HAL_Driver/Src/stm32h7xx_hal_exti.o
LOAD ./Drivers/STM32H7xx_HAL_Driver/Src/stm32h7xx_hal_fdcan.o
LOAD ./Drivers/STM32H7xx_HAL_Driver/Src/stm32h7xx_hal_flash.o
LOAD ./Drivers/STM32H7xx_HAL_Driver/Src/stm32h7xx_hal_flash_ex.o
LOAD ./Drivers/STM32H7xx_HAL_Driver/Src/stm32h7xx_hal_gpio.o
LOAD ./Drivers/STM32H7xx_HAL_Driver/Src/stm32h7xx_hal_hsem.o
LOAD ./Drivers/STM32H7xx_HAL_Driver/Src/stm32h7xx_hal_i2c.o
LOAD ./Drivers/STM32H7xx_HAL_Driver/Src/stm32h7xx_hal_i2c_ex.o
LOAD ./Drivers/STM32H7xx_HAL_Driver/Src/stm32h7xx_hal_mdma.o
LOAD ./Drivers/STM32H7xx_HAL_Driver/Src/stm32h7xx_hal_pwr.o
LOAD ./Drivers/STM32H7xx_HAL_Driver/Src/stm32h7xx_hal_pwr_ex.o
LOAD ./Drivers/STM32H7xx_HAL_Driver/Src/stm32h7xx_hal_rcc.o
LOAD ./Drivers/STM32H7xx_HAL_Driver/Src/stm32h7xx_hal_rcc_ex.o
LOAD ./Drivers/STM32H7xx_HAL_Driver/Src/stm32h7xx_hal_spi.o
LOAD ./Drivers/STM32H7xx_HAL_Driver/Src/stm32h7xx_hal_spi_ex.o
LOAD ./Drivers/STM32H7xx_HAL_Driver/Src/stm32h7xx_hal_uart.o
LOAD ./Drivers/STM32H7xx_HAL_Driver/Src/stm32h7xx_hal_uart_ex.o
LOAD ./Drivers/STM32H7xx_HAL_Driver/Src/stm32h7xx_hal_usart.o
LOAD ./Drivers/STM32H7xx_HAL_Driver/Src/stm32h7xx_hal_usart_ex.o
START GROUP
LOAD C:/ST/STM32CubeIDE_1.13.1/STM32CubeIDE/plugins/com.st.stm32cube.ide.mcu.externaltools.gnu-tools-for-stm32.13.3.rel1.win32_1.0.0.202411081344/tools/bin/../lib/gcc/arm-none-eabi/13.3.1/../../../../arm-none-eabi/lib/thumb/v7e-m+dp/hard\libc_nano.a
LOAD C:/ST/STM32CubeIDE_1.13.1/STM32CubeIDE/plugins/com.st.stm32cube.ide.mcu.externaltools.gnu-tools-for-stm32.13.3.rel1.win32_1.0.0.202411081344/tools/bin/../lib/gcc/arm-none-eabi/13.3.1/../../../../arm-none-eabi/lib/thumb/v7e-m+dp/hard\libm.a
END GROUP
START GROUP
LOAD C:/ST/STM32CubeIDE_1.13.1/STM32CubeIDE/plugins/com.st.stm32cube.ide.mcu.externaltools.gnu-tools-for-stm32.13.3.rel1.win32_1.0.0.202411081344/tools/bin/../lib/gcc/arm-none-eabi/13.3.1/thumb/v7e-m+dp/hard\libgcc.a
LOAD C:/ST/STM32CubeIDE_1.13.1/STM32CubeIDE/plugins/com.st.stm32cube.ide.mcu.externaltools.gnu-tools-for-stm32.13.3.rel1.win32_1.0.0.202411081344/tools/bin/../lib/gcc/arm-none-eabi/13.3.1/../../../../arm-none-eabi/lib/thumb/v7e-m+dp/hard\libc_nano.a
END GROUP
START GROUP
LOAD C:/ST/STM32CubeIDE_1.13.1/STM32CubeIDE/plugins/com.st.stm32cube.ide.mcu.externaltools.gnu-tools-for-stm32.13.3.rel1.win32_1.0.0.202411081344/tools/bin/../lib/gcc/arm-none-eabi/13.3.1/thumb/v7e-m+dp/hard\libgcc.a
LOAD C:/ST/STM32CubeIDE_1.13.1/STM32CubeIDE/plugins/com.st.stm32cube.ide.mcu.externaltools.gnu-tools-for-stm32.13.3.rel1.win32_1.0.0.202411081344/tools/bin/../lib/gcc/arm-none-eabi/13.3.1/../../../../arm-none-eabi/lib/thumb/v7e-m+dp/hard\libc_nano.a
LOAD C:/ST/STM32CubeIDE_1.13.1/STM32CubeIDE/plugins/com.st.stm32cube.ide.mcu.externaltools.gnu-tools-for-stm32.13.3.rel1.win32_1.0.0.202411081344/tools/bin/../lib/gcc/arm-none-eabi/13.3.1/../../../../arm-none-eabi/lib/thumb/v7e-m+dp/hard\libnosys.a
END GROUP
START GROUP
LOAD C:/ST/STM32CubeIDE_1.13.1/STM32CubeIDE/plugins/com.st.stm32cube.ide.mcu.externaltools.gnu-tools-for-stm32.13.3.rel1.win32_1.0.0.202411081344/tools/bin/../lib/gcc/arm-none-eabi/13.3.1/thumb/v7e-m+dp/hard\libgcc.a
LOAD C:/ST/STM32CubeIDE_1.13.1/STM32CubeIDE/plugins/com.st.stm32cube.ide.mcu.externaltools.gnu-tools-for-stm32.13.3.rel1.win32_1.0.0.202411081344/tools/bin/../lib/gcc/arm-none-eabi/13.3.1/../../../../arm-none-eabi/lib/thumb/v7e-m+dp/hard\libc_nano.a
LOAD C:/ST/STM32CubeIDE_1.13.1/STM32CubeIDE/plugins/com.st.stm32cube.ide.mcu.externaltools.gnu-tools-for-stm32.13.3.rel1.win32_1.0.0.202411081344/tools/bin/../lib/gcc/arm-none-eabi/13.3.1/../../../../arm-none-eabi/lib/thumb/v7e-m+dp/hard\libnosys.a
END GROUP
LOAD C:/ST/STM32CubeIDE_1.13.1/STM32CubeIDE/plugins/com.st.stm32cube.ide.mcu.externaltools.gnu-tools-for-stm32.13.3.rel1.win32_1.0.0.202411081344/tools/bin/../lib/gcc/arm-none-eabi/13.3.1/thumb/v7e-m+dp/hard/crtend.o
LOAD C:/ST/STM32CubeIDE_1.13.1/STM32CubeIDE/plugins/com.st.stm32cube.ide.mcu.externaltools.gnu-tools-for-stm32.13.3.rel1.win32_1.0.0.202411081344/tools/bin/../lib/gcc/arm-none-eabi/13.3.1/thumb/v7e-m+dp/hard/crtn.o
                0x24080000                        _estack = (ORIGIN (RAM_D1) + LENGTH (RAM_D1))
                0x00000200                        _Min_Heap_Size = 0x200
                0x00000400                        _Min_Stack_Size = 0x400

.isr_vector     0x08000000      0x298
                0x08000000                        . = ALIGN (0x4)
 *(.isr_vector)
 .isr_vector    0x08000000      0x298 ./Core/Startup/startup_stm32h753zitx.o
                0x08000000                g_pfnVectors
                0x08000298                        . = ALIGN (0x4)

.text           0x080002a0     0xcf18
                0x080002a0                        . = ALIGN (0x4)
 *(.text)
 .text          0x080002a0       0x40 C:/ST/STM32CubeIDE_1.13.1/STM32CubeIDE/plugins/com.st.stm32cube.ide.mcu.externaltools.gnu-tools-for-stm32.13.3.rel1.win32_1.0.0.202411081344/tools/bin/../lib/gcc/arm-none-eabi/13.3.1/thumb/v7e-m+dp/hard/crtbegin.o
 .text          0x080002e0       0x10 C:/ST/STM32CubeIDE_1.13.1/STM32CubeIDE/plugins/com.st.stm32cube.ide.mcu.externaltools.gnu-tools-for-stm32.13.3.rel1.win32_1.0.0.202411081344/tools/bin/../lib/gcc/arm-none-eabi/13.3.1/../../../../arm-none-eabi/lib/thumb/v7e-m+dp/hard\libc_nano.a(libc_a-strlen.o)
                0x080002e0                strlen
 .text          0x080002f0       0xa0 C:/ST/STM32CubeIDE_1.13.1/STM32CubeIDE/plugins/com.st.stm32cube.ide.mcu.externaltools.gnu-tools-for-stm32.13.3.rel1.win32_1.0.0.202411081344/tools/bin/../lib/gcc/arm-none-eabi/13.3.1/../../../../arm-none-eabi/lib/thumb/v7e-m+dp/hard\libc_nano.a(libc_a-memchr.o)
                0x080002f0                memchr
 .text          0x08000390       0x30 C:/ST/STM32CubeIDE_1.13.1/STM32CubeIDE/plugins/com.st.stm32cube.ide.mcu.externaltools.gnu-tools-for-stm32.13.3.rel1.win32_1.0.0.202411081344/tools/bin/../lib/gcc/arm-none-eabi/13.3.1/thumb/v7e-m+dp/hard\libgcc.a(_aeabi_uldivmod.o)
                0x08000390                __aeabi_uldivmod
 .text          0x080003c0      0x2f8 C:/ST/STM32CubeIDE_1.13.1/STM32CubeIDE/plugins/com.st.stm32cube.ide.mcu.externaltools.gnu-tools-for-stm32.13.3.rel1.win32_1.0.0.202411081344/tools/bin/../lib/gcc/arm-none-eabi/13.3.1/thumb/v7e-m+dp/hard\libgcc.a(_udivmoddi4.o)
                0x080003c0                __udivmoddi4
 .text          0x080006b8        0x4 C:/ST/STM32CubeIDE_1.13.1/STM32CubeIDE/plugins/com.st.stm32cube.ide.mcu.externaltools.gnu-tools-for-stm32.13.3.rel1.win32_1.0.0.202411081344/tools/bin/../lib/gcc/arm-none-eabi/13.3.1/thumb/v7e-m+dp/hard\libgcc.a(_dvmd_tls.o)
                0x080006b8                __aeabi_idiv0
                0x080006b8                __aeabi_ldiv0
 *(.text*)
 .text.Read_Register
                0x080006bc       0x68 ./Core/Src/Flash_Global.o
                0x080006bc                Read_Register
 .text.Write_Data
                0x08000724       0x80 ./Core/Src/Flash_Global.o
                0x08000724                Write_Data
 .text.Write_to_page
                0x080007a4       0x60 ./Core/Src/Flash_Global.o
                0x080007a4                Write_to_page
 .text.Automatic_Block_Managment
                0x08000804       0x3c ./Core/Src/Flash_Global.o
                0x08000804                Automatic_Block_Managment
 .text.Chip_Erase
                0x08000840       0x88 ./Core/Src/Flash_Global.o
                0x08000840                Chip_Erase
 .text.W25N_WaitForReady
                0x080008c8       0x30 ./Core/Src/Flash_driver.o
                0x080008c8                W25N_WaitForReady
 .text.Write_Enable
                0x080008f8       0x3c ./Core/Src/Flash_driver.o
                0x080008f8                Write_Enable
 .text.Flash_Init
                0x08000934       0xa0 ./Core/Src/Flash_driver.o
                0x08000934                Flash_Init
 .text.Read_Status_Register
                0x080009d4       0x64 ./Core/Src/Flash_driver.o
                0x080009d4                Read_Status_Register
 .text.Write_Status_Register
                0x08000a38       0x5c ./Core/Src/Flash_driver.o
                0x08000a38                Write_Status_Register
 .text.Read_ID  0x08000a94       0x60 ./Core/Src/Flash_driver.o
                0x08000a94                Read_ID
 .text.Write_Data_Buffer
                0x08000af4       0x7c ./Core/Src/Flash_driver.o
                0x08000af4                Write_Data_Buffer
 .text.Write_Data_Flash
                0x08000b70       0x68 ./Core/Src/Flash_driver.o
                0x08000b70                Write_Data_Flash
 .text.Select_Page_Read
                0x08000bd8       0x68 ./Core/Src/Flash_driver.o
                0x08000bd8                Select_Page_Read
 .text.Read_Data_Cont
                0x08000c40      0x128 ./Core/Src/Flash_driver.o
                0x08000c40                Read_Data_Cont
 .text.Block_Erase
                0x08000d68       0x6c ./Core/Src/Flash_driver.o
                0x08000d68                Block_Erase
 .text.delay_ns
                0x08000dd4       0x54 ./Core/Src/Misc.o
                0x08000dd4                delay_ns
 .text.USART1_Printf
                0x08000e28       0x4c ./Core/Src/Misc.o
                0x08000e28                USART1_Printf
 .text.CAN_ReceiveMessage
                0x08000e74       0x68 ./Core/Src/main.o
                0x08000e74                CAN_ReceiveMessage
 .text.main     0x08000edc      0x130 ./Core/Src/main.o
                0x08000edc                main
 .text.SystemClock_Config
                0x0800100c       0xf8 ./Core/Src/main.o
                0x0800100c                SystemClock_Config
 .text.MX_FDCAN1_Init
                0x08001104      0x114 ./Core/Src/main.o
 .text.MX_SPI1_Init
                0x08001218       0xac ./Core/Src/main.o
 .text.MX_USART1_UART_Init
                0x080012c4       0x98 ./Core/Src/main.o
 .text.MX_DMA_Init
                0x0800135c       0x50 ./Core/Src/main.o
 .text.MX_GPIO_Init
                0x080013ac      0x12c ./Core/Src/main.o
 .text.HAL_FDCAN_RxFifo0Callback
                0x080014d8       0x16 ./Core/Src/main.o
                0x080014d8                HAL_FDCAN_RxFifo0Callback
 *fill*         0x080014ee        0x2 
 .text.Error_Handler
                0x080014f0       0x14 ./Core/Src/main.o
                0x080014f0                Error_Handler
 .text.HAL_MspInit
                0x08001504       0x34 ./Core/Src/stm32h7xx_hal_msp.o
                0x08001504                HAL_MspInit
 .text.HAL_FDCAN_MspInit
                0x08001538      0x104 ./Core/Src/stm32h7xx_hal_msp.o
                0x08001538                HAL_FDCAN_MspInit
 .text.HAL_SPI_MspInit
                0x0800163c      0x190 ./Core/Src/stm32h7xx_hal_msp.o
                0x0800163c                HAL_SPI_MspInit
 .text.HAL_UART_MspInit
                0x080017cc      0x198 ./Core/Src/stm32h7xx_hal_msp.o
                0x080017cc                HAL_UART_MspInit
 .text.NMI_Handler
                0x08001964        0x8 ./Core/Src/stm32h7xx_it.o
                0x08001964                NMI_Handler
 .text.HardFault_Handler
                0x0800196c        0x8 ./Core/Src/stm32h7xx_it.o
                0x0800196c                HardFault_Handler
 .text.MemManage_Handler
                0x08001974        0x8 ./Core/Src/stm32h7xx_it.o
                0x08001974                MemManage_Handler
 .text.BusFault_Handler
                0x0800197c        0x8 ./Core/Src/stm32h7xx_it.o
                0x0800197c                BusFault_Handler
 .text.UsageFault_Handler
                0x08001984        0x8 ./Core/Src/stm32h7xx_it.o
                0x08001984                UsageFault_Handler
 .text.SVC_Handler
                0x0800198c        0xe ./Core/Src/stm32h7xx_it.o
                0x0800198c                SVC_Handler
 .text.DebugMon_Handler
                0x0800199a        0xe ./Core/Src/stm32h7xx_it.o
                0x0800199a                DebugMon_Handler
 .text.PendSV_Handler
                0x080019a8        0xe ./Core/Src/stm32h7xx_it.o
                0x080019a8                PendSV_Handler
 *fill*         0x080019b6        0x2 
 .text.SysTick_Handler
                0x080019b8       0x58 ./Core/Src/stm32h7xx_it.o
                0x080019b8                SysTick_Handler
 .text.DMA1_Stream0_IRQHandler
                0x08001a10       0x14 ./Core/Src/stm32h7xx_it.o
                0x08001a10                DMA1_Stream0_IRQHandler
 .text.DMA1_Stream1_IRQHandler
                0x08001a24       0x14 ./Core/Src/stm32h7xx_it.o
                0x08001a24                DMA1_Stream1_IRQHandler
 .text.FDCAN1_IT0_IRQHandler
                0x08001a38       0x14 ./Core/Src/stm32h7xx_it.o
                0x08001a38                FDCAN1_IT0_IRQHandler
 .text.SPI1_IRQHandler
                0x08001a4c       0x14 ./Core/Src/stm32h7xx_it.o
                0x08001a4c                SPI1_IRQHandler
 .text.USART1_IRQHandler
                0x08001a60       0x14 ./Core/Src/stm32h7xx_it.o
                0x08001a60                USART1_IRQHandler
 .text.EXTI15_10_IRQHandler
                0x08001a74        0xe ./Core/Src/stm32h7xx_it.o
                0x08001a74                EXTI15_10_IRQHandler
 *fill*         0x08001a82        0x2 
 .text.HAL_UART_RxCpltCallback
                0x08001a84       0xec ./Core/Src/stm32h7xx_it.o
                0x08001a84                HAL_UART_RxCpltCallback
 .text.HAL_UART_ErrorCallback
                0x08001b70       0x5c ./Core/Src/stm32h7xx_it.o
                0x08001b70                HAL_UART_ErrorCallback
 .text.HAL_SPI_TxCpltCallback
                0x08001bcc       0x14 ./Core/Src/stm32h7xx_it.o
                0x08001bcc                HAL_SPI_TxCpltCallback
 .text._sbrk    0x08001be0       0x6c ./Core/Src/sysmem.o
                0x08001be0                _sbrk
 .text.SystemInit
                0x08001c4c      0x140 ./Core/Src/system_stm32h7xx.o
                0x08001c4c                SystemInit
 .text.ExitRun0Mode
                0x08001d8c       0x30 ./Core/Src/system_stm32h7xx.o
                0x08001d8c                ExitRun0Mode
 .text.Reset_Handler
                0x08001dbc       0x54 ./Core/Startup/startup_stm32h753zitx.o
                0x08001dbc                Reset_Handler
 .text.Default_Handler
                0x08001e10        0x2 ./Core/Startup/startup_stm32h753zitx.o
                0x08001e10                RTC_Alarm_IRQHandler
                0x08001e10                HASH_RNG_IRQHandler
                0x08001e10                EXTI2_IRQHandler
                0x08001e10                TIM8_CC_IRQHandler
                0x08001e10                HRTIM1_Master_IRQHandler
                0x08001e10                UART8_IRQHandler
                0x08001e10                SPI4_IRQHandler
                0x08001e10                TIM1_CC_IRQHandler
                0x08001e10                BDMA_Channel6_IRQHandler
                0x08001e10                DMA2_Stream5_IRQHandler
                0x08001e10                HRTIM1_FLT_IRQHandler
                0x08001e10                JPEG_IRQHandler
                0x08001e10                DMA1_Stream5_IRQHandler
                0x08001e10                BDMA_Channel1_IRQHandler
                0x08001e10                HRTIM1_TIMD_IRQHandler
                0x08001e10                TAMP_STAMP_IRQHandler
                0x08001e10                EXTI3_IRQHandler
                0x08001e10                LPTIM4_IRQHandler
                0x08001e10                TIM8_TRG_COM_TIM14_IRQHandler
                0x08001e10                LPTIM2_IRQHandler
                0x08001e10                DFSDM1_FLT1_IRQHandler
                0x08001e10                DMAMUX2_OVR_IRQHandler
                0x08001e10                TIM8_UP_TIM13_IRQHandler
                0x08001e10                I2C3_ER_IRQHandler
                0x08001e10                DFSDM1_FLT2_IRQHandler
                0x08001e10                MDMA_IRQHandler
                0x08001e10                LPTIM3_IRQHandler
                0x08001e10                HSEM1_IRQHandler
                0x08001e10                EXTI0_IRQHandler
                0x08001e10                I2C2_EV_IRQHandler
                0x08001e10                DMA1_Stream2_IRQHandler
                0x08001e10                FPU_IRQHandler
                0x08001e10                OTG_HS_WKUP_IRQHandler
                0x08001e10                FDCAN1_IT1_IRQHandler
                0x08001e10                LTDC_ER_IRQHandler
                0x08001e10                DMA2_Stream2_IRQHandler
                0x08001e10                HRTIM1_TIME_IRQHandler
                0x08001e10                TIM6_DAC_IRQHandler
                0x08001e10                DCMI_IRQHandler
                0x08001e10                HRTIM1_TIMC_IRQHandler
                0x08001e10                DMA2_Stream3_IRQHandler
                0x08001e10                SAI2_IRQHandler
                0x08001e10                DFSDM1_FLT3_IRQHandler
                0x08001e10                USART6_IRQHandler
                0x08001e10                TIM17_IRQHandler
                0x08001e10                USART3_IRQHandler
                0x08001e10                BDMA_Channel7_IRQHandler
                0x08001e10                CRYP_IRQHandler
                0x08001e10                LPTIM5_IRQHandler
                0x08001e10                UART5_IRQHandler
                0x08001e10                ADC3_IRQHandler
                0x08001e10                DMA2_Stream0_IRQHandler
                0x08001e10                TIM4_IRQHandler
                0x08001e10                BDMA_Channel2_IRQHandler
                0x08001e10                QUADSPI_IRQHandler
                0x08001e10                I2C1_EV_IRQHandler
                0x08001e10                DMA1_Stream6_IRQHandler
                0x08001e10                DMAMUX1_OVR_IRQHandler
                0x08001e10                TIM16_IRQHandler
                0x08001e10                UART4_IRQHandler
                0x08001e10                BDMA_Channel5_IRQHandler
                0x08001e10                TIM3_IRQHandler
                0x08001e10                RCC_IRQHandler
                0x08001e10                TIM8_BRK_TIM12_IRQHandler
                0x08001e10                TIM1_TRG_COM_IRQHandler
                0x08001e10                Default_Handler
                0x08001e10                ECC_IRQHandler
                0x08001e10                CEC_IRQHandler
                0x08001e10                BDMA_Channel0_IRQHandler
                0x08001e10                ADC_IRQHandler
                0x08001e10                DMA1_Stream7_IRQHandler
                0x08001e10                HRTIM1_TIMA_IRQHandler
                0x08001e10                SPI5_IRQHandler
                0x08001e10                TIM7_IRQHandler
                0x08001e10                SDMMC1_IRQHandler
                0x08001e10                TIM5_IRQHandler
                0x08001e10                DMA2_Stream7_IRQHandler
                0x08001e10                TIM15_IRQHandler
                0x08001e10                PVD_AVD_IRQHandler
                0x08001e10                I2C3_EV_IRQHandler
                0x08001e10                EXTI9_5_IRQHandler
                0x08001e10                RTC_WKUP_IRQHandler
                0x08001e10                LTDC_IRQHandler
                0x08001e10                SAI3_IRQHandler
                0x08001e10                ETH_WKUP_IRQHandler
                0x08001e10                SPDIF_RX_IRQHandler
                0x08001e10                SPI2_IRQHandler
                0x08001e10                OTG_HS_EP1_IN_IRQHandler
                0x08001e10                CRS_IRQHandler
                0x08001e10                EXTI4_IRQHandler
                0x08001e10                HRTIM1_TIMB_IRQHandler
                0x08001e10                FDCAN2_IT1_IRQHandler
                0x08001e10                ETH_IRQHandler
                0x08001e10                TIM1_UP_IRQHandler
                0x08001e10                BDMA_Channel4_IRQHandler
                0x08001e10                OTG_HS_EP1_OUT_IRQHandler
                0x08001e10                WWDG_IRQHandler
                0x08001e10                SPI6_IRQHandler
                0x08001e10                MDIOS_IRQHandler
                0x08001e10                I2C4_EV_IRQHandler
                0x08001e10                FDCAN2_IT0_IRQHandler
                0x08001e10                LPUART1_IRQHandler
                0x08001e10                TIM2_IRQHandler
                0x08001e10                OTG_FS_WKUP_IRQHandler
                0x08001e10                OTG_HS_IRQHandler
                0x08001e10                DMA2D_IRQHandler
                0x08001e10                TIM1_BRK_IRQHandler
                0x08001e10                EXTI1_IRQHandler
                0x08001e10                SDMMC2_IRQHandler
                0x08001e10                OTG_FS_EP1_OUT_IRQHandler
                0x08001e10                BDMA_Channel3_IRQHandler
                0x08001e10                UART7_IRQHandler
                0x08001e10                MDIOS_WKUP_IRQHandler
                0x08001e10                USART2_IRQHandler
                0x08001e10                DFSDM1_FLT0_IRQHandler
                0x08001e10                SAI4_IRQHandler
                0x08001e10                I2C2_ER_IRQHandler
                0x08001e10                DMA2_Stream1_IRQHandler
                0x08001e10                FLASH_IRQHandler
                0x08001e10                DMA2_Stream4_IRQHandler
                0x08001e10                OTG_FS_IRQHandler
                0x08001e10                SPI3_IRQHandler
                0x08001e10                WAKEUP_PIN_IRQHandler
                0x08001e10                DMA1_Stream4_IRQHandler
                0x08001e10                OTG_FS_EP1_IN_IRQHandler
                0x08001e10                I2C1_ER_IRQHandler
                0x08001e10                FMC_IRQHandler
                0x08001e10                FDCAN_CAL_IRQHandler
                0x08001e10                SWPMI1_IRQHandler
                0x08001e10                COMP1_IRQHandler
                0x08001e10                LPTIM1_IRQHandler
                0x08001e10                I2C4_ER_IRQHandler
                0x08001e10                DMA2_Stream6_IRQHandler
                0x08001e10                SAI1_IRQHandler
                0x08001e10                DMA1_Stream3_IRQHandler
 *fill*         0x08001e12        0x2 
 .text.BSP_LED_Init
                0x08001e14       0xec ./Drivers/BSP/STM32H7xx_Nucleo/stm32h7xx_nucleo.o
                0x08001e14                BSP_LED_Init
 .text.BSP_LED_Toggle
                0x08001f00       0x54 ./Drivers/BSP/STM32H7xx_Nucleo/stm32h7xx_nucleo.o
                0x08001f00                BSP_LED_Toggle
 .text.BSP_PB_Init
                0x08001f54       0xe4 ./Drivers/BSP/STM32H7xx_Nucleo/stm32h7xx_nucleo.o
                0x08001f54                BSP_PB_Init
 .text.BSP_PB_IRQHandler
                0x08002038       0x24 ./Drivers/BSP/STM32H7xx_Nucleo/stm32h7xx_nucleo.o
                0x08002038                BSP_PB_IRQHandler
 .text.BSP_PB_Callback
                0x0800205c       0x16 ./Drivers/BSP/STM32H7xx_Nucleo/stm32h7xx_nucleo.o
                0x0800205c                BSP_PB_Callback
 *fill*         0x08002072        0x2 
 .text.BSP_COM_Init
                0x08002074       0x60 ./Drivers/BSP/STM32H7xx_Nucleo/stm32h7xx_nucleo.o
                0x08002074                BSP_COM_Init
 .text.MX_USART3_Init
                0x080020d4       0x64 ./Drivers/BSP/STM32H7xx_Nucleo/stm32h7xx_nucleo.o
                0x080020d4                MX_USART3_Init
 .text.BUTTON_USER_EXTI_Callback
                0x08002138        0xe ./Drivers/BSP/STM32H7xx_Nucleo/stm32h7xx_nucleo.o
 *fill*         0x08002146        0x2 
 .text.COM1_MspInit
                0x08002148       0xb0 ./Drivers/BSP/STM32H7xx_Nucleo/stm32h7xx_nucleo.o
 .text.HAL_Init
                0x080021f8       0x78 ./Drivers/STM32H7xx_HAL_Driver/Src/stm32h7xx_hal.o
                0x080021f8                HAL_Init
 .text.HAL_InitTick
                0x08002270       0x6c ./Drivers/STM32H7xx_HAL_Driver/Src/stm32h7xx_hal.o
                0x08002270                HAL_InitTick
 .text.HAL_IncTick
                0x080022dc       0x28 ./Drivers/STM32H7xx_HAL_Driver/Src/stm32h7xx_hal.o
                0x080022dc                HAL_IncTick
 .text.HAL_GetTick
                0x08002304       0x18 ./Drivers/STM32H7xx_HAL_Driver/Src/stm32h7xx_hal.o
                0x08002304                HAL_GetTick
 .text.HAL_Delay
                0x0800231c       0x48 ./Drivers/STM32H7xx_HAL_Driver/Src/stm32h7xx_hal.o
                0x0800231c                HAL_Delay
 .text.HAL_GetREVID
                0x08002364       0x18 ./Drivers/STM32H7xx_HAL_Driver/Src/stm32h7xx_hal.o
                0x08002364                HAL_GetREVID
 .text.__NVIC_SetPriorityGrouping
                0x0800237c       0x48 ./Drivers/STM32H7xx_HAL_Driver/Src/stm32h7xx_hal_cortex.o
 .text.__NVIC_GetPriorityGrouping
                0x080023c4       0x1c ./Drivers/STM32H7xx_HAL_Driver/Src/stm32h7xx_hal_cortex.o
 .text.__NVIC_EnableIRQ
                0x080023e0       0x3c ./Drivers/STM32H7xx_HAL_Driver/Src/stm32h7xx_hal_cortex.o
 .text.__NVIC_SetPriority
                0x0800241c       0x54 ./Drivers/STM32H7xx_HAL_Driver/Src/stm32h7xx_hal_cortex.o
 .text.NVIC_EncodePriority
                0x08002470       0x66 ./Drivers/STM32H7xx_HAL_Driver/Src/stm32h7xx_hal_cortex.o
 *fill*         0x080024d6        0x2 
 .text.SysTick_Config
                0x080024d8       0x44 ./Drivers/STM32H7xx_HAL_Driver/Src/stm32h7xx_hal_cortex.o
 .text.HAL_NVIC_SetPriorityGrouping
                0x0800251c       0x16 ./Drivers/STM32H7xx_HAL_Driver/Src/stm32h7xx_hal_cortex.o
                0x0800251c                HAL_NVIC_SetPriorityGrouping
 .text.HAL_NVIC_SetPriority
                0x08002532       0x34 ./Drivers/STM32H7xx_HAL_Driver/Src/stm32h7xx_hal_cortex.o
                0x08002532                HAL_NVIC_SetPriority
 .text.HAL_NVIC_EnableIRQ
                0x08002566       0x1c ./Drivers/STM32H7xx_HAL_Driver/Src/stm32h7xx_hal_cortex.o
                0x08002566                HAL_NVIC_EnableIRQ
 .text.HAL_SYSTICK_Config
                0x08002582       0x18 ./Drivers/STM32H7xx_HAL_Driver/Src/stm32h7xx_hal_cortex.o
                0x08002582                HAL_SYSTICK_Config
 *fill*         0x0800259a        0x2 
 .text.HAL_DMA_Init
                0x0800259c      0x6b8 ./Drivers/STM32H7xx_HAL_Driver/Src/stm32h7xx_hal_dma.o
                0x0800259c                HAL_DMA_Init
 .text.HAL_DMA_Start_IT
                0x08002c54      0x4d4 ./Drivers/STM32H7xx_HAL_Driver/Src/stm32h7xx_hal_dma.o
                0x08002c54                HAL_DMA_Start_IT
 .text.HAL_DMA_Abort
                0x08003128      0x63c ./Drivers/STM32H7xx_HAL_Driver/Src/stm32h7xx_hal_dma.o
                0x08003128                HAL_DMA_Abort
 .text.HAL_DMA_Abort_IT
                0x08003764      0x48c ./Drivers/STM32H7xx_HAL_Driver/Src/stm32h7xx_hal_dma.o
                0x08003764                HAL_DMA_Abort_IT
 .text.HAL_DMA_IRQHandler
                0x08003bf0      0xe54 ./Drivers/STM32H7xx_HAL_Driver/Src/stm32h7xx_hal_dma.o
                0x08003bf0                HAL_DMA_IRQHandler
 .text.HAL_DMA_GetError
                0x08004a44       0x18 ./Drivers/STM32H7xx_HAL_Driver/Src/stm32h7xx_hal_dma.o
                0x08004a44                HAL_DMA_GetError
 .text.DMA_SetConfig
                0x08004a5c      0x358 ./Drivers/STM32H7xx_HAL_Driver/Src/stm32h7xx_hal_dma.o
 .text.DMA_CalcBaseAndBitshift
                0x08004db4      0x164 ./Drivers/STM32H7xx_HAL_Driver/Src/stm32h7xx_hal_dma.o
 .text.DMA_CheckFifoParam
                0x08004f18       0xf8 ./Drivers/STM32H7xx_HAL_Driver/Src/stm32h7xx_hal_dma.o
 .text.DMA_CalcDMAMUXChannelBaseAndMask
                0x08005010      0x134 ./Drivers/STM32H7xx_HAL_Driver/Src/stm32h7xx_hal_dma.o
 .text.DMA_CalcDMAMUXRequestGenBaseAndMask
                0x08005144       0xe8 ./Drivers/STM32H7xx_HAL_Driver/Src/stm32h7xx_hal_dma.o
 .text.HAL_EXTI_RegisterCallback
                0x0800522c       0x3e ./Drivers/STM32H7xx_HAL_Driver/Src/stm32h7xx_hal_exti.o
                0x0800522c                HAL_EXTI_RegisterCallback
 .text.HAL_EXTI_GetHandle
                0x0800526a       0x28 ./Drivers/STM32H7xx_HAL_Driver/Src/stm32h7xx_hal_exti.o
                0x0800526a                HAL_EXTI_GetHandle
 *fill*         0x08005292        0x2 
 .text.HAL_EXTI_IRQHandler
                0x08005294       0x60 ./Drivers/STM32H7xx_HAL_Driver/Src/stm32h7xx_hal_exti.o
                0x08005294                HAL_EXTI_IRQHandler
 .text.HAL_FDCAN_Init
                0x080052f4      0x3bc ./Drivers/STM32H7xx_HAL_Driver/Src/stm32h7xx_hal_fdcan.o
                0x080052f4                HAL_FDCAN_Init
 .text.HAL_FDCAN_Start
                0x080056b0       0x56 ./Drivers/STM32H7xx_HAL_Driver/Src/stm32h7xx_hal_fdcan.o
                0x080056b0                HAL_FDCAN_Start
 *fill*         0x08005706        0x2 
 .text.HAL_FDCAN_GetRxMessage
                0x08005708      0x2d8 ./Drivers/STM32H7xx_HAL_Driver/Src/stm32h7xx_hal_fdcan.o
                0x08005708                HAL_FDCAN_GetRxMessage
 .text.HAL_FDCAN_ActivateNotification
                0x080059e0       0xf4 ./Drivers/STM32H7xx_HAL_Driver/Src/stm32h7xx_hal_fdcan.o
                0x080059e0                HAL_FDCAN_ActivateNotification
 .text.HAL_FDCAN_IRQHandler
                0x08005ad4      0x4bc ./Drivers/STM32H7xx_HAL_Driver/Src/stm32h7xx_hal_fdcan.o
                0x08005ad4                HAL_FDCAN_IRQHandler
 .text.HAL_FDCAN_ClockCalibrationCallback
                0x08005f90       0x16 ./Drivers/STM32H7xx_HAL_Driver/Src/stm32h7xx_hal_fdcan.o
                0x08005f90                HAL_FDCAN_ClockCalibrationCallback
 .text.HAL_FDCAN_TxEventFifoCallback
                0x08005fa6       0x16 ./Drivers/STM32H7xx_HAL_Driver/Src/stm32h7xx_hal_fdcan.o
                0x08005fa6                HAL_FDCAN_TxEventFifoCallback
 .text.HAL_FDCAN_RxFifo1Callback
                0x08005fbc       0x16 ./Drivers/STM32H7xx_HAL_Driver/Src/stm32h7xx_hal_fdcan.o
                0x08005fbc                HAL_FDCAN_RxFifo1Callback
 .text.HAL_FDCAN_TxFifoEmptyCallback
                0x08005fd2       0x14 ./Drivers/STM32H7xx_HAL_Driver/Src/stm32h7xx_hal_fdcan.o
                0x08005fd2                HAL_FDCAN_TxFifoEmptyCallback
 .text.HAL_FDCAN_TxBufferCompleteCallback
                0x08005fe6       0x16 ./Drivers/STM32H7xx_HAL_Driver/Src/stm32h7xx_hal_fdcan.o
                0x08005fe6                HAL_FDCAN_TxBufferCompleteCallback
 .text.HAL_FDCAN_TxBufferAbortCallback
                0x08005ffc       0x16 ./Drivers/STM32H7xx_HAL_Driver/Src/stm32h7xx_hal_fdcan.o
                0x08005ffc                HAL_FDCAN_TxBufferAbortCallback
 .text.HAL_FDCAN_RxBufferNewMessageCallback
                0x08006012       0x14 ./Drivers/STM32H7xx_HAL_Driver/Src/stm32h7xx_hal_fdcan.o
                0x08006012                HAL_FDCAN_RxBufferNewMessageCallback
 .text.HAL_FDCAN_TimestampWraparoundCallback
                0x08006026       0x14 ./Drivers/STM32H7xx_HAL_Driver/Src/stm32h7xx_hal_fdcan.o
                0x08006026                HAL_FDCAN_TimestampWraparoundCallback
 .text.HAL_FDCAN_TimeoutOccurredCallback
                0x0800603a       0x14 ./Drivers/STM32H7xx_HAL_Driver/Src/stm32h7xx_hal_fdcan.o
                0x0800603a                HAL_FDCAN_TimeoutOccurredCallback
 .text.HAL_FDCAN_HighPriorityMessageCallback
                0x0800604e       0x14 ./Drivers/STM32H7xx_HAL_Driver/Src/stm32h7xx_hal_fdcan.o
                0x0800604e                HAL_FDCAN_HighPriorityMessageCallback
 .text.HAL_FDCAN_ErrorCallback
                0x08006062       0x14 ./Drivers/STM32H7xx_HAL_Driver/Src/stm32h7xx_hal_fdcan.o
                0x08006062                HAL_FDCAN_ErrorCallback
 .text.HAL_FDCAN_ErrorStatusCallback
                0x08006076       0x16 ./Drivers/STM32H7xx_HAL_Driver/Src/stm32h7xx_hal_fdcan.o
                0x08006076                HAL_FDCAN_ErrorStatusCallback
 .text.HAL_FDCAN_TT_ScheduleSyncCallback
                0x0800608c       0x16 ./Drivers/STM32H7xx_HAL_Driver/Src/stm32h7xx_hal_fdcan.o
                0x0800608c                HAL_FDCAN_TT_ScheduleSyncCallback
 .text.HAL_FDCAN_TT_TimeMarkCallback
                0x080060a2       0x16 ./Drivers/STM32H7xx_HAL_Driver/Src/stm32h7xx_hal_fdcan.o
                0x080060a2                HAL_FDCAN_TT_TimeMarkCallback
 .text.HAL_FDCAN_TT_StopWatchCallback
                0x080060b8       0x18 ./Drivers/STM32H7xx_HAL_Driver/Src/stm32h7xx_hal_fdcan.o
                0x080060b8                HAL_FDCAN_TT_StopWatchCallback
 .text.HAL_FDCAN_TT_GlobalTimeCallback
                0x080060d0       0x16 ./Drivers/STM32H7xx_HAL_Driver/Src/stm32h7xx_hal_fdcan.o
                0x080060d0                HAL_FDCAN_TT_GlobalTimeCallback
 *fill*         0x080060e6        0x2 
 .text.FDCAN_CalcultateRamBlockAddresses
                0x080060e8      0x30c ./Drivers/STM32H7xx_HAL_Driver/Src/stm32h7xx_hal_fdcan.o
 .text.HAL_GPIO_Init
                0x080063f4      0x360 ./Drivers/STM32H7xx_HAL_Driver/Src/stm32h7xx_hal_gpio.o
                0x080063f4                HAL_GPIO_Init
 .text.HAL_GPIO_WritePin
                0x08006754       0x32 ./Drivers/STM32H7xx_HAL_Driver/Src/stm32h7xx_hal_gpio.o
                0x08006754                HAL_GPIO_WritePin
 .text.HAL_GPIO_TogglePin
                0x08006786       0x34 ./Drivers/STM32H7xx_HAL_Driver/Src/stm32h7xx_hal_gpio.o
                0x08006786                HAL_GPIO_TogglePin
 *fill*         0x080067ba        0x2 
 .text.HAL_PWREx_ConfigSupply
                0x080067bc       0x74 ./Drivers/STM32H7xx_HAL_Driver/Src/stm32h7xx_hal_pwr_ex.o
                0x080067bc                HAL_PWREx_ConfigSupply
 .text.HAL_RCC_OscConfig
                0x08006830      0x8b4 ./Drivers/STM32H7xx_HAL_Driver/Src/stm32h7xx_hal_rcc.o
                0x08006830                HAL_RCC_OscConfig
 .text.HAL_RCC_ClockConfig
                0x080070e4      0x36c ./Drivers/STM32H7xx_HAL_Driver/Src/stm32h7xx_hal_rcc.o
                0x080070e4                HAL_RCC_ClockConfig
 .text.HAL_RCC_GetSysClockFreq
                0x08007450      0x2f4 ./Drivers/STM32H7xx_HAL_Driver/Src/stm32h7xx_hal_rcc.o
                0x08007450                HAL_RCC_GetSysClockFreq
 .text.HAL_RCC_GetHCLKFreq
                0x08007744       0x60 ./Drivers/STM32H7xx_HAL_Driver/Src/stm32h7xx_hal_rcc.o
                0x08007744                HAL_RCC_GetHCLKFreq
 .text.HAL_RCC_GetPCLK1Freq
                0x080077a4       0x2c ./Drivers/STM32H7xx_HAL_Driver/Src/stm32h7xx_hal_rcc.o
                0x080077a4                HAL_RCC_GetPCLK1Freq
 .text.HAL_RCC_GetPCLK2Freq
                0x080077d0       0x2c ./Drivers/STM32H7xx_HAL_Driver/Src/stm32h7xx_hal_rcc.o
                0x080077d0                HAL_RCC_GetPCLK2Freq
 .text.HAL_RCCEx_PeriphCLKConfig
                0x080077fc     0x1414 ./Drivers/STM32H7xx_HAL_Driver/Src/stm32h7xx_hal_rcc_ex.o
                0x080077fc                HAL_RCCEx_PeriphCLKConfig
 .text.HAL_RCCEx_GetD3PCLK1Freq
                0x08008c10       0x2c ./Drivers/STM32H7xx_HAL_Driver/Src/stm32h7xx_hal_rcc_ex.o
                0x08008c10                HAL_RCCEx_GetD3PCLK1Freq
 .text.HAL_RCCEx_GetPLL2ClockFreq
                0x08008c3c      0x2a8 ./Drivers/STM32H7xx_HAL_Driver/Src/stm32h7xx_hal_rcc_ex.o
                0x08008c3c                HAL_RCCEx_GetPLL2ClockFreq
 .text.HAL_RCCEx_GetPLL3ClockFreq
                0x08008ee4      0x2a8 ./Drivers/STM32H7xx_HAL_Driver/Src/stm32h7xx_hal_rcc_ex.o
                0x08008ee4                HAL_RCCEx_GetPLL3ClockFreq
 .text.RCCEx_PLL2_Config
                0x0800918c      0x164 ./Drivers/STM32H7xx_HAL_Driver/Src/stm32h7xx_hal_rcc_ex.o
 .text.RCCEx_PLL3_Config
                0x080092f0      0x164 ./Drivers/STM32H7xx_HAL_Driver/Src/stm32h7xx_hal_rcc_ex.o
 .text.HAL_SPI_Init
                0x08009454      0x248 ./Drivers/STM32H7xx_HAL_Driver/Src/stm32h7xx_hal_spi.o
                0x08009454                HAL_SPI_Init
 .text.HAL_SPI_Transmit
                0x0800969c      0x3dc ./Drivers/STM32H7xx_HAL_Driver/Src/stm32h7xx_hal_spi.o
                0x0800969c                HAL_SPI_Transmit
 .text.HAL_SPI_Receive
                0x08009a78      0x4e4 ./Drivers/STM32H7xx_HAL_Driver/Src/stm32h7xx_hal_spi.o
                0x08009a78                HAL_SPI_Receive
 .text.HAL_SPI_IRQHandler
                0x08009f5c      0x39c ./Drivers/STM32H7xx_HAL_Driver/Src/stm32h7xx_hal_spi.o
                0x08009f5c                HAL_SPI_IRQHandler
 .text.HAL_SPI_RxCpltCallback
                0x0800a2f8       0x14 ./Drivers/STM32H7xx_HAL_Driver/Src/stm32h7xx_hal_spi.o
                0x0800a2f8                HAL_SPI_RxCpltCallback
 .text.HAL_SPI_TxRxCpltCallback
                0x0800a30c       0x14 ./Drivers/STM32H7xx_HAL_Driver/Src/stm32h7xx_hal_spi.o
                0x0800a30c                HAL_SPI_TxRxCpltCallback
 .text.HAL_SPI_ErrorCallback
                0x0800a320       0x14 ./Drivers/STM32H7xx_HAL_Driver/Src/stm32h7xx_hal_spi.o
                0x0800a320                HAL_SPI_ErrorCallback
 .text.HAL_SPI_SuspendCallback
                0x0800a334       0x14 ./Drivers/STM32H7xx_HAL_Driver/Src/stm32h7xx_hal_spi.o
                0x0800a334                HAL_SPI_SuspendCallback
 .text.SPI_DMAAbortOnError
                0x0800a348       0x34 ./Drivers/STM32H7xx_HAL_Driver/Src/stm32h7xx_hal_spi.o
 .text.SPI_CloseTransfer
                0x0800a37c      0x140 ./Drivers/STM32H7xx_HAL_Driver/Src/stm32h7xx_hal_spi.o
 .text.SPI_WaitOnFlagUntilTimeout
                0x0800a4bc       0x5c ./Drivers/STM32H7xx_HAL_Driver/Src/stm32h7xx_hal_spi.o
 .text.SPI_GetPacketSize
                0x0800a518       0x36 ./Drivers/STM32H7xx_HAL_Driver/Src/stm32h7xx_hal_spi.o
 .text.HAL_UART_Init
                0x0800a54e       0xa0 ./Drivers/STM32H7xx_HAL_Driver/Src/stm32h7xx_hal_uart.o
                0x0800a54e                HAL_UART_Init
 .text.HAL_UART_Transmit
                0x0800a5ee      0x11c ./Drivers/STM32H7xx_HAL_Driver/Src/stm32h7xx_hal_uart.o
                0x0800a5ee                HAL_UART_Transmit
 .text.HAL_UART_Receive
                0x0800a70a      0x190 ./Drivers/STM32H7xx_HAL_Driver/Src/stm32h7xx_hal_uart.o
                0x0800a70a                HAL_UART_Receive
 *fill*         0x0800a89a        0x2 
 .text.HAL_UART_Receive_DMA
                0x0800a89c       0x98 ./Drivers/STM32H7xx_HAL_Driver/Src/stm32h7xx_hal_uart.o
                0x0800a89c                HAL_UART_Receive_DMA
 .text.HAL_UART_AbortReceive
                0x0800a934      0x16c ./Drivers/STM32H7xx_HAL_Driver/Src/stm32h7xx_hal_uart.o
                0x0800a934                HAL_UART_AbortReceive
 .text.HAL_UART_IRQHandler
                0x0800aaa0      0x7ac ./Drivers/STM32H7xx_HAL_Driver/Src/stm32h7xx_hal_uart.o
                0x0800aaa0                HAL_UART_IRQHandler
 .text.HAL_UART_TxCpltCallback
                0x0800b24c       0x14 ./Drivers/STM32H7xx_HAL_Driver/Src/stm32h7xx_hal_uart.o
                0x0800b24c                HAL_UART_TxCpltCallback
 .text.HAL_UART_RxHalfCpltCallback
                0x0800b260       0x14 ./Drivers/STM32H7xx_HAL_Driver/Src/stm32h7xx_hal_uart.o
                0x0800b260                HAL_UART_RxHalfCpltCallback
 .text.HAL_UARTEx_RxEventCallback
                0x0800b274       0x18 ./Drivers/STM32H7xx_HAL_Driver/Src/stm32h7xx_hal_uart.o
                0x0800b274                HAL_UARTEx_RxEventCallback
 .text.HAL_UART_GetError
                0x0800b28c       0x1a ./Drivers/STM32H7xx_HAL_Driver/Src/stm32h7xx_hal_uart.o
                0x0800b28c                HAL_UART_GetError
 *fill*         0x0800b2a6        0x2 
 .text.UART_SetConfig
                0x0800b2a8      0xad0 ./Drivers/STM32H7xx_HAL_Driver/Src/stm32h7xx_hal_uart.o
                0x0800b2a8                UART_SetConfig
 .text.UART_AdvFeatureConfig
                0x0800bd78      0x144 ./Drivers/STM32H7xx_HAL_Driver/Src/stm32h7xx_hal_uart.o
                0x0800bd78                UART_AdvFeatureConfig
 .text.UART_CheckIdleState
                0x0800bebc      0x154 ./Drivers/STM32H7xx_HAL_Driver/Src/stm32h7xx_hal_uart.o
                0x0800bebc                UART_CheckIdleState
 .text.UART_WaitOnFlagUntilTimeout
                0x0800c010       0xda ./Drivers/STM32H7xx_HAL_Driver/Src/stm32h7xx_hal_uart.o
                0x0800c010                UART_WaitOnFlagUntilTimeout
 *fill*         0x0800c0ea        0x2 
 .text.UART_Start_Receive_DMA
                0x0800c0ec      0x14c ./Drivers/STM32H7xx_HAL_Driver/Src/stm32h7xx_hal_uart.o
                0x0800c0ec                UART_Start_Receive_DMA
 .text.UART_EndTxTransfer
                0x0800c238       0x82 ./Drivers/STM32H7xx_HAL_Driver/Src/stm32h7xx_hal_uart.o
 *fill*         0x0800c2ba        0x2 
 .text.UART_EndRxTransfer
                0x0800c2bc       0xcc ./Drivers/STM32H7xx_HAL_Driver/Src/stm32h7xx_hal_uart.o
 .text.UART_DMAReceiveCplt
                0x0800c388      0x128 ./Drivers/STM32H7xx_HAL_Driver/Src/stm32h7xx_hal_uart.o
 .text.UART_DMARxHalfCplt
                0x0800c4b0       0x3e ./Drivers/STM32H7xx_HAL_Driver/Src/stm32h7xx_hal_uart.o
 .text.UART_DMAError
                0x0800c4ee       0x80 ./Drivers/STM32H7xx_HAL_Driver/Src/stm32h7xx_hal_uart.o
 .text.UART_DMAAbortOnError
                0x0800c56e       0x24 ./Drivers/STM32H7xx_HAL_Driver/Src/stm32h7xx_hal_uart.o
 .text.UART_EndTransmit_IT
                0x0800c592       0x56 ./Drivers/STM32H7xx_HAL_Driver/Src/stm32h7xx_hal_uart.o
 .text.HAL_UARTEx_WakeupCallback
                0x0800c5e8       0x14 ./Drivers/STM32H7xx_HAL_Driver/Src/stm32h7xx_hal_uart_ex.o
                0x0800c5e8                HAL_UARTEx_WakeupCallback
 .text.HAL_UARTEx_RxFifoFullCallback
                0x0800c5fc       0x14 ./Drivers/STM32H7xx_HAL_Driver/Src/stm32h7xx_hal_uart_ex.o
                0x0800c5fc                HAL_UARTEx_RxFifoFullCallback
 .text.HAL_UARTEx_TxFifoEmptyCallback
                0x0800c610       0x14 ./Drivers/STM32H7xx_HAL_Driver/Src/stm32h7xx_hal_uart_ex.o
                0x0800c610                HAL_UARTEx_TxFifoEmptyCallback
 .text.HAL_UARTEx_DisableFifoMode
                0x0800c624       0x72 ./Drivers/STM32H7xx_HAL_Driver/Src/stm32h7xx_hal_uart_ex.o
                0x0800c624                HAL_UARTEx_DisableFifoMode
 .text.HAL_UARTEx_SetTxFifoThreshold
                0x0800c696       0x7c ./Drivers/STM32H7xx_HAL_Driver/Src/stm32h7xx_hal_uart_ex.o
                0x0800c696                HAL_UARTEx_SetTxFifoThreshold
 .text.HAL_UARTEx_SetRxFifoThreshold
                0x0800c712       0x7c ./Drivers/STM32H7xx_HAL_Driver/Src/stm32h7xx_hal_uart_ex.o
                0x0800c712                HAL_UARTEx_SetRxFifoThreshold
 *fill*         0x0800c78e        0x2 
 .text.UARTEx_SetNbDataToProcess
                0x0800c790       0x9c ./Drivers/STM32H7xx_HAL_Driver/Src/stm32h7xx_hal_uart_ex.o
 .text._vsnprintf_r
                0x0800c82c       0x5c C:/ST/STM32CubeIDE_1.13.1/STM32CubeIDE/plugins/com.st.stm32cube.ide.mcu.externaltools.gnu-tools-for-stm32.13.3.rel1.win32_1.0.0.202411081344/tools/bin/../lib/gcc/arm-none-eabi/13.3.1/../../../../arm-none-eabi/lib/thumb/v7e-m+dp/hard\libc_nano.a(libc_a-vsnprintf.o)
                0x0800c82c                _vsniprintf_r
                0x0800c82c                _vsnprintf_r
 .text.vsnprintf
                0x0800c888       0x1c C:/ST/STM32CubeIDE_1.13.1/STM32CubeIDE/plugins/com.st.stm32cube.ide.mcu.externaltools.gnu-tools-for-stm32.13.3.rel1.win32_1.0.0.202411081344/tools/bin/../lib/gcc/arm-none-eabi/13.3.1/../../../../arm-none-eabi/lib/thumb/v7e-m+dp/hard\libc_nano.a(libc_a-vsnprintf.o)
                0x0800c888                vsniprintf
                0x0800c888                vsnprintf
 .text.memset   0x0800c8a4       0x10 C:/ST/STM32CubeIDE_1.13.1/STM32CubeIDE/plugins/com.st.stm32cube.ide.mcu.externaltools.gnu-tools-for-stm32.13.3.rel1.win32_1.0.0.202411081344/tools/bin/../lib/gcc/arm-none-eabi/13.3.1/../../../../arm-none-eabi/lib/thumb/v7e-m+dp/hard\libc_nano.a(libc_a-memset.o)
                0x0800c8a4                memset
 .text.__errno  0x0800c8b4        0xc C:/ST/STM32CubeIDE_1.13.1/STM32CubeIDE/plugins/com.st.stm32cube.ide.mcu.externaltools.gnu-tools-for-stm32.13.3.rel1.win32_1.0.0.202411081344/tools/bin/../lib/gcc/arm-none-eabi/13.3.1/../../../../arm-none-eabi/lib/thumb/v7e-m+dp/hard\libc_nano.a(libc_a-errno.o)
                0x0800c8b4                __errno
 .text.__libc_init_array
                0x0800c8c0       0x48 C:/ST/STM32CubeIDE_1.13.1/STM32CubeIDE/plugins/com.st.stm32cube.ide.mcu.externaltools.gnu-tools-for-stm32.13.3.rel1.win32_1.0.0.202411081344/tools/bin/../lib/gcc/arm-none-eabi/13.3.1/../../../../arm-none-eabi/lib/thumb/v7e-m+dp/hard\libc_nano.a(libc_a-init.o)
                0x0800c8c0                __libc_init_array
 .text.__retarget_lock_acquire_recursive
                0x0800c908        0x2 C:/ST/STM32CubeIDE_1.13.1/STM32CubeIDE/plugins/com.st.stm32cube.ide.mcu.externaltools.gnu-tools-for-stm32.13.3.rel1.win32_1.0.0.202411081344/tools/bin/../lib/gcc/arm-none-eabi/13.3.1/../../../../arm-none-eabi/lib/thumb/v7e-m+dp/hard\libc_nano.a(libc_a-lock.o)
                0x0800c908                __retarget_lock_acquire_recursive
 .text.__retarget_lock_release_recursive
                0x0800c90a        0x2 C:/ST/STM32CubeIDE_1.13.1/STM32CubeIDE/plugins/com.st.stm32cube.ide.mcu.externaltools.gnu-tools-for-stm32.13.3.rel1.win32_1.0.0.202411081344/tools/bin/../lib/gcc/arm-none-eabi/13.3.1/../../../../arm-none-eabi/lib/thumb/v7e-m+dp/hard\libc_nano.a(libc_a-lock.o)
                0x0800c90a                __retarget_lock_release_recursive
 .text.memcpy   0x0800c90c       0x1c C:/ST/STM32CubeIDE_1.13.1/STM32CubeIDE/plugins/com.st.stm32cube.ide.mcu.externaltools.gnu-tools-for-stm32.13.3.rel1.win32_1.0.0.202411081344/tools/bin/../lib/gcc/arm-none-eabi/13.3.1/../../../../arm-none-eabi/lib/thumb/v7e-m+dp/hard\libc_nano.a(libc_a-memcpy-stub.o)
                0x0800c90c                memcpy
 .text._free_r  0x0800c928       0x94 C:/ST/STM32CubeIDE_1.13.1/STM32CubeIDE/plugins/com.st.stm32cube.ide.mcu.externaltools.gnu-tools-for-stm32.13.3.rel1.win32_1.0.0.202411081344/tools/bin/../lib/gcc/arm-none-eabi/13.3.1/../../../../arm-none-eabi/lib/thumb/v7e-m+dp/hard\libc_nano.a(libc_a-freer.o)
                0x0800c928                _free_r
 .text.sbrk_aligned
                0x0800c9bc       0x44 C:/ST/STM32CubeIDE_1.13.1/STM32CubeIDE/plugins/com.st.stm32cube.ide.mcu.externaltools.gnu-tools-for-stm32.13.3.rel1.win32_1.0.0.202411081344/tools/bin/../lib/gcc/arm-none-eabi/13.3.1/../../../../arm-none-eabi/lib/thumb/v7e-m+dp/hard\libc_nano.a(libc_a-mallocr.o)
 .text._malloc_r
                0x0800ca00      0x100 C:/ST/STM32CubeIDE_1.13.1/STM32CubeIDE/plugins/com.st.stm32cube.ide.mcu.externaltools.gnu-tools-for-stm32.13.3.rel1.win32_1.0.0.202411081344/tools/bin/../lib/gcc/arm-none-eabi/13.3.1/../../../../arm-none-eabi/lib/thumb/v7e-m+dp/hard\libc_nano.a(libc_a-mallocr.o)
                0x0800ca00                _malloc_r
 .text.__malloc_lock
                0x0800cb00        0xc C:/ST/STM32CubeIDE_1.13.1/STM32CubeIDE/plugins/com.st.stm32cube.ide.mcu.externaltools.gnu-tools-for-stm32.13.3.rel1.win32_1.0.0.202411081344/tools/bin/../lib/gcc/arm-none-eabi/13.3.1/../../../../arm-none-eabi/lib/thumb/v7e-m+dp/hard\libc_nano.a(libc_a-mlock.o)
                0x0800cb00                __malloc_lock
 .text.__malloc_unlock
                0x0800cb0c        0xc C:/ST/STM32CubeIDE_1.13.1/STM32CubeIDE/plugins/com.st.stm32cube.ide.mcu.externaltools.gnu-tools-for-stm32.13.3.rel1.win32_1.0.0.202411081344/tools/bin/../lib/gcc/arm-none-eabi/13.3.1/../../../../arm-none-eabi/lib/thumb/v7e-m+dp/hard\libc_nano.a(libc_a-mlock.o)
                0x0800cb0c                __malloc_unlock
 .text.__ssputs_r
                0x0800cb18       0xb6 C:/ST/STM32CubeIDE_1.13.1/STM32CubeIDE/plugins/com.st.stm32cube.ide.mcu.externaltools.gnu-tools-for-stm32.13.3.rel1.win32_1.0.0.202411081344/tools/bin/../lib/gcc/arm-none-eabi/13.3.1/../../../../arm-none-eabi/lib/thumb/v7e-m+dp/hard\libc_nano.a(libc_a-nano-svfprintf.o)
                0x0800cb18                __ssputs_r
 *fill*         0x0800cbce        0x2 
 .text._svfprintf_r
                0x0800cbd0      0x1f8 C:/ST/STM32CubeIDE_1.13.1/STM32CubeIDE/plugins/com.st.stm32cube.ide.mcu.externaltools.gnu-tools-for-stm32.13.3.rel1.win32_1.0.0.202411081344/tools/bin/../lib/gcc/arm-none-eabi/13.3.1/../../../../arm-none-eabi/lib/thumb/v7e-m+dp/hard\libc_nano.a(libc_a-nano-svfprintf.o)
                0x0800cbd0                _svfiprintf_r
                0x0800cbd0                _svfprintf_r
 .text._printf_common
                0x0800cdc8       0xda C:/ST/STM32CubeIDE_1.13.1/STM32CubeIDE/plugins/com.st.stm32cube.ide.mcu.externaltools.gnu-tools-for-stm32.13.3.rel1.win32_1.0.0.202411081344/tools/bin/../lib/gcc/arm-none-eabi/13.3.1/../../../../arm-none-eabi/lib/thumb/v7e-m+dp/hard\libc_nano.a(libc_a-nano-vfprintf_i.o)
                0x0800cdc8                _printf_common
 *fill*         0x0800cea2        0x2 
 .text._printf_i
                0x0800cea4      0x23c C:/ST/STM32CubeIDE_1.13.1/STM32CubeIDE/plugins/com.st.stm32cube.ide.mcu.externaltools.gnu-tools-for-stm32.13.3.rel1.win32_1.0.0.202411081344/tools/bin/../lib/gcc/arm-none-eabi/13.3.1/../../../../arm-none-eabi/lib/thumb/v7e-m+dp/hard\libc_nano.a(libc_a-nano-vfprintf_i.o)
                0x0800cea4                _printf_i
 .text.memmove  0x0800d0e0       0x34 C:/ST/STM32CubeIDE_1.13.1/STM32CubeIDE/plugins/com.st.stm32cube.ide.mcu.externaltools.gnu-tools-for-stm32.13.3.rel1.win32_1.0.0.202411081344/tools/bin/../lib/gcc/arm-none-eabi/13.3.1/../../../../arm-none-eabi/lib/thumb/v7e-m+dp/hard\libc_nano.a(libc_a-memmove.o)
                0x0800d0e0                memmove
 .text._sbrk_r  0x0800d114       0x20 C:/ST/STM32CubeIDE_1.13.1/STM32CubeIDE/plugins/com.st.stm32cube.ide.mcu.externaltools.gnu-tools-for-stm32.13.3.rel1.win32_1.0.0.202411081344/tools/bin/../lib/gcc/arm-none-eabi/13.3.1/../../../../arm-none-eabi/lib/thumb/v7e-m+dp/hard\libc_nano.a(libc_a-sbrkr.o)
                0x0800d114                _sbrk_r
 .text._realloc_r
                0x0800d134       0x5c C:/ST/STM32CubeIDE_1.13.1/STM32CubeIDE/plugins/com.st.stm32cube.ide.mcu.externaltools.gnu-tools-for-stm32.13.3.rel1.win32_1.0.0.202411081344/tools/bin/../lib/gcc/arm-none-eabi/13.3.1/../../../../arm-none-eabi/lib/thumb/v7e-m+dp/hard\libc_nano.a(libc_a-reallocr.o)
                0x0800d134                _realloc_r
 .text._malloc_usable_size_r
                0x0800d190       0x10 C:/ST/STM32CubeIDE_1.13.1/STM32CubeIDE/plugins/com.st.stm32cube.ide.mcu.externaltools.gnu-tools-for-stm32.13.3.rel1.win32_1.0.0.202411081344/tools/bin/../lib/gcc/arm-none-eabi/13.3.1/../../../../arm-none-eabi/lib/thumb/v7e-m+dp/hard\libc_nano.a(libc_a-msizer.o)
                0x0800d190                _malloc_usable_size_r
 *(.glue_7)
 .glue_7        0x0800d1a0        0x0 linker stubs
 *(.glue_7t)
 .glue_7t       0x0800d1a0        0x0 linker stubs
 *(.eh_frame)
 .eh_frame      0x0800d1a0        0x0 C:/ST/STM32CubeIDE_1.13.1/STM32CubeIDE/plugins/com.st.stm32cube.ide.mcu.externaltools.gnu-tools-for-stm32.13.3.rel1.win32_1.0.0.202411081344/tools/bin/../lib/gcc/arm-none-eabi/13.3.1/thumb/v7e-m+dp/hard/crtbegin.o
 *(.init)
 .init          0x0800d1a0        0x4 C:/ST/STM32CubeIDE_1.13.1/STM32CubeIDE/plugins/com.st.stm32cube.ide.mcu.externaltools.gnu-tools-for-stm32.13.3.rel1.win32_1.0.0.202411081344/tools/bin/../lib/gcc/arm-none-eabi/13.3.1/thumb/v7e-m+dp/hard/crti.o
                0x0800d1a0                _init
 .init          0x0800d1a4        0x8 C:/ST/STM32CubeIDE_1.13.1/STM32CubeIDE/plugins/com.st.stm32cube.ide.mcu.externaltools.gnu-tools-for-stm32.13.3.rel1.win32_1.0.0.202411081344/tools/bin/../lib/gcc/arm-none-eabi/13.3.1/thumb/v7e-m+dp/hard/crtn.o
 *(.fini)
 .fini          0x0800d1ac        0x4 C:/ST/STM32CubeIDE_1.13.1/STM32CubeIDE/plugins/com.st.stm32cube.ide.mcu.externaltools.gnu-tools-for-stm32.13.3.rel1.win32_1.0.0.202411081344/tools/bin/../lib/gcc/arm-none-eabi/13.3.1/thumb/v7e-m+dp/hard/crti.o
                0x0800d1ac                _fini
 .fini          0x0800d1b0        0x8 C:/ST/STM32CubeIDE_1.13.1/STM32CubeIDE/plugins/com.st.stm32cube.ide.mcu.externaltools.gnu-tools-for-stm32.13.3.rel1.win32_1.0.0.202411081344/tools/bin/../lib/gcc/arm-none-eabi/13.3.1/thumb/v7e-m+dp/hard/crtn.o
                0x0800d1b8                        . = ALIGN (0x4)
                0x0800d1b8                        _etext = .

.vfp11_veneer   0x0800d1b8        0x0
 .vfp11_veneer  0x0800d1b8        0x0 linker stubs

.v4_bx          0x0800d1b8        0x0
 .v4_bx         0x0800d1b8        0x0 linker stubs

.iplt           0x0800d1b8        0x0
 .iplt          0x0800d1b8        0x0 C:/ST/STM32CubeIDE_1.13.1/STM32CubeIDE/plugins/com.st.stm32cube.ide.mcu.externaltools.gnu-tools-for-stm32.13.3.rel1.win32_1.0.0.202411081344/tools/bin/../lib/gcc/arm-none-eabi/13.3.1/thumb/v7e-m+dp/hard/crtbegin.o

.rodata         0x0800d1b8      0x18c
                0x0800d1b8                        . = ALIGN (0x4)
 *(.rodata)
 .rodata        0x0800d1b8       0x69 ./Core/Src/Flash_Global.o
 *fill*         0x0800d221        0x3 
 .rodata        0x0800d224       0x1d ./Core/Src/Flash_driver.o
 *fill*         0x0800d241        0x3 
 .rodata        0x0800d244       0x23 ./Core/Src/main.o
 *fill*         0x0800d267        0x1 
 .rodata        0x0800d268       0x4c ./Drivers/STM32H7xx_HAL_Driver/Src/stm32h7xx_hal_fdcan.o
 *(.rodata*)
 .rodata.D1CorePrescTable
                0x0800d2b4       0x10 ./Core/Src/system_stm32h7xx.o
                0x0800d2b4                D1CorePrescTable
 .rodata.LED_PIN
                0x0800d2c4        0x6 ./Drivers/BSP/STM32H7xx_Nucleo/stm32h7xx_nucleo.o
 *fill*         0x0800d2ca        0x2 
 .rodata.BUTTON_EXTI_LINE.2
                0x0800d2cc        0x4 ./Drivers/BSP/STM32H7xx_Nucleo/stm32h7xx_nucleo.o
 .rodata.flagBitshiftOffset.0
                0x0800d2d0        0x8 ./Drivers/STM32H7xx_HAL_Driver/Src/stm32h7xx_hal_dma.o
 .rodata.DLCtoBytes
                0x0800d2d8       0x10 ./Drivers/STM32H7xx_HAL_Driver/Src/stm32h7xx_hal_fdcan.o
 .rodata.UARTPrescTable
                0x0800d2e8       0x18 ./Drivers/STM32H7xx_HAL_Driver/Src/stm32h7xx_hal_uart.o
                0x0800d2e8                UARTPrescTable
 .rodata.numerator.1
                0x0800d300        0x8 ./Drivers/STM32H7xx_HAL_Driver/Src/stm32h7xx_hal_uart_ex.o
 .rodata.denominator.0
                0x0800d308        0x8 ./Drivers/STM32H7xx_HAL_Driver/Src/stm32h7xx_hal_uart_ex.o
 .rodata._svfprintf_r.str1.1
                0x0800d310       0x33 C:/ST/STM32CubeIDE_1.13.1/STM32CubeIDE/plugins/com.st.stm32cube.ide.mcu.externaltools.gnu-tools-for-stm32.13.3.rel1.win32_1.0.0.202411081344/tools/bin/../lib/gcc/arm-none-eabi/13.3.1/../../../../arm-none-eabi/lib/thumb/v7e-m+dp/hard\libc_nano.a(libc_a-nano-svfprintf.o)
                                 0x11 (size before relaxing)
 .rodata._printf_i.str1.1
                0x0800d343       0x22 C:/ST/STM32CubeIDE_1.13.1/STM32CubeIDE/plugins/com.st.stm32cube.ide.mcu.externaltools.gnu-tools-for-stm32.13.3.rel1.win32_1.0.0.202411081344/tools/bin/../lib/gcc/arm-none-eabi/13.3.1/../../../../arm-none-eabi/lib/thumb/v7e-m+dp/hard\libc_nano.a(libc_a-nano-vfprintf_i.o)
                0x0800d368                        . = ALIGN (0x4)
 *fill*         0x0800d343        0x1 

.ARM.extab
 *(.ARM.extab* .gnu.linkonce.armextab.*)

.ARM            0x0800d344        0x8
                0x0800d344                        __exidx_start = .
 *(.ARM.exidx*)
 .ARM.exidx     0x0800d344        0x8 C:/ST/STM32CubeIDE_1.13.1/STM32CubeIDE/plugins/com.st.stm32cube.ide.mcu.externaltools.gnu-tools-for-stm32.13.3.rel1.win32_1.0.0.202411081344/tools/bin/../lib/gcc/arm-none-eabi/13.3.1/../../../../arm-none-eabi/lib/thumb/v7e-m+dp/hard\libc_nano.a(libc_a-strlen.o)
 .ARM.exidx     0x0800d34c        0x0 C:/ST/STM32CubeIDE_1.13.1/STM32CubeIDE/plugins/com.st.stm32cube.ide.mcu.externaltools.gnu-tools-for-stm32.13.3.rel1.win32_1.0.0.202411081344/tools/bin/../lib/gcc/arm-none-eabi/13.3.1/../../../../arm-none-eabi/lib/thumb/v7e-m+dp/hard\libc_nano.a(libc_a-memchr.o)
                                  0x8 (size before relaxing)
 .ARM.exidx     0x0800d34c        0x0 C:/ST/STM32CubeIDE_1.13.1/STM32CubeIDE/plugins/com.st.stm32cube.ide.mcu.externaltools.gnu-tools-for-stm32.13.3.rel1.win32_1.0.0.202411081344/tools/bin/../lib/gcc/arm-none-eabi/13.3.1/thumb/v7e-m+dp/hard\libgcc.a(_udivmoddi4.o)
                                  0x8 (size before relaxing)
                0x0800d34c                        __exidx_end = .

.preinit_array  0x0800d34c        0x0
                0x0800d34c                        PROVIDE (__preinit_array_start = .)
 *(.preinit_array*)
                0x0800d34c                        PROVIDE (__preinit_array_end = .)

.init_array     0x0800d34c        0x4
                0x0800d34c                        PROVIDE (__init_array_start = .)
 *(SORT_BY_NAME(.init_array.*))
 *(.init_array*)
 .init_array    0x0800d34c        0x4 C:/ST/STM32CubeIDE_1.13.1/STM32CubeIDE/plugins/com.st.stm32cube.ide.mcu.externaltools.gnu-tools-for-stm32.13.3.rel1.win32_1.0.0.202411081344/tools/bin/../lib/gcc/arm-none-eabi/13.3.1/thumb/v7e-m+dp/hard/crtbegin.o
                0x0800d350                        PROVIDE (__init_array_end = .)

.fini_array     0x0800d350        0x4
                [!provide]                        PROVIDE (__fini_array_start = .)
 *(SORT_BY_NAME(.fini_array.*))
 *(.fini_array*)
 .fini_array    0x0800d350        0x4 C:/ST/STM32CubeIDE_1.13.1/STM32CubeIDE/plugins/com.st.stm32cube.ide.mcu.externaltools.gnu-tools-for-stm32.13.3.rel1.win32_1.0.0.202411081344/tools/bin/../lib/gcc/arm-none-eabi/13.3.1/thumb/v7e-m+dp/hard/crtbegin.o
                [!provide]                        PROVIDE (__fini_array_end = .)
                0x0800d354                        _sidata = LOADADDR (.data)

.rel.dyn        0x0800d354        0x0
 .rel.iplt      0x0800d354        0x0 C:/ST/STM32CubeIDE_1.13.1/STM32CubeIDE/plugins/com.st.stm32cube.ide.mcu.externaltools.gnu-tools-for-stm32.13.3.rel1.win32_1.0.0.202411081344/tools/bin/../lib/gcc/arm-none-eabi/13.3.1/thumb/v7e-m+dp/hard/crtbegin.o

.data           0x24000000      0x8a0 load address 0x0800d354
                0x24000000                        . = ALIGN (0x4)
                0x24000000                        _sdata = .
 *(.data)
 *(.data*)
 .data.write_data
                0x24000000      0x800 ./Core/Src/Flash_Global.o
                0x24000000                write_data
 .data.Buffer   0x24000800        0x4 ./Core/Src/Flash_Global.o
                0x24000800                Buffer
 .data.OP_JEDEC_ID
                0x24000804        0x2 ./Core/Src/Flash_driver.o
                0x24000804                OP_JEDEC_ID
 .data.OP_Read_Register
                0x24000806        0x1 ./Core/Src/Flash_driver.o
                0x24000806                OP_Read_Register
 .data.OP_Write_Register
                0x24000807        0x1 ./Core/Src/Flash_driver.o
                0x24000807                OP_Write_Register
 .data.SR_1_Addr
                0x24000808        0x1 ./Core/Src/Flash_driver.o
                0x24000808                SR_1_Addr
 .data.SR_2_Addr
                0x24000809        0x1 ./Core/Src/Flash_driver.o
                0x24000809                SR_2_Addr
 .data.SR_3_Addr
                0x2400080a        0x1 ./Core/Src/Flash_driver.o
                0x2400080a                SR_3_Addr
 .data.OP_Write_Enable
                0x2400080b        0x1 ./Core/Src/Flash_driver.o
                0x2400080b                OP_Write_Enable
 .data.OP_Block_Erase
                0x2400080c        0x1 ./Core/Src/Flash_driver.o
                0x2400080c                OP_Block_Erase
 .data.OP_Load_Program_Data
                0x2400080d        0x1 ./Core/Src/Flash_driver.o
                0x2400080d                OP_Load_Program_Data
 .data.OP_Program_Ex
                0x2400080e        0x1 ./Core/Src/Flash_driver.o
                0x2400080e                OP_Program_Ex
 .data.OP_Page_Data_Read
                0x2400080f        0x1 ./Core/Src/Flash_driver.o
                0x2400080f                OP_Page_Data_Read
 .data.OP_Read_Data
                0x24000810        0x1 ./Core/Src/Flash_driver.o
                0x24000810                OP_Read_Data
 *fill*         0x24000811        0x3 
 .data.Rx_buffer
                0x24000814        0xf ./Core/Src/main.o
                0x24000814                Rx_buffer
 *fill*         0x24000823        0x1 
 .data.SystemCoreClock
                0x24000824        0x4 ./Core/Src/system_stm32h7xx.o
                0x24000824                SystemCoreClock
 .data.SystemD2Clock
                0x24000828        0x4 ./Core/Src/system_stm32h7xx.o
                0x24000828                SystemD2Clock
 .data.COM_USART
                0x2400082c        0x4 ./Drivers/BSP/STM32H7xx_Nucleo/stm32h7xx_nucleo.o
                0x2400082c                COM_USART
 .data.LED_PORT
                0x24000830        0xc ./Drivers/BSP/STM32H7xx_Nucleo/stm32h7xx_nucleo.o
 .data.BUTTON_PORT
                0x2400083c        0x4 ./Drivers/BSP/STM32H7xx_Nucleo/stm32h7xx_nucleo.o
 .data.ButtonCallback.1
                0x24000840        0x4 ./Drivers/BSP/STM32H7xx_Nucleo/stm32h7xx_nucleo.o
 .data.BSP_BUTTON_PRIO.0
                0x24000844        0x4 ./Drivers/BSP/STM32H7xx_Nucleo/stm32h7xx_nucleo.o
 .data.uwTickPrio
                0x24000848        0x4 ./Drivers/STM32H7xx_HAL_Driver/Src/stm32h7xx_hal.o
                0x24000848                uwTickPrio
 .data.uwTickFreq
                0x2400084c        0x1 ./Drivers/STM32H7xx_HAL_Driver/Src/stm32h7xx_hal.o
                0x2400084c                uwTickFreq
 *fill*         0x2400084d        0x3 
 .data._impure_ptr
                0x24000850        0x4 C:/ST/STM32CubeIDE_1.13.1/STM32CubeIDE/plugins/com.st.stm32cube.ide.mcu.externaltools.gnu-tools-for-stm32.13.3.rel1.win32_1.0.0.202411081344/tools/bin/../lib/gcc/arm-none-eabi/13.3.1/../../../../arm-none-eabi/lib/thumb/v7e-m+dp/hard\libc_nano.a(libc_a-impure.o)
                0x24000850                _impure_ptr
 .data._impure_data
                0x24000854       0x4c C:/ST/STM32CubeIDE_1.13.1/STM32CubeIDE/plugins/com.st.stm32cube.ide.mcu.externaltools.gnu-tools-for-stm32.13.3.rel1.win32_1.0.0.202411081344/tools/bin/../lib/gcc/arm-none-eabi/13.3.1/../../../../arm-none-eabi/lib/thumb/v7e-m+dp/hard\libc_nano.a(libc_a-impure.o)
                0x24000854                _impure_data
 *(.RamFunc)
 *(.RamFunc*)
                0x240008a0                        . = ALIGN (0x4)
                0x240008a0                        _edata = .

.igot.plt       0x240008a0        0x0 load address 0x0800dbf4
 .igot.plt      0x240008a0        0x0 C:/ST/STM32CubeIDE_1.13.1/STM32CubeIDE/plugins/com.st.stm32cube.ide.mcu.externaltools.gnu-tools-for-stm32.13.3.rel1.win32_1.0.0.202411081344/tools/bin/../lib/gcc/arm-none-eabi/13.3.1/thumb/v7e-m+dp/hard/crtbegin.o
                0x240008a0                        . = ALIGN (0x4)

.bss            0x240008a0      0x520 load address 0x0800dbf4
                0x240008a0                        _sbss = .
                0x240008a0                        __bss_start__ = _sbss
 *(.bss)
 .bss           0x240008a0       0x1c C:/ST/STM32CubeIDE_1.13.1/STM32CubeIDE/plugins/com.st.stm32cube.ide.mcu.externaltools.gnu-tools-for-stm32.13.3.rel1.win32_1.0.0.202411081344/tools/bin/../lib/gcc/arm-none-eabi/13.3.1/thumb/v7e-m+dp/hard/crtbegin.o
 *(.bss*)
 .bss.SR_1      0x240008bc        0x1 ./Core/Src/Flash_Global.o
                0x240008bc                SR_1
 .bss.SR_2      0x240008bd        0x1 ./Core/Src/Flash_Global.o
                0x240008bd                SR_2
 .bss.SR_3      0x240008be        0x1 ./Core/Src/Flash_Global.o
                0x240008be                SR_3
 *fill*         0x240008bf        0x1 
 .bss.Buffer_Index
                0x240008c0        0x2 ./Core/Src/Flash_Global.o
                0x240008c0                Buffer_Index
 .bss.Page_Index
                0x240008c2        0x2 ./Core/Src/Flash_Global.o
                0x240008c2                Page_Index
 .bss.Block_Mem
                0x240008c4        0x2 ./Core/Src/Flash_Global.o
                0x240008c4                Block_Mem
 *fill*         0x240008c6        0x2 
 .bss.Tx_Buffer
                0x240008c8        0x5 ./Core/Src/Flash_driver.o
                0x240008c8                Tx_Buffer
 *fill*         0x240008cd        0x3 
 .bss.Rx_Buffer
                0x240008d0        0x5 ./Core/Src/Flash_driver.o
                0x240008d0                Rx_Buffer
 *fill*         0x240008d5        0x3 
 .bss.BspCOMInit
                0x240008d8       0x10 ./Core/Src/main.o
                0x240008d8                BspCOMInit
 .bss.hfdcan1   0x240008e8       0xa0 ./Core/Src/main.o
                0x240008e8                hfdcan1
 .bss.hspi1     0x24000988       0x88 ./Core/Src/main.o
                0x24000988                hspi1
 .bss.hdma_spi1_tx
                0x24000a10       0x78 ./Core/Src/main.o
                0x24000a10                hdma_spi1_tx
 .bss.huart1    0x24000a88       0x94 ./Core/Src/main.o
                0x24000a88                huart1
 .bss.hdma_usart1_rx
                0x24000b1c       0x78 ./Core/Src/main.o
                0x24000b1c                hdma_usart1_rx
 .bss.ID        0x24000b94        0x4 ./Core/Src/main.o
                0x24000b94                ID
 .bss.command   0x24000b98        0x1 ./Core/Src/main.o
                0x24000b98                command
 .bss.Start_Flight_Recording
                0x24000b99        0x1 ./Core/Src/main.o
                0x24000b99                Start_Flight_Recording
 .bss.Write_To_Flightdata
                0x24000b9a        0x1 ./Core/Src/main.o
                0x24000b9a                Write_To_Flightdata
 *fill*         0x24000b9b        0x1 
 .bss.RxHeader  0x24000b9c       0x28 ./Core/Src/main.o
                0x24000b9c                RxHeader
 .bss.RxData    0x24000bc4        0x8 ./Core/Src/main.o
                0x24000bc4                RxData
 .bss.Time      0x24000bcc        0x2 ./Core/Src/stm32h7xx_it.o
                0x24000bcc                Time
 *fill*         0x24000bce        0x2 
 .bss.CLK_SIM   0x24000bd0        0x4 ./Core/Src/stm32h7xx_it.o
                0x24000bd0                CLK_SIM
 .bss.__sbrk_heap_end
                0x24000bd4        0x4 ./Core/Src/sysmem.o
 .bss.hpb_exti  0x24000bd8        0x8 ./Drivers/BSP/STM32H7xx_Nucleo/stm32h7xx_nucleo.o
                0x24000bd8                hpb_exti
 .bss.hcom_uart
                0x24000be0       0x94 ./Drivers/BSP/STM32H7xx_Nucleo/stm32h7xx_nucleo.o
                0x24000be0                hcom_uart
 .bss.uwTick    0x24000c74        0x4 ./Drivers/STM32H7xx_HAL_Driver/Src/stm32h7xx_hal.o
                0x24000c74                uwTick
 .bss.__sf      0x24000c78      0x138 C:/ST/STM32CubeIDE_1.13.1/STM32CubeIDE/plugins/com.st.stm32cube.ide.mcu.externaltools.gnu-tools-for-stm32.13.3.rel1.win32_1.0.0.202411081344/tools/bin/../lib/gcc/arm-none-eabi/13.3.1/../../../../arm-none-eabi/lib/thumb/v7e-m+dp/hard\libc_nano.a(libc_a-findfp.o)
                0x24000c78                __sf
 .bss.errno     0x24000db0        0x4 C:/ST/STM32CubeIDE_1.13.1/STM32CubeIDE/plugins/com.st.stm32cube.ide.mcu.externaltools.gnu-tools-for-stm32.13.3.rel1.win32_1.0.0.202411081344/tools/bin/../lib/gcc/arm-none-eabi/13.3.1/../../../../arm-none-eabi/lib/thumb/v7e-m+dp/hard\libc_nano.a(libc_a-reent.o)
                0x24000db0                errno
 .bss.__lock___malloc_recursive_mutex
                0x24000db4        0x1 C:/ST/STM32CubeIDE_1.13.1/STM32CubeIDE/plugins/com.st.stm32cube.ide.mcu.externaltools.gnu-tools-for-stm32.13.3.rel1.win32_1.0.0.202411081344/tools/bin/../lib/gcc/arm-none-eabi/13.3.1/../../../../arm-none-eabi/lib/thumb/v7e-m+dp/hard\libc_nano.a(libc_a-lock.o)
                0x24000db4                __lock___malloc_recursive_mutex
 *fill*         0x24000db5        0x3 
 .bss.__malloc_sbrk_start
                0x24000db8        0x4 C:/ST/STM32CubeIDE_1.13.1/STM32CubeIDE/plugins/com.st.stm32cube.ide.mcu.externaltools.gnu-tools-for-stm32.13.3.rel1.win32_1.0.0.202411081344/tools/bin/../lib/gcc/arm-none-eabi/13.3.1/../../../../arm-none-eabi/lib/thumb/v7e-m+dp/hard\libc_nano.a(libc_a-mallocr.o)
                0x24000db8                __malloc_sbrk_start
 .bss.__malloc_free_list
                0x24000dbc        0x4 C:/ST/STM32CubeIDE_1.13.1/STM32CubeIDE/plugins/com.st.stm32cube.ide.mcu.externaltools.gnu-tools-for-stm32.13.3.rel1.win32_1.0.0.202411081344/tools/bin/../lib/gcc/arm-none-eabi/13.3.1/../../../../arm-none-eabi/lib/thumb/v7e-m+dp/hard\libc_nano.a(libc_a-mallocr.o)
                0x24000dbc                __malloc_free_list
 *(COMMON)
                0x24000dc0                        . = ALIGN (0x4)
                0x24000dc0                        _ebss = .
                0x24000dc0                        __bss_end__ = _ebss

._user_heap_stack
                0x24000dc0      0x600 load address 0x0800dbf4
                0x24000dc0                        . = ALIGN (0x8)
                [!provide]                        PROVIDE (end = .)
                0x24000dc0                        PROVIDE (_end = .)
                0x24000fc0                        . = (. + _Min_Heap_Size)
 *fill*         0x24000dc0      0x200 
                0x240013c0                        . = (. + _Min_Stack_Size)
 *fill*         0x24000fc0      0x400 
                0x240013c0                        . = ALIGN (0x8)

/DISCARD/
 libc.a(*)
 libm.a(*)
 libgcc.a(*)

.ARM.attributes
                0x00000000       0x2e
 *(.ARM.attributes)
 .ARM.attributes
                0x00000000       0x20 C:/ST/STM32CubeIDE_1.13.1/STM32CubeIDE/plugins/com.st.stm32cube.ide.mcu.externaltools.gnu-tools-for-stm32.13.3.rel1.win32_1.0.0.202411081344/tools/bin/../lib/gcc/arm-none-eabi/13.3.1/thumb/v7e-m+dp/hard/crti.o
 .ARM.attributes
                0x00000020       0x32 C:/ST/STM32CubeIDE_1.13.1/STM32CubeIDE/plugins/com.st.stm32cube.ide.mcu.externaltools.gnu-tools-for-stm32.13.3.rel1.win32_1.0.0.202411081344/tools/bin/../lib/gcc/arm-none-eabi/13.3.1/thumb/v7e-m+dp/hard/crtbegin.o
 .ARM.attributes
                0x00000052       0x32 ./Core/Src/Flash_Global.o
 .ARM.attributes
                0x00000084       0x32 ./Core/Src/Flash_driver.o
 .ARM.attributes
                0x000000b6       0x32 ./Core/Src/Misc.o
 .ARM.attributes
                0x000000e8       0x32 ./Core/Src/main.o
 .ARM.attributes
                0x0000011a       0x32 ./Core/Src/stm32h7xx_hal_msp.o
 .ARM.attributes
                0x0000014c       0x32 ./Core/Src/stm32h7xx_it.o
 .ARM.attributes
                0x0000017e       0x32 ./Core/Src/sysmem.o
 .ARM.attributes
                0x000001b0       0x32 ./Core/Src/system_stm32h7xx.o
 .ARM.attributes
                0x000001e2       0x21 ./Core/Startup/startup_stm32h753zitx.o
 .ARM.attributes
                0x00000203       0x32 ./Drivers/BSP/STM32H7xx_Nucleo/stm32h7xx_nucleo.o
 .ARM.attributes
                0x00000235       0x32 ./Drivers/STM32H7xx_HAL_Driver/Src/stm32h7xx_hal.o
 .ARM.attributes
                0x00000267       0x32 ./Drivers/STM32H7xx_HAL_Driver/Src/stm32h7xx_hal_cortex.o
 .ARM.attributes
                0x00000299       0x32 ./Drivers/STM32H7xx_HAL_Driver/Src/stm32h7xx_hal_dma.o
 .ARM.attributes
                0x000002cb       0x32 ./Drivers/STM32H7xx_HAL_Driver/Src/stm32h7xx_hal_exti.o
 .ARM.attributes
                0x000002fd       0x32 ./Drivers/STM32H7xx_HAL_Driver/Src/stm32h7xx_hal_fdcan.o
 .ARM.attributes
                0x0000032f       0x32 ./Drivers/STM32H7xx_HAL_Driver/Src/stm32h7xx_hal_gpio.o
 .ARM.attributes
                0x00000361       0x32 ./Drivers/STM32H7xx_HAL_Driver/Src/stm32h7xx_hal_pwr_ex.o
 .ARM.attributes
                0x00000393       0x32 ./Drivers/STM32H7xx_HAL_Driver/Src/stm32h7xx_hal_rcc.o
 .ARM.attributes
                0x000003c5       0x32 ./Drivers/STM32H7xx_HAL_Driver/Src/stm32h7xx_hal_rcc_ex.o
 .ARM.attributes
                0x000003f7       0x32 ./Drivers/STM32H7xx_HAL_Driver/Src/stm32h7xx_hal_spi.o
 .ARM.attributes
                0x00000429       0x32 ./Drivers/STM32H7xx_HAL_Driver/Src/stm32h7xx_hal_uart.o
 .ARM.attributes
                0x0000045b       0x32 ./Drivers/STM32H7xx_HAL_Driver/Src/stm32h7xx_hal_uart_ex.o
 .ARM.attributes
                0x0000048d       0x32 C:/ST/STM32CubeIDE_1.13.1/STM32CubeIDE/plugins/com.st.stm32cube.ide.mcu.externaltools.gnu-tools-for-stm32.13.3.rel1.win32_1.0.0.202411081344/tools/bin/../lib/gcc/arm-none-eabi/13.3.1/../../../../arm-none-eabi/lib/thumb/v7e-m+dp/hard\libc_nano.a(libc_a-findfp.o)
 .ARM.attributes
                0x000004bf       0x32 C:/ST/STM32CubeIDE_1.13.1/STM32CubeIDE/plugins/com.st.stm32cube.ide.mcu.externaltools.gnu-tools-for-stm32.13.3.rel1.win32_1.0.0.202411081344/tools/bin/../lib/gcc/arm-none-eabi/13.3.1/../../../../arm-none-eabi/lib/thumb/v7e-m+dp/hard\libc_nano.a(libc_a-vsnprintf.o)
 .ARM.attributes
                0x000004f1       0x32 C:/ST/STM32CubeIDE_1.13.1/STM32CubeIDE/plugins/com.st.stm32cube.ide.mcu.externaltools.gnu-tools-for-stm32.13.3.rel1.win32_1.0.0.202411081344/tools/bin/../lib/gcc/arm-none-eabi/13.3.1/../../../../arm-none-eabi/lib/thumb/v7e-m+dp/hard\libc_nano.a(libc_a-memset.o)
 .ARM.attributes
                0x00000523       0x32 C:/ST/STM32CubeIDE_1.13.1/STM32CubeIDE/plugins/com.st.stm32cube.ide.mcu.externaltools.gnu-tools-for-stm32.13.3.rel1.win32_1.0.0.202411081344/tools/bin/../lib/gcc/arm-none-eabi/13.3.1/../../../../arm-none-eabi/lib/thumb/v7e-m+dp/hard\libc_nano.a(libc_a-reent.o)
 .ARM.attributes
                0x00000555       0x32 C:/ST/STM32CubeIDE_1.13.1/STM32CubeIDE/plugins/com.st.stm32cube.ide.mcu.externaltools.gnu-tools-for-stm32.13.3.rel1.win32_1.0.0.202411081344/tools/bin/../lib/gcc/arm-none-eabi/13.3.1/../../../../arm-none-eabi/lib/thumb/v7e-m+dp/hard\libc_nano.a(libc_a-impure.o)
 .ARM.attributes
                0x00000587       0x32 C:/ST/STM32CubeIDE_1.13.1/STM32CubeIDE/plugins/com.st.stm32cube.ide.mcu.externaltools.gnu-tools-for-stm32.13.3.rel1.win32_1.0.0.202411081344/tools/bin/../lib/gcc/arm-none-eabi/13.3.1/../../../../arm-none-eabi/lib/thumb/v7e-m+dp/hard\libc_nano.a(libc_a-errno.o)
 .ARM.attributes
                0x000005b9       0x32 C:/ST/STM32CubeIDE_1.13.1/STM32CubeIDE/plugins/com.st.stm32cube.ide.mcu.externaltools.gnu-tools-for-stm32.13.3.rel1.win32_1.0.0.202411081344/tools/bin/../lib/gcc/arm-none-eabi/13.3.1/../../../../arm-none-eabi/lib/thumb/v7e-m+dp/hard\libc_nano.a(libc_a-init.o)
 .ARM.attributes
                0x000005eb       0x32 C:/ST/STM32CubeIDE_1.13.1/STM32CubeIDE/plugins/com.st.stm32cube.ide.mcu.externaltools.gnu-tools-for-stm32.13.3.rel1.win32_1.0.0.202411081344/tools/bin/../lib/gcc/arm-none-eabi/13.3.1/../../../../arm-none-eabi/lib/thumb/v7e-m+dp/hard\libc_nano.a(libc_a-lock.o)
 .ARM.attributes
                0x0000061d       0x32 C:/ST/STM32CubeIDE_1.13.1/STM32CubeIDE/plugins/com.st.stm32cube.ide.mcu.externaltools.gnu-tools-for-stm32.13.3.rel1.win32_1.0.0.202411081344/tools/bin/../lib/gcc/arm-none-eabi/13.3.1/../../../../arm-none-eabi/lib/thumb/v7e-m+dp/hard\libc_nano.a(libc_a-memcpy-stub.o)
 .ARM.attributes
                0x0000064f       0x17 C:/ST/STM32CubeIDE_1.13.1/STM32CubeIDE/plugins/com.st.stm32cube.ide.mcu.externaltools.gnu-tools-for-stm32.13.3.rel1.win32_1.0.0.202411081344/tools/bin/../lib/gcc/arm-none-eabi/13.3.1/../../../../arm-none-eabi/lib/thumb/v7e-m+dp/hard\libc_nano.a(libc_a-strlen.o)
 .ARM.attributes
                0x00000666       0x32 C:/ST/STM32CubeIDE_1.13.1/STM32CubeIDE/plugins/com.st.stm32cube.ide.mcu.externaltools.gnu-tools-for-stm32.13.3.rel1.win32_1.0.0.202411081344/tools/bin/../lib/gcc/arm-none-eabi/13.3.1/../../../../arm-none-eabi/lib/thumb/v7e-m+dp/hard\libc_nano.a(libc_a-freer.o)
 .ARM.attributes
                0x00000698       0x32 C:/ST/STM32CubeIDE_1.13.1/STM32CubeIDE/plugins/com.st.stm32cube.ide.mcu.externaltools.gnu-tools-for-stm32.13.3.rel1.win32_1.0.0.202411081344/tools/bin/../lib/gcc/arm-none-eabi/13.3.1/../../../../arm-none-eabi/lib/thumb/v7e-m+dp/hard\libc_nano.a(libc_a-mallocr.o)
 .ARM.attributes
                0x000006ca       0x32 C:/ST/STM32CubeIDE_1.13.1/STM32CubeIDE/plugins/com.st.stm32cube.ide.mcu.externaltools.gnu-tools-for-stm32.13.3.rel1.win32_1.0.0.202411081344/tools/bin/../lib/gcc/arm-none-eabi/13.3.1/../../../../arm-none-eabi/lib/thumb/v7e-m+dp/hard\libc_nano.a(libc_a-mlock.o)
 .ARM.attributes
                0x000006fc       0x32 C:/ST/STM32CubeIDE_1.13.1/STM32CubeIDE/plugins/com.st.stm32cube.ide.mcu.externaltools.gnu-tools-for-stm32.13.3.rel1.win32_1.0.0.202411081344/tools/bin/../lib/gcc/arm-none-eabi/13.3.1/../../../../arm-none-eabi/lib/thumb/v7e-m+dp/hard\libc_nano.a(libc_a-nano-svfprintf.o)
 .ARM.attributes
                0x0000072e       0x32 C:/ST/STM32CubeIDE_1.13.1/STM32CubeIDE/plugins/com.st.stm32cube.ide.mcu.externaltools.gnu-tools-for-stm32.13.3.rel1.win32_1.0.0.202411081344/tools/bin/../lib/gcc/arm-none-eabi/13.3.1/../../../../arm-none-eabi/lib/thumb/v7e-m+dp/hard\libc_nano.a(libc_a-nano-vfprintf_i.o)
 .ARM.attributes
                0x00000760       0x32 C:/ST/STM32CubeIDE_1.13.1/STM32CubeIDE/plugins/com.st.stm32cube.ide.mcu.externaltools.gnu-tools-for-stm32.13.3.rel1.win32_1.0.0.202411081344/tools/bin/../lib/gcc/arm-none-eabi/13.3.1/../../../../arm-none-eabi/lib/thumb/v7e-m+dp/hard\libc_nano.a(libc_a-memmove.o)
 .ARM.attributes
                0x00000792       0x32 C:/ST/STM32CubeIDE_1.13.1/STM32CubeIDE/plugins/com.st.stm32cube.ide.mcu.externaltools.gnu-tools-for-stm32.13.3.rel1.win32_1.0.0.202411081344/tools/bin/../lib/gcc/arm-none-eabi/13.3.1/../../../../arm-none-eabi/lib/thumb/v7e-m+dp/hard\libc_nano.a(libc_a-sbrkr.o)
 .ARM.attributes
                0x000007c4       0x1c C:/ST/STM32CubeIDE_1.13.1/STM32CubeIDE/plugins/com.st.stm32cube.ide.mcu.externaltools.gnu-tools-for-stm32.13.3.rel1.win32_1.0.0.202411081344/tools/bin/../lib/gcc/arm-none-eabi/13.3.1/../../../../arm-none-eabi/lib/thumb/v7e-m+dp/hard\libc_nano.a(libc_a-memchr.o)
 .ARM.attributes
                0x000007e0       0x32 C:/ST/STM32CubeIDE_1.13.1/STM32CubeIDE/plugins/com.st.stm32cube.ide.mcu.externaltools.gnu-tools-for-stm32.13.3.rel1.win32_1.0.0.202411081344/tools/bin/../lib/gcc/arm-none-eabi/13.3.1/../../../../arm-none-eabi/lib/thumb/v7e-m+dp/hard\libc_nano.a(libc_a-reallocr.o)
 .ARM.attributes
                0x00000812       0x32 C:/ST/STM32CubeIDE_1.13.1/STM32CubeIDE/plugins/com.st.stm32cube.ide.mcu.externaltools.gnu-tools-for-stm32.13.3.rel1.win32_1.0.0.202411081344/tools/bin/../lib/gcc/arm-none-eabi/13.3.1/../../../../arm-none-eabi/lib/thumb/v7e-m+dp/hard\libc_nano.a(libc_a-msizer.o)
 .ARM.attributes
                0x00000844       0x20 C:/ST/STM32CubeIDE_1.13.1/STM32CubeIDE/plugins/com.st.stm32cube.ide.mcu.externaltools.gnu-tools-for-stm32.13.3.rel1.win32_1.0.0.202411081344/tools/bin/../lib/gcc/arm-none-eabi/13.3.1/thumb/v7e-m+dp/hard\libgcc.a(_aeabi_uldivmod.o)
 .ARM.attributes
                0x00000864       0x32 C:/ST/STM32CubeIDE_1.13.1/STM32CubeIDE/plugins/com.st.stm32cube.ide.mcu.externaltools.gnu-tools-for-stm32.13.3.rel1.win32_1.0.0.202411081344/tools/bin/../lib/gcc/arm-none-eabi/13.3.1/thumb/v7e-m+dp/hard\libgcc.a(_udivmoddi4.o)
 .ARM.attributes
                0x00000896       0x20 C:/ST/STM32CubeIDE_1.13.1/STM32CubeIDE/plugins/com.st.stm32cube.ide.mcu.externaltools.gnu-tools-for-stm32.13.3.rel1.win32_1.0.0.202411081344/tools/bin/../lib/gcc/arm-none-eabi/13.3.1/thumb/v7e-m+dp/hard\libgcc.a(_dvmd_tls.o)
 .ARM.attributes
                0x000008b6       0x20 C:/ST/STM32CubeIDE_1.13.1/STM32CubeIDE/plugins/com.st.stm32cube.ide.mcu.externaltools.gnu-tools-for-stm32.13.3.rel1.win32_1.0.0.202411081344/tools/bin/../lib/gcc/arm-none-eabi/13.3.1/thumb/v7e-m+dp/hard/crtn.o
OUTPUT(Winbond_Flash.elf elf32-littlearm)
LOAD linker stubs
LOAD C:/ST/STM32CubeIDE_1.13.1/STM32CubeIDE/plugins/com.st.stm32cube.ide.mcu.externaltools.gnu-tools-for-stm32.13.3.rel1.win32_1.0.0.202411081344/tools/bin/../lib/gcc/arm-none-eabi/13.3.1/../../../../arm-none-eabi/lib/thumb/v7e-m+dp/hard\libc.a
LOAD C:/ST/STM32CubeIDE_1.13.1/STM32CubeIDE/plugins/com.st.stm32cube.ide.mcu.externaltools.gnu-tools-for-stm32.13.3.rel1.win32_1.0.0.202411081344/tools/bin/../lib/gcc/arm-none-eabi/13.3.1/../../../../arm-none-eabi/lib/thumb/v7e-m+dp/hard\libm.a
LOAD C:/ST/STM32CubeIDE_1.13.1/STM32CubeIDE/plugins/com.st.stm32cube.ide.mcu.externaltools.gnu-tools-for-stm32.13.3.rel1.win32_1.0.0.202411081344/tools/bin/../lib/gcc/arm-none-eabi/13.3.1/thumb/v7e-m+dp/hard\libgcc.a

.debug_info     0x00000000    0x1c2d0
 .debug_info    0x00000000      0xaea ./Core/Src/Flash_Global.o
 .debug_info    0x00000aea      0xcd3 ./Core/Src/Flash_driver.o
 .debug_info    0x000017bd      0xb43 ./Core/Src/Misc.o
 .debug_info    0x00002300     0x2b17 ./Core/Src/main.o
 .debug_info    0x00004e17     0x2152 ./Core/Src/stm32h7xx_hal_msp.o
 .debug_info    0x00006f69     0x168c ./Core/Src/stm32h7xx_it.o
 .debug_info    0x000085f5      0x168 ./Core/Src/sysmem.o
 .debug_info    0x0000875d      0xdb2 ./Core/Src/system_stm32h7xx.o
 .debug_info    0x0000950f       0x30 ./Core/Startup/startup_stm32h753zitx.o
 .debug_info    0x0000953f     0x1a82 ./Drivers/BSP/STM32H7xx_Nucleo/stm32h7xx_nucleo.o
 .debug_info    0x0000afc1     0x1541 ./Drivers/STM32H7xx_HAL_Driver/Src/stm32h7xx_hal.o
 .debug_info    0x0000c502     0x10b7 ./Drivers/STM32H7xx_HAL_Driver/Src/stm32h7xx_hal_cortex.o
 .debug_info    0x0000d5b9      0xc31 ./Drivers/STM32H7xx_HAL_Driver/Src/stm32h7xx_hal_dma.o
 .debug_info    0x0000e1ea      0x916 ./Drivers/STM32H7xx_HAL_Driver/Src/stm32h7xx_hal_exti.o
 .debug_info    0x0000eb00     0x2baf ./Drivers/STM32H7xx_HAL_Driver/Src/stm32h7xx_hal_fdcan.o
 .debug_info    0x000116af      0xc5a ./Drivers/STM32H7xx_HAL_Driver/Src/stm32h7xx_hal_gpio.o
 .debug_info    0x00012309     0x1012 ./Drivers/STM32H7xx_HAL_Driver/Src/stm32h7xx_hal_pwr_ex.o
 .debug_info    0x0001331b      0xe6a ./Drivers/STM32H7xx_HAL_Driver/Src/stm32h7xx_hal_rcc.o
 .debug_info    0x00014185     0x1225 ./Drivers/STM32H7xx_HAL_Driver/Src/stm32h7xx_hal_rcc_ex.o
 .debug_info    0x000153aa     0x144a ./Drivers/STM32H7xx_HAL_Driver/Src/stm32h7xx_hal_spi.o
 .debug_info    0x000167f4     0x4b1d ./Drivers/STM32H7xx_HAL_Driver/Src/stm32h7xx_hal_uart.o
 .debug_info    0x0001b311      0xfbf ./Drivers/STM32H7xx_HAL_Driver/Src/stm32h7xx_hal_uart_ex.o

.debug_abbrev   0x00000000     0x3416
 .debug_abbrev  0x00000000      0x222 ./Core/Src/Flash_Global.o
 .debug_abbrev  0x00000222      0x267 ./Core/Src/Flash_driver.o
 .debug_abbrev  0x00000489      0x256 ./Core/Src/Misc.o
 .debug_abbrev  0x000006df      0x3a7 ./Core/Src/main.o
 .debug_abbrev  0x00000a86      0x265 ./Core/Src/stm32h7xx_hal_msp.o
 .debug_abbrev  0x00000ceb      0x28c ./Core/Src/stm32h7xx_it.o
 .debug_abbrev  0x00000f77       0xbc ./Core/Src/sysmem.o
 .debug_abbrev  0x00001033      0x165 ./Core/Src/system_stm32h7xx.o
 .debug_abbrev  0x00001198       0x24 ./Core/Startup/startup_stm32h753zitx.o
 .debug_abbrev  0x000011bc      0x340 ./Drivers/BSP/STM32H7xx_Nucleo/stm32h7xx_nucleo.o
 .debug_abbrev  0x000014fc      0x295 ./Drivers/STM32H7xx_HAL_Driver/Src/stm32h7xx_hal.o
 .debug_abbrev  0x00001791      0x339 ./Drivers/STM32H7xx_HAL_Driver/Src/stm32h7xx_hal_cortex.o
 .debug_abbrev  0x00001aca      0x248 ./Drivers/STM32H7xx_HAL_Driver/Src/stm32h7xx_hal_dma.o
 .debug_abbrev  0x00001d12      0x1df ./Drivers/STM32H7xx_HAL_Driver/Src/stm32h7xx_hal_exti.o
 .debug_abbrev  0x00001ef1      0x288 ./Drivers/STM32H7xx_HAL_Driver/Src/stm32h7xx_hal_fdcan.o
 .debug_abbrev  0x00002179      0x205 ./Drivers/STM32H7xx_HAL_Driver/Src/stm32h7xx_hal_gpio.o
 .debug_abbrev  0x0000237e      0x2a7 ./Drivers/STM32H7xx_HAL_Driver/Src/stm32h7xx_hal_pwr_ex.o
 .debug_abbrev  0x00002625      0x2c8 ./Drivers/STM32H7xx_HAL_Driver/Src/stm32h7xx_hal_rcc.o
 .debug_abbrev  0x000028ed      0x269 ./Drivers/STM32H7xx_HAL_Driver/Src/stm32h7xx_hal_rcc_ex.o
 .debug_abbrev  0x00002b56      0x2b1 ./Drivers/STM32H7xx_HAL_Driver/Src/stm32h7xx_hal_spi.o
 .debug_abbrev  0x00002e07      0x33d ./Drivers/STM32H7xx_HAL_Driver/Src/stm32h7xx_hal_uart.o
 .debug_abbrev  0x00003144      0x2d2 ./Drivers/STM32H7xx_HAL_Driver/Src/stm32h7xx_hal_uart_ex.o

.debug_aranges  0x00000000     0x1268
 .debug_aranges
                0x00000000       0x50 ./Core/Src/Flash_Global.o
 .debug_aranges
                0x00000050       0x80 ./Core/Src/Flash_driver.o
 .debug_aranges
                0x000000d0       0x38 ./Core/Src/Misc.o
 .debug_aranges
                0x00000108       0x70 ./Core/Src/main.o
 .debug_aranges
                0x00000178       0x50 ./Core/Src/stm32h7xx_hal_msp.o
 .debug_aranges
                0x000001c8       0xa8 ./Core/Src/stm32h7xx_it.o
 .debug_aranges
                0x00000270       0x20 ./Core/Src/sysmem.o
 .debug_aranges
                0x00000290       0x30 ./Core/Src/system_stm32h7xx.o
 .debug_aranges
                0x000002c0       0x28 ./Core/Startup/startup_stm32h753zitx.o
 .debug_aranges
                0x000002e8       0xb8 ./Drivers/BSP/STM32H7xx_Nucleo/stm32h7xx_nucleo.o
 .debug_aranges
                0x000003a0      0x198 ./Drivers/STM32H7xx_HAL_Driver/Src/stm32h7xx_hal.o
 .debug_aranges
                0x00000538      0x130 ./Drivers/STM32H7xx_HAL_Driver/Src/stm32h7xx_hal_cortex.o
 .debug_aranges
                0x00000668       0xa0 ./Drivers/STM32H7xx_HAL_Driver/Src/stm32h7xx_hal_dma.o
 .debug_aranges
                0x00000708       0x60 ./Drivers/STM32H7xx_HAL_Driver/Src/stm32h7xx_hal_exti.o
 .debug_aranges
                0x00000768      0x338 ./Drivers/STM32H7xx_HAL_Driver/Src/stm32h7xx_hal_fdcan.o
 .debug_aranges
                0x00000aa0       0x58 ./Drivers/STM32H7xx_HAL_Driver/Src/stm32h7xx_hal_gpio.o
 .debug_aranges
                0x00000af8      0x158 ./Drivers/STM32H7xx_HAL_Driver/Src/stm32h7xx_hal_pwr_ex.o
 .debug_aranges
                0x00000c50       0x88 ./Drivers/STM32H7xx_HAL_Driver/Src/stm32h7xx_hal_rcc.o
 .debug_aranges
                0x00000cd8       0xf8 ./Drivers/STM32H7xx_HAL_Driver/Src/stm32h7xx_hal_rcc_ex.o
 .debug_aranges
                0x00000dd0      0x1a8 ./Drivers/STM32H7xx_HAL_Driver/Src/stm32h7xx_hal_spi.o
 .debug_aranges
                0x00000f78      0x248 ./Drivers/STM32H7xx_HAL_Driver/Src/stm32h7xx_hal_uart.o
 .debug_aranges
                0x000011c0       0xa8 ./Drivers/STM32H7xx_HAL_Driver/Src/stm32h7xx_hal_uart_ex.o

.debug_rnglists
                0x00000000      0xe29
 .debug_rnglists
                0x00000000       0x3a ./Core/Src/Flash_Global.o
 .debug_rnglists
                0x0000003a       0x5d ./Core/Src/Flash_driver.o
 .debug_rnglists
                0x00000097       0x25 ./Core/Src/Misc.o
 .debug_rnglists
                0x000000bc       0x55 ./Core/Src/main.o
 .debug_rnglists
                0x00000111       0x3a ./Core/Src/stm32h7xx_hal_msp.o
 .debug_rnglists
                0x0000014b       0x7a ./Core/Src/stm32h7xx_it.o
 .debug_rnglists
                0x000001c5       0x13 ./Core/Src/sysmem.o
 .debug_rnglists
                0x000001d8       0x21 ./Core/Src/system_stm32h7xx.o
 .debug_rnglists
                0x000001f9       0x19 ./Core/Startup/startup_stm32h753zitx.o
 .debug_rnglists
                0x00000212       0x88 ./Drivers/BSP/STM32H7xx_Nucleo/stm32h7xx_nucleo.o
 .debug_rnglists
                0x0000029a      0x131 ./Drivers/STM32H7xx_HAL_Driver/Src/stm32h7xx_hal.o
 .debug_rnglists
                0x000003cb       0xe0 ./Drivers/STM32H7xx_HAL_Driver/Src/stm32h7xx_hal_cortex.o
 .debug_rnglists
                0x000004ab       0x82 ./Drivers/STM32H7xx_HAL_Driver/Src/stm32h7xx_hal_dma.o
 .debug_rnglists
                0x0000052d       0x46 ./Drivers/STM32H7xx_HAL_Driver/Src/stm32h7xx_hal_exti.o
 .debug_rnglists
                0x00000573      0x28b ./Drivers/STM32H7xx_HAL_Driver/Src/stm32h7xx_hal_fdcan.o
 .debug_rnglists
                0x000007fe       0x3f ./Drivers/STM32H7xx_HAL_Driver/Src/stm32h7xx_hal_gpio.o
 .debug_rnglists
                0x0000083d      0x103 ./Drivers/STM32H7xx_HAL_Driver/Src/stm32h7xx_hal_pwr_ex.o
 .debug_rnglists
                0x00000940       0x68 ./Drivers/STM32H7xx_HAL_Driver/Src/stm32h7xx_hal_rcc.o
 .debug_rnglists
                0x000009a8       0xc0 ./Drivers/STM32H7xx_HAL_Driver/Src/stm32h7xx_hal_rcc_ex.o
 .debug_rnglists
                0x00000a68      0x148 ./Drivers/STM32H7xx_HAL_Driver/Src/stm32h7xx_hal_spi.o
 .debug_rnglists
                0x00000bb0      0x1fa ./Drivers/STM32H7xx_HAL_Driver/Src/stm32h7xx_hal_uart.o
 .debug_rnglists
                0x00000daa       0x7f ./Drivers/STM32H7xx_HAL_Driver/Src/stm32h7xx_hal_uart_ex.o

.debug_macro    0x00000000    0x3a2be
 .debug_macro   0x00000000      0x419 ./Core/Src/Flash_Global.o
 .debug_macro   0x00000419      0xafc ./Core/Src/Flash_Global.o
 .debug_macro   0x00000f15      0x23e ./Core/Src/Flash_Global.o
 .debug_macro   0x00001153       0x2e ./Core/Src/Flash_Global.o
 .debug_macro   0x00001181       0x3b ./Core/Src/Flash_Global.o
 .debug_macro   0x000011bc       0x22 ./Core/Src/Flash_Global.o
 .debug_macro   0x000011de       0x8e ./Core/Src/Flash_Global.o
 .debug_macro   0x0000126c       0x51 ./Core/Src/Flash_Global.o
 .debug_macro   0x000012bd      0x103 ./Core/Src/Flash_Global.o
 .debug_macro   0x000013c0       0x6a ./Core/Src/Flash_Global.o
 .debug_macro   0x0000142a      0x1df ./Core/Src/Flash_Global.o
 .debug_macro   0x00001609       0x1c ./Core/Src/Flash_Global.o
 .debug_macro   0x00001625       0x22 ./Core/Src/Flash_Global.o
 .debug_macro   0x00001647       0xfb ./Core/Src/Flash_Global.o
 .debug_macro   0x00001742     0x1305 ./Core/Src/Flash_Global.o
 .debug_macro   0x00002a47      0x11f ./Core/Src/Flash_Global.o
 .debug_macro   0x00002b66       0x27 ./Core/Src/Flash_Global.o
 .debug_macro   0x00002b8d    0x261cc ./Core/Src/Flash_Global.o
 .debug_macro   0x00028d59       0x6d ./Core/Src/Flash_Global.o
 .debug_macro   0x00028dc6     0x3d79 ./Core/Src/Flash_Global.o
 .debug_macro   0x0002cb3f      0x190 ./Core/Src/Flash_Global.o
 .debug_macro   0x0002cccf       0x61 ./Core/Src/Flash_Global.o
 .debug_macro   0x0002cd30       0x29 ./Core/Src/Flash_Global.o
 .debug_macro   0x0002cd59       0x43 ./Core/Src/Flash_Global.o
 .debug_macro   0x0002cd9c       0x34 ./Core/Src/Flash_Global.o
 .debug_macro   0x0002cdd0      0x370 ./Core/Src/Flash_Global.o
 .debug_macro   0x0002d140       0x16 ./Core/Src/Flash_Global.o
 .debug_macro   0x0002d156       0x4a ./Core/Src/Flash_Global.o
 .debug_macro   0x0002d1a0       0x34 ./Core/Src/Flash_Global.o
 .debug_macro   0x0002d1d4       0x10 ./Core/Src/Flash_Global.o
 .debug_macro   0x0002d1e4       0x58 ./Core/Src/Flash_Global.o
 .debug_macro   0x0002d23c       0x8e ./Core/Src/Flash_Global.o
 .debug_macro   0x0002d2ca       0x1c ./Core/Src/Flash_Global.o
 .debug_macro   0x0002d2e6      0x185 ./Core/Src/Flash_Global.o
 .debug_macro   0x0002d46b      0x19b ./Core/Src/Flash_Global.o
 .debug_macro   0x0002d606       0x5d ./Core/Src/Flash_Global.o
 .debug_macro   0x0002d663     0x240e ./Core/Src/Flash_Global.o
 .debug_macro   0x0002fa71     0x102c ./Core/Src/Flash_Global.o
 .debug_macro   0x00030a9d      0x154 ./Core/Src/Flash_Global.o
 .debug_macro   0x00030bf1      0x114 ./Core/Src/Flash_Global.o
 .debug_macro   0x00030d05      0x3b6 ./Core/Src/Flash_Global.o
 .debug_macro   0x000310bb       0xac ./Core/Src/Flash_Global.o
 .debug_macro   0x00031167      0x72d ./Core/Src/Flash_Global.o
 .debug_macro   0x00031894      0x228 ./Core/Src/Flash_Global.o
 .debug_macro   0x00031abc       0x66 ./Core/Src/Flash_Global.o
 .debug_macro   0x00031b22      0x3bb ./Core/Src/Flash_Global.o
 .debug_macro   0x00031edd      0x3e4 ./Core/Src/Flash_Global.o
 .debug_macro   0x000322c1      0x275 ./Core/Src/Flash_Global.o
 .debug_macro   0x00032536      0xe42 ./Core/Src/Flash_Global.o
 .debug_macro   0x00033378      0x3ca ./Core/Src/Flash_Global.o
 .debug_macro   0x00033742      0x408 ./Core/Src/Flash_Global.o
 .debug_macro   0x00033b4a       0x51 ./Core/Src/Flash_Global.o
 .debug_macro   0x00033b9b       0x4a ./Core/Src/Flash_Global.o
 .debug_macro   0x00033be5      0x22c ./Core/Src/Flash_Global.o
 .debug_macro   0x00033e11       0x67 ./Core/Src/Flash_Global.o