Archive member included to satisfy reference by file (symbol)

C:/ST/STM32CubeIDE_1.16.1/STM32CubeIDE/plugins/com.st.stm32cube.ide.mcu.externaltools.gnu-tools-for-stm32.13.3.rel1.win32_1.0.0.202411081344/tools/bin/../lib/gcc/arm-none-eabi/13.3.1/../../../../arm-none-eabi/lib/thumb/v7e-m+dp/hard\libc_nano.a(libc_a-exit.o)
                              C:/ST/STM32CubeIDE_1.16.1/STM32CubeIDE/plugins/com.st.stm32cube.ide.mcu.externaltools.gnu-tools-for-stm32.13.3.rel1.win32_1.0.0.202411081344/tools/bin/../lib/gcc/arm-none-eabi/13.3.1/../../../../arm-none-eabi/lib/thumb/v7e-m+dp/hard/crt0.o (exit)
C:/ST/STM32CubeIDE_1.16.1/STM32CubeIDE/plugins/com.st.stm32cube.ide.mcu.externaltools.gnu-tools-for-stm32.13.3.rel1.win32_1.0.0.202411081344/tools/bin/../lib/gcc/arm-none-eabi/13.3.1/../../../../arm-none-eabi/lib/thumb/v7e-m+dp/hard\libc_nano.a(libc_a-findfp.o)
                              C:/ST/STM32CubeIDE_1.16.1/STM32CubeIDE/plugins/com.st.stm32cube.ide.mcu.externaltools.gnu-tools-for-stm32.13.3.rel1.win32_1.0.0.202411081344/tools/bin/../lib/gcc/arm-none-eabi/13.3.1/../../../../arm-none-eabi/lib/thumb/v7e-m+dp/hard\libc_nano.a(libc_a-exit.o) (__stdio_exit_handler)
C:/ST/STM32CubeIDE_1.16.1/STM32CubeIDE/plugins/com.st.stm32cube.ide.mcu.externaltools.gnu-tools-for-stm32.13.3.rel1.win32_1.0.0.202411081344/tools/bin/../lib/gcc/arm-none-eabi/13.3.1/../../../../arm-none-eabi/lib/thumb/v7e-m+dp/hard\libc_nano.a(libc_a-fwalk.o)
                              C:/ST/STM32CubeIDE_1.16.1/STM32CubeIDE/plugins/com.st.stm32cube.ide.mcu.externaltools.gnu-tools-for-stm32.13.3.rel1.win32_1.0.0.202411081344/tools/bin/../lib/gcc/arm-none-eabi/13.3.1/../../../../arm-none-eabi/lib/thumb/v7e-m+dp/hard\libc_nano.a(libc_a-findfp.o) (_fwalk_sglue)
C:/ST/STM32CubeIDE_1.16.1/STM32CubeIDE/plugins/com.st.stm32cube.ide.mcu.externaltools.gnu-tools-for-stm32.13.3.rel1.win32_1.0.0.202411081344/tools/bin/../lib/gcc/arm-none-eabi/13.3.1/../../../../arm-none-eabi/lib/thumb/v7e-m+dp/hard\libc_nano.a(libc_a-stdio.o)
                              C:/ST/STM32CubeIDE_1.16.1/STM32CubeIDE/plugins/com.st.stm32cube.ide.mcu.externaltools.gnu-tools-for-stm32.13.3.rel1.win32_1.0.0.202411081344/tools/bin/../lib/gcc/arm-none-eabi/13.3.1/../../../../arm-none-eabi/lib/thumb/v7e-m+dp/hard\libc_nano.a(libc_a-findfp.o) (__sread)
C:/ST/STM32CubeIDE_1.16.1/STM32CubeIDE/plugins/com.st.stm32cube.ide.mcu.externaltools.gnu-tools-for-stm32.13.3.rel1.win32_1.0.0.202411081344/tools/bin/../lib/gcc/arm-none-eabi/13.3.1/../../../../arm-none-eabi/lib/thumb/v7e-m+dp/hard\libc_nano.a(libc_a-vsnprintf.o)
                              ./Core/Src/Funksjoner.o (vsnprintf)
C:/ST/STM32CubeIDE_1.16.1/STM32CubeIDE/plugins/com.st.stm32cube.ide.mcu.externaltools.gnu-tools-for-stm32.13.3.rel1.win32_1.0.0.202411081344/tools/bin/../lib/gcc/arm-none-eabi/13.3.1/../../../../arm-none-eabi/lib/thumb/v7e-m+dp/hard\libc_nano.a(libc_a-memset.o)
                              C:/ST/STM32CubeIDE_1.16.1/STM32CubeIDE/plugins/com.st.stm32cube.ide.mcu.externaltools.gnu-tools-for-stm32.13.3.rel1.win32_1.0.0.202411081344/tools/bin/../lib/gcc/arm-none-eabi/13.3.1/../../../../arm-none-eabi/lib/thumb/v7e-m+dp/hard/crt0.o (memset)
C:/ST/STM32CubeIDE_1.16.1/STM32CubeIDE/plugins/com.st.stm32cube.ide.mcu.externaltools.gnu-tools-for-stm32.13.3.rel1.win32_1.0.0.202411081344/tools/bin/../lib/gcc/arm-none-eabi/13.3.1/../../../../arm-none-eabi/lib/thumb/v7e-m+dp/hard\libc_nano.a(libc_a-closer.o)
                              C:/ST/STM32CubeIDE_1.16.1/STM32CubeIDE/plugins/com.st.stm32cube.ide.mcu.externaltools.gnu-tools-for-stm32.13.3.rel1.win32_1.0.0.202411081344/tools/bin/../lib/gcc/arm-none-eabi/13.3.1/../../../../arm-none-eabi/lib/thumb/v7e-m+dp/hard\libc_nano.a(libc_a-stdio.o) (_close_r)
C:/ST/STM32CubeIDE_1.16.1/STM32CubeIDE/plugins/com.st.stm32cube.ide.mcu.externaltools.gnu-tools-for-stm32.13.3.rel1.win32_1.0.0.202411081344/tools/bin/../lib/gcc/arm-none-eabi/13.3.1/../../../../arm-none-eabi/lib/thumb/v7e-m+dp/hard\libc_nano.a(libc_a-reent.o)
                              C:/ST/STM32CubeIDE_1.16.1/STM32CubeIDE/plugins/com.st.stm32cube.ide.mcu.externaltools.gnu-tools-for-stm32.13.3.rel1.win32_1.0.0.202411081344/tools/bin/../lib/gcc/arm-none-eabi/13.3.1/../../../../arm-none-eabi/lib/thumb/v7e-m+dp/hard\libc_nano.a(libc_a-closer.o) (errno)
C:/ST/STM32CubeIDE_1.16.1/STM32CubeIDE/plugins/com.st.stm32cube.ide.mcu.externaltools.gnu-tools-for-stm32.13.3.rel1.win32_1.0.0.202411081344/tools/bin/../lib/gcc/arm-none-eabi/13.3.1/../../../../arm-none-eabi/lib/thumb/v7e-m+dp/hard\libc_nano.a(libc_a-impure.o)
                              C:/ST/STM32CubeIDE_1.16.1/STM32CubeIDE/plugins/com.st.stm32cube.ide.mcu.externaltools.gnu-tools-for-stm32.13.3.rel1.win32_1.0.0.202411081344/tools/bin/../lib/gcc/arm-none-eabi/13.3.1/../../../../arm-none-eabi/lib/thumb/v7e-m+dp/hard\libc_nano.a(libc_a-vsnprintf.o) (_impure_ptr)
[...]
Memory Configuration

Name             Origin             Length             Attributes
FLASH            0x08000000         0x00200000         xr
DTCMRAM          0x20000000         0x00020000         xrw
RAM_D1           0x24000000         0x00080000         xrw
RAM_D2           0x30000000         0x00048000         xrw
RAM_D3           0x38000000         0x00010000         xrw
ITCMRAM          0x00000000         0x00010000         xrw
*default*        0x00000000         0xffffffff

Linker script and memory map

LOAD C:/ST/STM32CubeIDE_1.16.1/STM32CubeIDE/plugins/com.st.stm32cube.ide.mcu.externaltools.gnu-tools-for-stm32.13.3.rel1.win32_1.0.0.202411081344/tools/bin/../lib/gcc/arm-none-eabi/13.3.1/thumb/v7e-m+dp/hard/crti.o
LOAD C:/ST/STM32CubeIDE_1.16.1/STM32CubeIDE/plugins/com.st.stm32cube.ide.mcu.externaltools.gnu-tools-for-stm32.13.3.rel1.win32_1.0.0.202411081344/tools/bin/../lib/gcc/arm-none-eabi/13.3.1/thumb/v7e-m+dp/hard/crtbegin.o
LOAD C:/ST/STM32CubeIDE_1.16.1/STM32CubeIDE/plugins/com.st.stm32cube.ide.mcu.externaltools.gnu-tools-for-stm32.13.3.rel1.win32_1.0.0.202411081344/tools/bin/../lib/gcc/arm-none-eabi/13.3.1/../../../../arm-none-eabi/lib/thumb/v7e-m+dp/hard/crt0.o
LOAD ./Core/Src/CAM_driver.o
LOAD ./Core/Src/CAN.o
LOAD ./Core/Src/Flash_driver.o
LOAD ./Core/Src/Funksjoner.o
LOAD ./Core/Src/main.o
LOAD ./Core/Src/stm32h7xx_hal_msp.o
LOAD ./Core/Src/stm32h7xx_it.o
LOAD ./Core/Src/syscalls.o
LOAD ./Core/Src/sysmem.o
LOAD ./Core/Src/system_stm32h7xx.o
LOAD ./Core/Startup/startup_stm32h753zitx.o
LOAD ./Drivers/STM32H7xx_HAL_Driver/Src/stm32h7xx_hal.o
LOAD ./Drivers/STM32H7xx_HAL_Driver/Src/stm32h7xx_hal_cortex.o
LOAD ./Drivers/STM32H7xx_HAL_Driver/Src/stm32h7xx_hal_dma.o
LOAD ./Drivers/STM32H7xx_HAL_Driver/Src/stm32h7xx_hal_dma_ex.o
LOAD ./Drivers/STM32H7xx_HAL_Driver/Src/stm32h7xx_hal_exti.o
LOAD ./Drivers/STM32H7xx_HAL_Driver/Src/stm32h7xx_hal_fdcan.o
LOAD ./Drivers/STM32H7xx_HAL_Driver/Src/stm32h7xx_hal_flash.o
LOAD ./Drivers/STM32H7xx_HAL_Driver/Src/stm32h7xx_hal_flash_ex.o
LOAD ./Drivers/STM32H7xx_HAL_Driver/Src/stm32h7xx_hal_gpio.o
LOAD ./Drivers/STM32H7xx_HAL_Driver/Src/stm32h7xx_hal_hsem.o
LOAD ./Drivers/STM32H7xx_HAL_Driver/Src/stm32h7xx_hal_i2c.o
LOAD ./Drivers/STM32H7xx_HAL_Driver/Src/stm32h7xx_hal_i2c_ex.o
LOAD ./Drivers/STM32H7xx_HAL_Driver/Src/stm32h7xx_hal_mdma.o
LOAD ./Drivers/STM32H7xx_HAL_Driver/Src/stm32h7xx_hal_pwr.o
LOAD ./Drivers/STM32H7xx_HAL_Driver/Src/stm32h7xx_hal_pwr_ex.o
LOAD ./Drivers/STM32H7xx_HAL_Driver/Src/stm32h7xx_hal_rcc.o
LOAD ./Drivers/STM32H7xx_HAL_Driver/Src/stm32h7xx_hal_rcc_ex.o
LOAD ./Drivers/STM32H7xx_HAL_Driver/Src/stm32h7xx_hal_spi.o
LOAD ./Drivers/STM32H7xx_HAL_Driver/Src/stm32h7xx_hal_spi_ex.o
LOAD ./Drivers/STM32H7xx_HAL_Driver/Src/stm32h7xx_hal_uart.o
LOAD ./Drivers/STM32H7xx_HAL_Driver/Src/stm32h7xx_hal_uart_ex.o
START GROUP
LOAD C:/ST/STM32CubeIDE_1.16.1/STM32CubeIDE/plugins/com.st.stm32cube.ide.mcu.externaltools.gnu-tools-for-stm32.13.3.rel1.win32_1.0.0.202411081344/tools/bin/../lib/gcc/arm-none-eabi/13.3.1/../../../../arm-none-eabi/lib/thumb/v7e-m+dp/hard\libc_nano.a
LOAD C:/ST/STM32CubeIDE_1.16.1/STM32CubeIDE/plugins/com.st.stm32cube.ide.mcu.externaltools.gnu-tools-for-stm32.13.3.rel1.win32_1.0.0.202411081344/tools/bin/../lib/gcc/arm-none-eabi/13.3.1/../../../../arm-none-eabi/lib/thumb/v7e-m+dp/hard\libm.a
END GROUP
START GROUP
LOAD C:/ST/STM32CubeIDE_1.16.1/STM32CubeIDE/plugins/com.st.stm32cube.ide.mcu.externaltools.gnu-tools-for-stm32.13.3.rel1.win32_1.0.0.202411081344/tools/bin/../lib/gcc/arm-none-eabi/13.3.1/thumb/v7e-m+dp/hard\libgcc.a
LOAD C:/ST/STM32CubeIDE_1.16.1/STM32CubeIDE/plugins/com.st.stm32cube.ide.mcu.externaltools.gnu-tools-for-stm32.13.3.rel1.win32_1.0.0.202411081344/tools/bin/../lib/gcc/arm-none-eabi/13.3.1/../../../../arm-none-eabi/lib/thumb/v7e-m+dp/hard\libc_nano.a
END GROUP
START GROUP
LOAD C:/ST/STM32CubeIDE_1.16.1/STM32CubeIDE/plugins/com.st.stm32cube.ide.mcu.externaltools.gnu-tools-for-stm32.13.3.rel1.win32_1.0.0.202411081344/tools/bin/../lib/gcc/arm-none-eabi/13.3.1/thumb/v7e-m+dp/hard\libgcc.a
LOAD C:/ST/STM32CubeIDE_1.16.1/STM32CubeIDE/plugins/com.st.stm32cube.ide.mcu.externaltools.gnu-tools-for-stm32.13.3.rel1.win32_1.0.0.202411081344/tools/bin/../lib/gcc/arm-none-eabi/13.3.1/../../../../arm-none-eabi/lib/thumb/v7e-m+dp/hard\libc_nano.a
LOAD C:/ST/STM32CubeIDE_1.16.1/STM32CubeIDE/plugins/com.st.stm32cube.ide.mcu.externaltools.gnu-tools-for-stm32.13.3.rel1.win32_1.0.0.202411081344/tools/bin/../lib/gcc/arm-none-eabi/13.3.1/../../../../arm-none-eabi/lib/thumb/v7e-m+dp/hard\libnosys.a
END GROUP
START GROUP
LOAD C:/ST/STM32CubeIDE_1.16.1/STM32CubeIDE/plugins/com.st.stm32cube.ide.mcu.externaltools.gnu-tools-for-stm32.13.3.rel1.win32_1.0.0.202411081344/tools/bin/../lib/gcc/arm-none-eabi/13.3.1/thumb/v7e-m+dp/hard\libgcc.a
LOAD C:/ST/STM32CubeIDE_1.16.1/STM32CubeIDE/plugins/com.st.stm32cube.ide.mcu.externaltools.gnu-tools-for-stm32.13.3.rel1.win32_1.0.0.202411081344/tools/bin/../lib/gcc/arm-none-eabi/13.3.1/../../../../arm-none-eabi/lib/thumb/v7e-m+dp/hard\libc_nano.a
LOAD C:/ST/STM32CubeIDE_1.16.1/STM32CubeIDE/plugins/com.st.stm32cube.ide.mcu.externaltools.gnu-tools-for-stm32.13.3.rel1.win32_1.0.0.202411081344/tools/bin/../lib/gcc/arm-none-eabi/13.3.1/../../../../arm-none-eabi/lib/thumb/v7e-m+dp/hard\libnosys.a
END GROUP
LOAD C:/ST/STM32CubeIDE_1.16.1/STM32CubeIDE/plugins/com.st.stm32cube.ide.mcu.externaltools.gnu-tools-for-stm32.13.3.rel1.win32_1.0.0.202411081344/tools/bin/../lib/gcc/arm-none-eabi/13.3.1/thumb/v7e-m+dp/hard/crtend.o
LOAD C:/ST/STM32CubeIDE_1.16.1/STM32CubeIDE/plugins/com.st.stm32cube.ide.mcu.externaltools.gnu-tools-for-stm32.13.3.rel1.win32_1.0.0.202411081344/tools/bin/../lib/gcc/arm-none-eabi/13.3.1/thumb/v7e-m+dp/hard/crtn.o
                0x24080000                        _estack = (ORIGIN (RAM_D1) + LENGTH (RAM_D1))
                0x00000200                        _Min_Heap_Size = 0x200
                0x00000400                        _Min_Stack_Size = 0x400

.isr_vector     0x08000000      0x298
                0x08000000                        . = ALIGN (0x4)
 *(.isr_vector)
 .isr_vector    0x08000000      0x298 ./Core/Startup/startup_stm32h753zitx.o
                0x08000000                g_pfnVectors
                0x08000298                        . = ALIGN (0x4)

.text           0x080002a0     0xb85c
                0x080002a0                        . = ALIGN (0x4)
 *(.text)
 .text          0x080002a0       0x40 C:/ST/STM32CubeIDE_1.16.1/STM32CubeIDE/plugins/com.st.stm32cube.ide.mcu.externaltools.gnu-tools-for-stm32.13.3.rel1.win32_1.0.0.202411081344/tools/bin/../lib/gcc/arm-none-eabi/13.3.1/thumb/v7e-m+dp/hard/crtbegin.o
 .text          0x080002e0       0x10 C:/ST/STM32CubeIDE_1.16.1/STM32CubeIDE/plugins/com.st.stm32cube.ide.mcu.externaltools.gnu-tools-for-stm32.13.3.rel1.win32_1.0.0.202411081344/tools/bin/../lib/gcc/arm-none-eabi/13.3.1/../../../../arm-none-eabi/lib/thumb/v7e-m+dp/hard\libc_nano.a(libc_a-strlen.o)
                0x080002e0                strlen
 .text          0x080002f0       0xa0 C:/ST/STM32CubeIDE_1.16.1/STM32CubeIDE/plugins/com.st.stm32cube.ide.mcu.externaltools.gnu-tools-for-stm32.13.3.rel1.win32_1.0.0.202411081344/tools/bin/../lib/gcc/arm-none-eabi/13.3.1/../../../../arm-none-eabi/lib/thumb/v7e-m+dp/hard\libc_nano.a(libc_a-memchr.o)
                0x080002f0                memchr
 .text          0x08000390       0x30 C:/ST/STM32CubeIDE_1.16.1/STM32CubeIDE/plugins/com.st.stm32cube.ide.mcu.externaltools.gnu-tools-for-stm32.13.3.rel1.win32_1.0.0.202411081344/tools/bin/../lib/gcc/arm-none-eabi/13.3.1/thumb/v7e-m+dp/hard\libgcc.a(_aeabi_uldivmod.o)
                0x08000390                __aeabi_uldivmod
 .text          0x080003c0      0x2f8 C:/ST/STM32CubeIDE_1.16.1/STM32CubeIDE/plugins/com.st.stm32cube.ide.mcu.externaltools.gnu-tools-for-stm32.13.3.rel1.win32_1.0.0.202411081344/tools/bin/../lib/gcc/arm-none-eabi/13.3.1/thumb/v7e-m+dp/hard\libgcc.a(_udivmoddi4.o)
                0x080003c0                __udivmoddi4
 .text          0x080006b8        0x4 C:/ST/STM32CubeIDE_1.16.1/STM32CubeIDE/plugins/com.st.stm32cube.ide.mcu.externaltools.gnu-tools-for-stm32.13.3.rel1.win32_1.0.0.202411081344/tools/bin/../lib/gcc/arm-none-eabi/13.3.1/thumb/v7e-m+dp/hard\libgcc.a(_dvmd_tls.o)
                0x080006b8                __aeabi_idiv0
                0x080006b8                __aeabi_ldiv0
 *(.text*)
 .text.command_cam
                0x080006bc       0x2a ./Core/Src/CAM_driver.o
                0x080006bc                command_cam
 *fill*         0x080006e6        0x2 
 .text.CAN_SendMessage
                0x080006e8       0x68 ./Core/Src/CAN.o
                0x080006e8                CAN_SendMessage
 .text.CAN_SendStatus
                0x08000750       0xec ./Core/Src/CAN.o
                0x08000750                CAN_SendStatus
 .text.Flash_Init
                0x0800083c      0x1c0 ./Core/Src/Flash_driver.o
                0x0800083c                Flash_Init
 .text.Read_Register
                0x080009fc       0x4a ./Core/Src/Flash_driver.o
                0x080009fc                Read_Register
 *fill*         0x08000a46        0x2 
 .text.Write_Data
                0x08000a48       0xa4 ./Core/Src/Flash_driver.o
                0x08000a48                Write_Data
 .text.Write_to_page
                0x08000aec      0x108 ./Core/Src/Flash_driver.o
                0x08000aec                Write_to_page
 .text.Read_Data
                0x08000bf4       0x2a ./Core/Src/Flash_driver.o
                0x08000bf4                Read_Data
 *fill*         0x08000c1e        0x2 
 .text.Automatic_Block_Managment
                0x08000c20       0x4c ./Core/Src/Flash_driver.o
                0x08000c20                Automatic_Block_Managment
 .text.Chip_Erase
                0x08000c6c       0xac ./Core/Src/Flash_driver.o
                0x08000c6c                Chip_Erase
 .text.Read_Data_Cont
                0x08000d18      0x128 ./Core/Src/Flash_driver.o
                0x08000d18                Read_Data_Cont
 .text.Write_Enable
                0x08000e40       0x40 ./Core/Src/Flash_driver.o
                0x08000e40                Write_Enable
 .text.Read_Status_Register
                0x08000e80       0x60 ./Core/Src/Flash_driver.o
                0x08000e80                Read_Status_Register
 .text.Write_Status_Register
                0x08000ee0       0x5c ./Core/Src/Flash_driver.o
                0x08000ee0                Write_Status_Register
 .text.Read_ID  0x08000f3c       0x68 ./Core/Src/Flash_driver.o
                0x08000f3c                Read_ID
 .text.Write_Data_Buffer
                0x08000fa4       0x78 ./Core/Src/Flash_driver.o
                0x08000fa4                Write_Data_Buffer
 .text.Program_Page_Flash
                0x0800101c       0x68 ./Core/Src/Flash_driver.o
                0x0800101c                Program_Page_Flash
 .text.Select_Page_Read
                0x08001084       0x64 ./Core/Src/Flash_driver.o
                0x08001084                Select_Page_Read
 .text.Read_Data_Buffer
                0x080010e8       0x68 ./Core/Src/Flash_driver.o
                0x080010e8                Read_Data_Buffer
 .text.Block_Erase
                0x08001150       0x68 ./Core/Src/Flash_driver.o
                0x08001150                Block_Erase
 .text.delay_ns
                0x080011b8       0x54 ./Core/Src/Funksjoner.o
                0x080011b8                delay_ns
 .text.USART3_Printf
                0x0800120c       0x4c ./Core/Src/Funksjoner.o
                0x0800120c                USART3_Printf
 .text.W25N_WaitForReady
                0x08001258       0x30 ./Core/Src/Funksjoner.o
                0x08001258                W25N_WaitForReady
 .text.__NVIC_SystemReset
                0x08001288       0x2c ./Core/Src/main.o
 .text.main     0x080012b4      0x280 ./Core/Src/main.o
                0x080012b4                main
 .text.SystemClock_Config
                0x08001534       0xf8 ./Core/Src/main.o
                0x08001534                SystemClock_Config
 .text.MX_FDCAN1_Init
                0x0800162c      0x114 ./Core/Src/main.o
 .text.MX_SPI1_Init
                0x08001740       0xac ./Core/Src/main.o
 .text.MX_UART5_Init
                0x080017ec       0x98 ./Core/Src/main.o
 .text.MX_UART8_Init
                0x08001884       0x98 ./Core/Src/main.o
 .text.MX_USART2_UART_Init
                0x0800191c       0x98 ./Core/Src/main.o
 .text.MX_USART3_UART_Init
                0x080019b4       0x98 ./Core/Src/main.o
 .text.MX_GPIO_Init
                0x08001a4c      0x1b0 ./Core/Src/main.o
 .text.init     0x08001bfc       0xf4 ./Core/Src/main.o
 .text.MPU_Config
                0x08001cf0       0x58 ./Core/Src/main.o
 .text.Error_Handler
                0x08001d48       0x14 ./Core/Src/main.o
                0x08001d48                Error_Handler
 .text.HAL_MspInit
                0x08001d5c       0x34 ./Core/Src/stm32h7xx_hal_msp.o
                0x08001d5c                HAL_MspInit
 .text.HAL_FDCAN_MspInit
                0x08001d90      0x104 ./Core/Src/stm32h7xx_hal_msp.o
                0x08001d90                HAL_FDCAN_MspInit
 .text.HAL_SPI_MspInit
                0x08001e94       0xd0 ./Core/Src/stm32h7xx_hal_msp.o
                0x08001e94                HAL_SPI_MspInit
 .text.HAL_UART_MspInit
                0x08001f64      0x2e8 ./Core/Src/stm32h7xx_hal_msp.o
                0x08001f64                HAL_UART_MspInit
 .text.NMI_Handler
                0x0800224c        0x8 ./Core/Src/stm32h7xx_it.o
                0x0800224c                NMI_Handler
 .text.HardFault_Handler
                0x08002254        0x8 ./Core/Src/stm32h7xx_it.o
                0x08002254                HardFault_Handler
 .text.MemManage_Handler
                0x0800225c        0x8 ./Core/Src/stm32h7xx_it.o
                0x0800225c                MemManage_Handler
 .text.BusFault_Handler
                0x08002264        0x8 ./Core/Src/stm32h7xx_it.o
                0x08002264                BusFault_Handler
 .text.UsageFault_Handler
                0x0800226c        0x8 ./Core/Src/stm32h7xx_it.o
                0x0800226c                UsageFault_Handler
 .text.SVC_Handler
                0x08002274        0xe ./Core/Src/stm32h7xx_it.o
                0x08002274                SVC_Handler
 .text.DebugMon_Handler
                0x08002282        0xe ./Core/Src/stm32h7xx_it.o
                0x08002282                DebugMon_Handler
 .text.PendSV_Handler
                0x08002290        0xe ./Core/Src/stm32h7xx_it.o
                0x08002290                PendSV_Handler
 *fill*         0x0800229e        0x2 
 .text.SysTick_Handler
                0x080022a0       0xdc ./Core/Src/stm32h7xx_it.o
                0x080022a0                SysTick_Handler
 .text.FDCAN1_IT0_IRQHandler
                0x0800237c       0x14 ./Core/Src/stm32h7xx_it.o
                0x0800237c                FDCAN1_IT0_IRQHandler
 .text.USART2_IRQHandler
                0x08002390       0x14 ./Core/Src/stm32h7xx_it.o
                0x08002390                USART2_IRQHandler
 .text.UART5_IRQHandler
                0x080023a4       0x14 ./Core/Src/stm32h7xx_it.o
                0x080023a4                UART5_IRQHandler
 .text.UART8_IRQHandler
                0x080023b8       0x14 ./Core/Src/stm32h7xx_it.o
                0x080023b8                UART8_IRQHandler
 .text.HAL_FDCAN_RxFifo0Callback
                0x080023cc      0x1e0 ./Core/Src/stm32h7xx_it.o
                0x080023cc                HAL_FDCAN_RxFifo0Callback
 .text.HAL_UART_RxCpltCallback
                0x080025ac       0x70 ./Core/Src/stm32h7xx_it.o
                0x080025ac                HAL_UART_RxCpltCallback
 .text._sbrk    0x0800261c       0x6c ./Core/Src/sysmem.o
                0x0800261c                _sbrk
 .text.SystemInit
                0x08002688      0x140 ./Core/Src/system_stm32h7xx.o
                0x08002688                SystemInit
 .text.ExitRun0Mode
                0x080027c8       0x30 ./Core/Src/system_stm32h7xx.o
                0x080027c8                ExitRun0Mode
 .text.Reset_Handler
                0x080027f8       0x54 ./Core/Startup/startup_stm32h753zitx.o
                0x080027f8                Reset_Handler
 .text.Default_Handler
                0x0800284c        0x2 ./Core/Startup/startup_stm32h753zitx.o
                0x0800284c                RTC_Alarm_IRQHandler
                0x0800284c                HASH_RNG_IRQHandler
                0x0800284c                EXTI2_IRQHandler
                0x0800284c                TIM8_CC_IRQHandler
                0x0800284c                HRTIM1_Master_IRQHandler
                0x0800284c                SPI4_IRQHandler
                0x0800284c                TIM1_CC_IRQHandler
                0x0800284c                BDMA_Channel6_IRQHandler
                0x0800284c                DMA2_Stream5_IRQHandler
                0x0800284c                HRTIM1_FLT_IRQHandler
                0x0800284c                JPEG_IRQHandler
                0x0800284c                DMA1_Stream5_IRQHandler
                0x0800284c                BDMA_Channel1_IRQHandler
                0x0800284c                HRTIM1_TIMD_IRQHandler
                0x0800284c                TAMP_STAMP_IRQHandler
                0x0800284c                EXTI3_IRQHandler
                0x0800284c                LPTIM4_IRQHandler
                0x0800284c                TIM8_TRG_COM_TIM14_IRQHandler
                0x0800284c                LPTIM2_IRQHandler
                0x0800284c                DFSDM1_FLT1_IRQHandler
                0x0800284c                DMAMUX2_OVR_IRQHandler
                0x0800284c                TIM8_UP_TIM13_IRQHandler
                0x0800284c                I2C3_ER_IRQHandler
                0x0800284c                DFSDM1_FLT2_IRQHandler
                0x0800284c                MDMA_IRQHandler
                0x0800284c                LPTIM3_IRQHandler
                0x0800284c                HSEM1_IRQHandler
                0x0800284c                EXTI0_IRQHandler
                0x0800284c                I2C2_EV_IRQHandler
                0x0800284c                DMA1_Stream2_IRQHandler
                0x0800284c                FPU_IRQHandler
                0x0800284c                OTG_HS_WKUP_IRQHandler
                0x0800284c                FDCAN1_IT1_IRQHandler
                0x0800284c                LTDC_ER_IRQHandler
                0x0800284c                DMA2_Stream2_IRQHandler
                0x0800284c                HRTIM1_TIME_IRQHandler
                0x0800284c                SPI1_IRQHandler
                0x0800284c                TIM6_DAC_IRQHandler
                0x0800284c                DCMI_IRQHandler
                0x0800284c                HRTIM1_TIMC_IRQHandler
                0x0800284c                DMA2_Stream3_IRQHandler
                0x0800284c                SAI2_IRQHandler
                0x0800284c                DFSDM1_FLT3_IRQHandler
                0x0800284c                USART6_IRQHandler
                0x0800284c                TIM17_IRQHandler
                0x0800284c                USART3_IRQHandler
                0x0800284c                BDMA_Channel7_IRQHandler
                0x0800284c                CRYP_IRQHandler
                0x0800284c                LPTIM5_IRQHandler
                0x0800284c                ADC3_IRQHandler
                0x0800284c                DMA2_Stream0_IRQHandler
                0x0800284c                TIM4_IRQHandler
                0x0800284c                BDMA_Channel2_IRQHandler
                0x0800284c                QUADSPI_IRQHandler
                0x0800284c                I2C1_EV_IRQHandler
                0x0800284c                DMA1_Stream6_IRQHandler
                0x0800284c                DMAMUX1_OVR_IRQHandler
                0x0800284c                DMA1_Stream1_IRQHandler
                0x0800284c                TIM16_IRQHandler
                0x0800284c                UART4_IRQHandler
                0x0800284c                BDMA_Channel5_IRQHandler
                0x0800284c                TIM3_IRQHandler
                0x0800284c                RCC_IRQHandler
                0x0800284c                TIM8_BRK_TIM12_IRQHandler
                0x0800284c                TIM1_TRG_COM_IRQHandler
                0x0800284c                Default_Handler
                0x0800284c                ECC_IRQHandler
                0x0800284c                CEC_IRQHandler
                0x0800284c                EXTI15_10_IRQHandler
                0x0800284c                BDMA_Channel0_IRQHandler
                0x0800284c                ADC_IRQHandler
                0x0800284c                DMA1_Stream7_IRQHandler
                0x0800284c                HRTIM1_TIMA_IRQHandler
                0x0800284c                SPI5_IRQHandler
                0x0800284c                TIM7_IRQHandler
                0x0800284c                SDMMC1_IRQHandler
                0x0800284c                TIM5_IRQHandler
                0x0800284c                DMA2_Stream7_IRQHandler
                0x0800284c                TIM15_IRQHandler
                0x0800284c                PVD_AVD_IRQHandler
                0x0800284c                I2C3_EV_IRQHandler
                0x0800284c                EXTI9_5_IRQHandler
                0x0800284c                RTC_WKUP_IRQHandler
                0x0800284c                LTDC_IRQHandler
                0x0800284c                SAI3_IRQHandler
                0x0800284c                ETH_WKUP_IRQHandler
                0x0800284c                SPDIF_RX_IRQHandler
                0x0800284c                SPI2_IRQHandler
                0x0800284c                OTG_HS_EP1_IN_IRQHandler
                0x0800284c                DMA1_Stream0_IRQHandler
                0x0800284c                CRS_IRQHandler
                0x0800284c                EXTI4_IRQHandler
                0x0800284c                HRTIM1_TIMB_IRQHandler
                0x0800284c                FDCAN2_IT1_IRQHandler
                0x0800284c                ETH_IRQHandler
                0x0800284c                TIM1_UP_IRQHandler
                0x0800284c                BDMA_Channel4_IRQHandler
                0x0800284c                OTG_HS_EP1_OUT_IRQHandler
                0x0800284c                WWDG_IRQHandler
                0x0800284c                SPI6_IRQHandler
                0x0800284c                MDIOS_IRQHandler
                0x0800284c                I2C4_EV_IRQHandler
                0x0800284c                FDCAN2_IT0_IRQHandler
                0x0800284c                LPUART1_IRQHandler
                0x0800284c                TIM2_IRQHandler
                0x0800284c                OTG_FS_WKUP_IRQHandler
                0x0800284c                OTG_HS_IRQHandler
                0x0800284c                DMA2D_IRQHandler
                0x0800284c                TIM1_BRK_IRQHandler
                0x0800284c                EXTI1_IRQHandler
                0x0800284c                SDMMC2_IRQHandler
                0x0800284c                OTG_FS_EP1_OUT_IRQHandler
                0x0800284c                BDMA_Channel3_IRQHandler
                0x0800284c                UART7_IRQHandler
                0x0800284c                MDIOS_WKUP_IRQHandler
                0x0800284c                DFSDM1_FLT0_IRQHandler
                0x0800284c                SAI4_IRQHandler
                0x0800284c                I2C2_ER_IRQHandler
                0x0800284c                DMA2_Stream1_IRQHandler
                0x0800284c                FLASH_IRQHandler
                0x0800284c                DMA2_Stream4_IRQHandler
                0x0800284c                USART1_IRQHandler
                0x0800284c                OTG_FS_IRQHandler
                0x0800284c                SPI3_IRQHandler
                0x0800284c                WAKEUP_PIN_IRQHandler
                0x0800284c                DMA1_Stream4_IRQHandler
                0x0800284c                OTG_FS_EP1_IN_IRQHandler
                0x0800284c                I2C1_ER_IRQHandler
                0x0800284c                FMC_IRQHandler
                0x0800284c                FDCAN_CAL_IRQHandler
                0x0800284c                SWPMI1_IRQHandler
                0x0800284c                COMP1_IRQHandler
                0x0800284c                LPTIM1_IRQHandler
                0x0800284c                I2C4_ER_IRQHandler
                0x0800284c                DMA2_Stream6_IRQHandler
                0x0800284c                SAI1_IRQHandler
                0x0800284c                DMA1_Stream3_IRQHandler
 *fill*         0x0800284e        0x2 
 .text.HAL_Init
                0x08002850       0x78 ./Drivers/STM32H7xx_HAL_Driver/Src/stm32h7xx_hal.o
                0x08002850                HAL_Init
 .text.HAL_InitTick
                0x080028c8       0x6c ./Drivers/STM32H7xx_HAL_Driver/Src/stm32h7xx_hal.o
                0x080028c8                HAL_InitTick
 .text.HAL_IncTick
                0x08002934       0x28 ./Drivers/STM32H7xx_HAL_Driver/Src/stm32h7xx_hal.o
                0x08002934                HAL_IncTick
 .text.HAL_GetTick
                0x0800295c       0x18 ./Drivers/STM32H7xx_HAL_Driver/Src/stm32h7xx_hal.o
                0x0800295c                HAL_GetTick
 .text.HAL_GetREVID
                0x08002974       0x18 ./Drivers/STM32H7xx_HAL_Driver/Src/stm32h7xx_hal.o
                0x08002974                HAL_GetREVID
 .text.__NVIC_SetPriorityGrouping
                0x0800298c       0x48 ./Drivers/STM32H7xx_HAL_Driver/Src/stm32h7xx_hal_cortex.o
 .text.__NVIC_GetPriorityGrouping
                0x080029d4       0x1c ./Drivers/STM32H7xx_HAL_Driver/Src/stm32h7xx_hal_cortex.o
 .text.__NVIC_EnableIRQ
                0x080029f0       0x3c ./Drivers/STM32H7xx_HAL_Driver/Src/stm32h7xx_hal_cortex.o
 .text.__NVIC_SetPriority
                0x08002a2c       0x54 ./Drivers/STM32H7xx_HAL_Driver/Src/stm32h7xx_hal_cortex.o
 .text.NVIC_EncodePriority
                0x08002a80       0x66 ./Drivers/STM32H7xx_HAL_Driver/Src/stm32h7xx_hal_cortex.o
 *fill*         0x08002ae6        0x2 
 .text.SysTick_Config
                0x08002ae8       0x44 ./Drivers/STM32H7xx_HAL_Driver/Src/stm32h7xx_hal_cortex.o
 .text.HAL_NVIC_SetPriorityGrouping
                0x08002b2c       0x16 ./Drivers/STM32H7xx_HAL_Driver/Src/stm32h7xx_hal_cortex.o
                0x08002b2c                HAL_NVIC_SetPriorityGrouping
 .text.HAL_NVIC_SetPriority
                0x08002b42       0x34 ./Drivers/STM32H7xx_HAL_Driver/Src/stm32h7xx_hal_cortex.o
                0x08002b42                HAL_NVIC_SetPriority
 .text.HAL_NVIC_EnableIRQ
                0x08002b76       0x1c ./Drivers/STM32H7xx_HAL_Driver/Src/stm32h7xx_hal_cortex.o
                0x08002b76                HAL_NVIC_EnableIRQ
 .text.HAL_SYSTICK_Config
                0x08002b92       0x18 ./Drivers/STM32H7xx_HAL_Driver/Src/stm32h7xx_hal_cortex.o
                0x08002b92                HAL_SYSTICK_Config
 *fill*         0x08002baa        0x2 
 .text.HAL_MPU_Disable
                0x08002bac       0x30 ./Drivers/STM32H7xx_HAL_Driver/Src/stm32h7xx_hal_cortex.o
                0x08002bac                HAL_MPU_Disable
 .text.HAL_MPU_Enable
                0x08002bdc       0x40 ./Drivers/STM32H7xx_HAL_Driver/Src/stm32h7xx_hal_cortex.o
                0x08002bdc                HAL_MPU_Enable
 .text.HAL_MPU_ConfigRegion
                0x08002c1c       0x80 ./Drivers/STM32H7xx_HAL_Driver/Src/stm32h7xx_hal_cortex.o
                0x08002c1c                HAL_MPU_ConfigRegion
 .text.HAL_DMA_Abort
                0x08002c9c      0x63c ./Drivers/STM32H7xx_HAL_Driver/Src/stm32h7xx_hal_dma.o
                0x08002c9c                HAL_DMA_Abort
 .text.HAL_DMA_Abort_IT
                0x080032d8      0x48c ./Drivers/STM32H7xx_HAL_Driver/Src/stm32h7xx_hal_dma.o
                0x080032d8                HAL_DMA_Abort_IT
 .text.HAL_FDCAN_Init
                0x08003764      0x3bc ./Drivers/STM32H7xx_HAL_Driver/Src/stm32h7xx_hal_fdcan.o
                0x08003764                HAL_FDCAN_Init
 .text.HAL_FDCAN_Start
                0x08003b20       0x56 ./Drivers/STM32H7xx_HAL_Driver/Src/stm32h7xx_hal_fdcan.o
                0x08003b20                HAL_FDCAN_Start
 .text.HAL_FDCAN_AddMessageToTxFifoQ
                0x08003b76       0xb6 ./Drivers/STM32H7xx_HAL_Driver/Src/stm32h7xx_hal_fdcan.o
                0x08003b76                HAL_FDCAN_AddMessageToTxFifoQ
 .text.HAL_FDCAN_GetRxMessage
                0x08003c2c      0x2d8 ./Drivers/STM32H7xx_HAL_Driver/Src/stm32h7xx_hal_fdcan.o
                0x08003c2c                HAL_FDCAN_GetRxMessage
 .text.HAL_FDCAN_ActivateNotification
                0x08003f04       0xf4 ./Drivers/STM32H7xx_HAL_Driver/Src/stm32h7xx_hal_fdcan.o
                0x08003f04                HAL_FDCAN_ActivateNotification
 .text.HAL_FDCAN_IRQHandler
                0x08003ff8      0x4bc ./Drivers/STM32H7xx_HAL_Driver/Src/stm32h7xx_hal_fdcan.o
                0x08003ff8                HAL_FDCAN_IRQHandler
 .text.HAL_FDCAN_ClockCalibrationCallback
                0x080044b4       0x16 ./Drivers/STM32H7xx_HAL_Driver/Src/stm32h7xx_hal_fdcan.o
                0x080044b4                HAL_FDCAN_ClockCalibrationCallback
 .text.HAL_FDCAN_TxEventFifoCallback
                0x080044ca       0x16 ./Drivers/STM32H7xx_HAL_Driver/Src/stm32h7xx_hal_fdcan.o
                0x080044ca                HAL_FDCAN_TxEventFifoCallback
 .text.HAL_FDCAN_RxFifo1Callback
                0x080044e0       0x16 ./Drivers/STM32H7xx_HAL_Driver/Src/stm32h7xx_hal_fdcan.o
                0x080044e0                HAL_FDCAN_RxFifo1Callback
 .text.HAL_FDCAN_TxFifoEmptyCallback
                0x080044f6       0x14 ./Drivers/STM32H7xx_HAL_Driver/Src/stm32h7xx_hal_fdcan.o
                0x080044f6                HAL_FDCAN_TxFifoEmptyCallback
 .text.HAL_FDCAN_TxBufferCompleteCallback
                0x0800450a       0x16 ./Drivers/STM32H7xx_HAL_Driver/Src/stm32h7xx_hal_fdcan.o
                0x0800450a                HAL_FDCAN_TxBufferCompleteCallback
 .text.HAL_FDCAN_TxBufferAbortCallback
                0x08004520       0x16 ./Drivers/STM32H7xx_HAL_Driver/Src/stm32h7xx_hal_fdcan.o
                0x08004520                HAL_FDCAN_TxBufferAbortCallback
 .text.HAL_FDCAN_RxBufferNewMessageCallback
                0x08004536       0x14 ./Drivers/STM32H7xx_HAL_Driver/Src/stm32h7xx_hal_fdcan.o
                0x08004536                HAL_FDCAN_RxBufferNewMessageCallback
 .text.HAL_FDCAN_TimestampWraparoundCallback
                0x0800454a       0x14 ./Drivers/STM32H7xx_HAL_Driver/Src/stm32h7xx_hal_fdcan.o
                0x0800454a                HAL_FDCAN_TimestampWraparoundCallback
 .text.HAL_FDCAN_TimeoutOccurredCallback
                0x0800455e       0x14 ./Drivers/STM32H7xx_HAL_Driver/Src/stm32h7xx_hal_fdcan.o
                0x0800455e                HAL_FDCAN_TimeoutOccurredCallback
 .text.HAL_FDCAN_HighPriorityMessageCallback
                0x08004572       0x14 ./Drivers/STM32H7xx_HAL_Driver/Src/stm32h7xx_hal_fdcan.o
                0x08004572                HAL_FDCAN_HighPriorityMessageCallback
 .text.HAL_FDCAN_ErrorCallback
                0x08004586       0x14 ./Drivers/STM32H7xx_HAL_Driver/Src/stm32h7xx_hal_fdcan.o
                0x08004586                HAL_FDCAN_ErrorCallback
 .text.HAL_FDCAN_ErrorStatusCallback
                0x0800459a       0x16 ./Drivers/STM32H7xx_HAL_Driver/Src/stm32h7xx_hal_fdcan.o
                0x0800459a                HAL_FDCAN_ErrorStatusCallback
 .text.HAL_FDCAN_TT_ScheduleSyncCallback
                0x080045b0       0x16 ./Drivers/STM32H7xx_HAL_Driver/Src/stm32h7xx_hal_fdcan.o
                0x080045b0                HAL_FDCAN_TT_ScheduleSyncCallback
 .text.HAL_FDCAN_TT_TimeMarkCallback
                0x080045c6       0x16 ./Drivers/STM32H7xx_HAL_Driver/Src/stm32h7xx_hal_fdcan.o
                0x080045c6                HAL_FDCAN_TT_TimeMarkCallback
 .text.HAL_FDCAN_TT_StopWatchCallback
                0x080045dc       0x18 ./Drivers/STM32H7xx_HAL_Driver/Src/stm32h7xx_hal_fdcan.o
                0x080045dc                HAL_FDCAN_TT_StopWatchCallback
 .text.HAL_FDCAN_TT_GlobalTimeCallback
                0x080045f4       0x16 ./Drivers/STM32H7xx_HAL_Driver/Src/stm32h7xx_hal_fdcan.o
                0x080045f4                HAL_FDCAN_TT_GlobalTimeCallback
 *fill*         0x0800460a        0x2 
 .text.FDCAN_CalcultateRamBlockAddresses
                0x0800460c      0x30c ./Drivers/STM32H7xx_HAL_Driver/Src/stm32h7xx_hal_fdcan.o
 .text.FDCAN_CopyMessageToRAM
                0x08004918       0xfc ./Drivers/STM32H7xx_HAL_Driver/Src/stm32h7xx_hal_fdcan.o
 .text.HAL_GPIO_Init
                0x08004a14      0x360 ./Drivers/STM32H7xx_HAL_Driver/Src/stm32h7xx_hal_gpio.o
                0x08004a14                HAL_GPIO_Init
 .text.HAL_GPIO_ReadPin
                0x08004d74       0x30 ./Drivers/STM32H7xx_HAL_Driver/Src/stm32h7xx_hal_gpio.o
                0x08004d74                HAL_GPIO_ReadPin
 .text.HAL_GPIO_WritePin
                0x08004da4       0x32 ./Drivers/STM32H7xx_HAL_Driver/Src/stm32h7xx_hal_gpio.o
                0x08004da4                HAL_GPIO_WritePin
 *fill*         0x08004dd6        0x2 
 .text.HAL_PWREx_ConfigSupply
                0x08004dd8       0x74 ./Drivers/STM32H7xx_HAL_Driver/Src/stm32h7xx_hal_pwr_ex.o
                0x08004dd8                HAL_PWREx_ConfigSupply
 .text.HAL_RCC_OscConfig
                0x08004e4c      0x8b4 ./Drivers/STM32H7xx_HAL_Driver/Src/stm32h7xx_hal_rcc.o
                0x08004e4c                HAL_RCC_OscConfig
 .text.HAL_RCC_ClockConfig
                0x08005700      0x36c ./Drivers/STM32H7xx_HAL_Driver/Src/stm32h7xx_hal_rcc.o
                0x08005700                HAL_RCC_ClockConfig
 .text.HAL_RCC_GetSysClockFreq
                0x08005a6c      0x2f4 ./Drivers/STM32H7xx_HAL_Driver/Src/stm32h7xx_hal_rcc.o
                0x08005a6c                HAL_RCC_GetSysClockFreq
 .text.HAL_RCC_GetHCLKFreq
                0x08005d60       0x60 ./Drivers/STM32H7xx_HAL_Driver/Src/stm32h7xx_hal_rcc.o
                0x08005d60                HAL_RCC_GetHCLKFreq
 .text.HAL_RCC_GetPCLK1Freq
                0x08005dc0       0x2c ./Drivers/STM32H7xx_HAL_Driver/Src/stm32h7xx_hal_rcc.o
                0x08005dc0                HAL_RCC_GetPCLK1Freq
 .text.HAL_RCC_GetPCLK2Freq
                0x08005dec       0x2c ./Drivers/STM32H7xx_HAL_Driver/Src/stm32h7xx_hal_rcc.o
                0x08005dec                HAL_RCC_GetPCLK2Freq
 .text.HAL_RCCEx_PeriphCLKConfig
                0x08005e18     0x1414 ./Drivers/STM32H7xx_HAL_Driver/Src/stm32h7xx_hal_rcc_ex.o
                0x08005e18                HAL_RCCEx_PeriphCLKConfig
 .text.HAL_RCCEx_GetD3PCLK1Freq
                0x0800722c       0x2c ./Drivers/STM32H7xx_HAL_Driver/Src/stm32h7xx_hal_rcc_ex.o
                0x0800722c                HAL_RCCEx_GetD3PCLK1Freq
 .text.HAL_RCCEx_GetPLL2ClockFreq
                0x08007258      0x2a8 ./Drivers/STM32H7xx_HAL_Driver/Src/stm32h7xx_hal_rcc_ex.o
                0x08007258                HAL_RCCEx_GetPLL2ClockFreq
 .text.HAL_RCCEx_GetPLL3ClockFreq
                0x08007500      0x2a8 ./Drivers/STM32H7xx_HAL_Driver/Src/stm32h7xx_hal_rcc_ex.o
                0x08007500                HAL_RCCEx_GetPLL3ClockFreq
 .text.RCCEx_PLL2_Config
                0x080077a8      0x164 ./Drivers/STM32H7xx_HAL_Driver/Src/stm32h7xx_hal_rcc_ex.o
 .text.RCCEx_PLL3_Config
                0x0800790c      0x164 ./Drivers/STM32H7xx_HAL_Driver/Src/stm32h7xx_hal_rcc_ex.o
 .text.HAL_SPI_Init
                0x08007a70      0x248 ./Drivers/STM32H7xx_HAL_Driver/Src/stm32h7xx_hal_spi.o
                0x08007a70                HAL_SPI_Init
 .text.HAL_SPI_Transmit
                0x08007cb8      0x3dc ./Drivers/STM32H7xx_HAL_Driver/Src/stm32h7xx_hal_spi.o
                0x08007cb8                HAL_SPI_Transmit
 .text.HAL_SPI_Receive
                0x08008094      0x4e4 ./Drivers/STM32H7xx_HAL_Driver/Src/stm32h7xx_hal_spi.o
                0x08008094                HAL_SPI_Receive
 .text.SPI_CloseTransfer
                0x08008578      0x140 ./Drivers/STM32H7xx_HAL_Driver/Src/stm32h7xx_hal_spi.o
 .text.SPI_WaitOnFlagUntilTimeout
                0x080086b8       0x5c ./Drivers/STM32H7xx_HAL_Driver/Src/stm32h7xx_hal_spi.o
 .text.SPI_GetPacketSize
                0x08008714       0x36 ./Drivers/STM32H7xx_HAL_Driver/Src/stm32h7xx_hal_spi.o
 .text.HAL_UART_Init
                0x0800874a       0xa0 ./Drivers/STM32H7xx_HAL_Driver/Src/stm32h7xx_hal_uart.o
                0x0800874a                HAL_UART_Init
 .text.HAL_UART_Transmit
                0x080087ea      0x11c ./Drivers/STM32H7xx_HAL_Driver/Src/stm32h7xx_hal_uart.o
                0x080087ea                HAL_UART_Transmit
 .text.HAL_UART_Receive
                0x08008906      0x190 ./Drivers/STM32H7xx_HAL_Driver/Src/stm32h7xx_hal_uart.o
                0x08008906                HAL_UART_Receive
 *fill*         0x08008a96        0x2 
 .text.HAL_UART_Receive_IT
                0x08008a98       0x98 ./Drivers/STM32H7xx_HAL_Driver/Src/stm32h7xx_hal_uart.o
                0x08008a98                HAL_UART_Receive_IT
 .text.HAL_UART_IRQHandler
                0x08008b30      0x7ac ./Drivers/STM32H7xx_HAL_Driver/Src/stm32h7xx_hal_uart.o
                0x08008b30                HAL_UART_IRQHandler
 .text.HAL_UART_TxCpltCallback
                0x080092dc       0x14 ./Drivers/STM32H7xx_HAL_Driver/Src/stm32h7xx_hal_uart.o
                0x080092dc                HAL_UART_TxCpltCallback
 .text.HAL_UART_ErrorCallback
                0x080092f0       0x14 ./Drivers/STM32H7xx_HAL_Driver/Src/stm32h7xx_hal_uart.o
                0x080092f0                HAL_UART_ErrorCallback
 .text.HAL_UARTEx_RxEventCallback
                0x08009304       0x18 ./Drivers/STM32H7xx_HAL_Driver/Src/stm32h7xx_hal_uart.o
                0x08009304                HAL_UARTEx_RxEventCallback
 .text.UART_SetConfig
                0x0800931c      0xad0 ./Drivers/STM32H7xx_HAL_Driver/Src/stm32h7xx_hal_uart.o
                0x0800931c                UART_SetConfig
 .text.UART_AdvFeatureConfig
                0x08009dec      0x144 ./Drivers/STM32H7xx_HAL_Driver/Src/stm32h7xx_hal_uart.o
                0x08009dec                UART_AdvFeatureConfig
 .text.UART_CheckIdleState
                0x08009f30      0x154 ./Drivers/STM32H7xx_HAL_Driver/Src/stm32h7xx_hal_uart.o
                0x08009f30                UART_CheckIdleState
 .text.UART_WaitOnFlagUntilTimeout
                0x0800a084       0xda ./Drivers/STM32H7xx_HAL_Driver/Src/stm32h7xx_hal_uart.o
                0x0800a084                UART_WaitOnFlagUntilTimeout
 *fill*         0x0800a15e        0x2 
 .text.UART_Start_Receive_IT
                0x0800a160      0x244 ./Drivers/STM32H7xx_HAL_Driver/Src/stm32h7xx_hal_uart.o
                0x0800a160                UART_Start_Receive_IT
 .text.UART_EndRxTransfer
                0x0800a3a4       0xcc ./Drivers/STM32H7xx_HAL_Driver/Src/stm32h7xx_hal_uart.o
 .text.UART_DMAAbortOnError
                0x0800a470       0x24 ./Drivers/STM32H7xx_HAL_Driver/Src/stm32h7xx_hal_uart.o
 .text.UART_EndTransmit_IT
                0x0800a494       0x56 ./Drivers/STM32H7xx_HAL_Driver/Src/stm32h7xx_hal_uart.o
 *fill*         0x0800a4ea        0x2 
 .text.UART_RxISR_8BIT
                0x0800a4ec      0x1b8 ./Drivers/STM32H7xx_HAL_Driver/Src/stm32h7xx_hal_uart.o
 .text.UART_RxISR_16BIT
                0x0800a6a4      0x1b8 ./Drivers/STM32H7xx_HAL_Driver/Src/stm32h7xx_hal_uart.o
 .text.UART_RxISR_8BIT_FIFOEN
                0x0800a85c      0x364 ./Drivers/STM32H7xx_HAL_Driver/Src/stm32h7xx_hal_uart.o
 .text.UART_RxISR_16BIT_FIFOEN
                0x0800abc0      0x36c ./Drivers/STM32H7xx_HAL_Driver/Src/stm32h7xx_hal_uart.o
 .text.HAL_UARTEx_WakeupCallback
                0x0800af2c       0x14 ./Drivers/STM32H7xx_HAL_Driver/Src/stm32h7xx_hal_uart_ex.o
                0x0800af2c                HAL_UARTEx_WakeupCallback
 .text.HAL_UARTEx_RxFifoFullCallback
                0x0800af40       0x14 ./Drivers/STM32H7xx_HAL_Driver/Src/stm32h7xx_hal_uart_ex.o
                0x0800af40                HAL_UARTEx_RxFifoFullCallback
 .text.HAL_UARTEx_TxFifoEmptyCallback
                0x0800af54       0x14 ./Drivers/STM32H7xx_HAL_Driver/Src/stm32h7xx_hal_uart_ex.o
                0x0800af54                HAL_UARTEx_TxFifoEmptyCallback
 .text.HAL_UARTEx_DisableFifoMode
                0x0800af68       0x72 ./Drivers/STM32H7xx_HAL_Driver/Src/stm32h7xx_hal_uart_ex.o
                0x0800af68                HAL_UARTEx_DisableFifoMode
 .text.HAL_UARTEx_SetTxFifoThreshold
                0x0800afda       0x7c ./Drivers/STM32H7xx_HAL_Driver/Src/stm32h7xx_hal_uart_ex.o
                0x0800afda                HAL_UARTEx_SetTxFifoThreshold
 .text.HAL_UARTEx_SetRxFifoThreshold
                0x0800b056       0x7c ./Drivers/STM32H7xx_HAL_Driver/Src/stm32h7xx_hal_uart_ex.o
                0x0800b056                HAL_UARTEx_SetRxFifoThreshold
 *fill*         0x0800b0d2        0x2 
 .text.UARTEx_SetNbDataToProcess
                0x0800b0d4       0x9c ./Drivers/STM32H7xx_HAL_Driver/Src/stm32h7xx_hal_uart_ex.o
 .text._vsnprintf_r
                0x0800b170       0x5c C:/ST/STM32CubeIDE_1.16.1/STM32CubeIDE/plugins/com.st.stm32cube.ide.mcu.externaltools.gnu-tools-for-stm32.13.3.rel1.win32_1.0.0.202411081344/tools/bin/../lib/gcc/arm-none-eabi/13.3.1/../../../../arm-none-eabi/lib/thumb/v7e-m+dp/hard\libc_nano.a(libc_a-vsnprintf.o)
                0x0800b170                _vsniprintf_r
                0x0800b170                _vsnprintf_r
 .text.vsnprintf
                0x0800b1cc       0x1c C:/ST/STM32CubeIDE_1.16.1/STM32CubeIDE/plugins/com.st.stm32cube.ide.mcu.externaltools.gnu-tools-for-stm32.13.3.rel1.win32_1.0.0.202411081344/tools/bin/../lib/gcc/arm-none-eabi/13.3.1/../../../../arm-none-eabi/lib/thumb/v7e-m+dp/hard\libc_nano.a(libc_a-vsnprintf.o)
                0x0800b1cc                vsniprintf
                0x0800b1cc                vsnprintf
 .text.memset   0x0800b1e8       0x10 C:/ST/STM32CubeIDE_1.16.1/STM32CubeIDE/plugins/com.st.stm32cube.ide.mcu.externaltools.gnu-tools-for-stm32.13.3.rel1.win32_1.0.0.202411081344/tools/bin/../lib/gcc/arm-none-eabi/13.3.1/../../../../arm-none-eabi/lib/thumb/v7e-m+dp/hard\libc_nano.a(libc_a-memset.o)
                0x0800b1e8                memset
 .text.__errno  0x0800b1f8        0xc C:/ST/STM32CubeIDE_1.16.1/STM32CubeIDE/plugins/com.st.stm32cube.ide.mcu.externaltools.gnu-tools-for-stm32.13.3.rel1.win32_1.0.0.202411081344/tools/bin/../lib/gcc/arm-none-eabi/13.3.1/../../../../arm-none-eabi/lib/thumb/v7e-m+dp/hard\libc_nano.a(libc_a-errno.o)
                0x0800b1f8                __errno
 .text.__libc_init_array
                0x0800b204       0x48 C:/ST/STM32CubeIDE_1.16.1/STM32CubeIDE/plugins/com.st.stm32cube.ide.mcu.externaltools.gnu-tools-for-stm32.13.3.rel1.win32_1.0.0.202411081344/tools/bin/../lib/gcc/arm-none-eabi/13.3.1/../../../../arm-none-eabi/lib/thumb/v7e-m+dp/hard\libc_nano.a(libc_a-init.o)
                0x0800b204                __libc_init_array
 .text.__retarget_lock_acquire_recursive
                0x0800b24c        0x2 C:/ST/STM32CubeIDE_1.16.1/STM32CubeIDE/plugins/com.st.stm32cube.ide.mcu.externaltools.gnu-tools-for-stm32.13.3.rel1.win32_1.0.0.202411081344/tools/bin/../lib/gcc/arm-none-eabi/13.3.1/../../../../arm-none-eabi/lib/thumb/v7e-m+dp/hard\libc_nano.a(libc_a-lock.o)
                0x0800b24c                __retarget_lock_acquire_recursive
 .text.__retarget_lock_release_recursive
                0x0800b24e        0x2 C:/ST/STM32CubeIDE_1.16.1/STM32CubeIDE/plugins/com.st.stm32cube.ide.mcu.externaltools.gnu-tools-for-stm32.13.3.rel1.win32_1.0.0.202411081344/tools/bin/../lib/gcc/arm-none-eabi/13.3.1/../../../../arm-none-eabi/lib/thumb/v7e-m+dp/hard\libc_nano.a(libc_a-lock.o)
                0x0800b24e                __retarget_lock_release_recursive
 .text.memcpy   0x0800b250       0x1c C:/ST/STM32CubeIDE_1.16.1/STM32CubeIDE/plugins/com.st.stm32cube.ide.mcu.externaltools.gnu-tools-for-stm32.13.3.rel1.win32_1.0.0.202411081344/tools/bin/../lib/gcc/arm-none-eabi/13.3.1/../../../../arm-none-eabi/lib/thumb/v7e-m+dp/hard\libc_nano.a(libc_a-memcpy-stub.o)
                0x0800b250                memcpy
 .text._free_r  0x0800b26c       0x94 C:/ST/STM32CubeIDE_1.16.1/STM32CubeIDE/plugins/com.st.stm32cube.ide.mcu.externaltools.gnu-tools-for-stm32.13.3.rel1.win32_1.0.0.202411081344/tools/bin/../lib/gcc/arm-none-eabi/13.3.1/../../../../arm-none-eabi/lib/thumb/v7e-m+dp/hard\libc_nano.a(libc_a-freer.o)
                0x0800b26c                _free_r
 .text.sbrk_aligned
                0x0800b300       0x44 C:/ST/STM32CubeIDE_1.16.1/STM32CubeIDE/plugins/com.st.stm32cube.ide.mcu.externaltools.gnu-tools-for-stm32.13.3.rel1.win32_1.0.0.202411081344/tools/bin/../lib/gcc/arm-none-eabi/13.3.1/../../../../arm-none-eabi/lib/thumb/v7e-m+dp/hard\libc_nano.a(libc_a-mallocr.o)
 .text._malloc_r
                0x0800b344      0x100 C:/ST/STM32CubeIDE_1.16.1/STM32CubeIDE/plugins/com.st.stm32cube.ide.mcu.externaltools.gnu-tools-for-stm32.13.3.rel1.win32_1.0.0.202411081344/tools/bin/../lib/gcc/arm-none-eabi/13.3.1/../../../../arm-none-eabi/lib/thumb/v7e-m+dp/hard\libc_nano.a(libc_a-mallocr.o)
                0x0800b344                _malloc_r
 .text.__malloc_lock
                0x0800b444        0xc C:/ST/STM32CubeIDE_1.16.1/STM32CubeIDE/plugins/com.st.stm32cube.ide.mcu.externaltools.gnu-tools-for-stm32.13.3.rel1.win32_1.0.0.202411081344/tools/bin/../lib/gcc/arm-none-eabi/13.3.1/../../../../arm-none-eabi/lib/thumb/v7e-m+dp/hard\libc_nano.a(libc_a-mlock.o)
                0x0800b444                __malloc_lock
 .text.__malloc_unlock
                0x0800b450        0xc C:/ST/STM32CubeIDE_1.16.1/STM32CubeIDE/plugins/com.st.stm32cube.ide.mcu.externaltools.gnu-tools-for-stm32.13.3.rel1.win32_1.0.0.202411081344/tools/bin/../lib/gcc/arm-none-eabi/13.3.1/../../../../arm-none-eabi/lib/thumb/v7e-m+dp/hard\libc_nano.a(libc_a-mlock.o)
                0x0800b450                __malloc_unlock
 .text.__ssputs_r
                0x0800b45c       0xb6 C:/ST/STM32CubeIDE_1.16.1/STM32CubeIDE/plugins/com.st.stm32cube.ide.mcu.externaltools.gnu-tools-for-stm32.13.3.rel1.win32_1.0.0.202411081344/tools/bin/../lib/gcc/arm-none-eabi/13.3.1/../../../../arm-none-eabi/lib/thumb/v7e-m+dp/hard\libc_nano.a(libc_a-nano-svfprintf.o)
                0x0800b45c                __ssputs_r
 *fill*         0x0800b512        0x2 
 .text._svfprintf_r
                0x0800b514      0x1f8 C:/ST/STM32CubeIDE_1.16.1/STM32CubeIDE/plugins/com.st.stm32cube.ide.mcu.externaltools.gnu-tools-for-stm32.13.3.rel1.win32_1.0.0.202411081344/tools/bin/../lib/gcc/arm-none-eabi/13.3.1/../../../../arm-none-eabi/lib/thumb/v7e-m+dp/hard\libc_nano.a(libc_a-nano-svfprintf.o)
                0x0800b514                _svfiprintf_r
                0x0800b514                _svfprintf_r
 .text._printf_common
                0x0800b70c       0xda C:/ST/STM32CubeIDE_1.16.1/STM32CubeIDE/plugins/com.st.stm32cube.ide.mcu.externaltools.gnu-tools-for-stm32.13.3.rel1.win32_1.0.0.202411081344/tools/bin/../lib/gcc/arm-none-eabi/13.3.1/../../../../arm-none-eabi/lib/thumb/v7e-m+dp/hard\libc_nano.a(libc_a-nano-vfprintf_i.o)
                0x0800b70c                _printf_common
 *fill*         0x0800b7e6        0x2 
 .text._printf_i
                0x0800b7e8      0x23c C:/ST/STM32CubeIDE_1.16.1/STM32CubeIDE/plugins/com.st.stm32cube.ide.mcu.externaltools.gnu-tools-for-stm32.13.3.rel1.win32_1.0.0.202411081344/tools/bin/../lib/gcc/arm-none-eabi/13.3.1/../../../../arm-none-eabi/lib/thumb/v7e-m+dp/hard\libc_nano.a(libc_a-nano-vfprintf_i.o)
                0x0800b7e8                _printf_i
 .text.memmove  0x0800ba24       0x34 C:/ST/STM32CubeIDE_1.16.1/STM32CubeIDE/plugins/com.st.stm32cube.ide.mcu.externaltools.gnu-tools-for-stm32.13.3.rel1.win32_1.0.0.202411081344/tools/bin/../lib/gcc/arm-none-eabi/13.3.1/../../../../arm-none-eabi/lib/thumb/v7e-m+dp/hard\libc_nano.a(libc_a-memmove.o)
                0x0800ba24                memmove
 .text._sbrk_r  0x0800ba58       0x20 C:/ST/STM32CubeIDE_1.16.1/STM32CubeIDE/plugins/com.st.stm32cube.ide.mcu.externaltools.gnu-tools-for-stm32.13.3.rel1.win32_1.0.0.202411081344/tools/bin/../lib/gcc/arm-none-eabi/13.3.1/../../../../arm-none-eabi/lib/thumb/v7e-m+dp/hard\libc_nano.a(libc_a-sbrkr.o)
                0x0800ba58                _sbrk_r
 .text._realloc_r
                0x0800ba78       0x5c C:/ST/STM32CubeIDE_1.16.1/STM32CubeIDE/plugins/com.st.stm32cube.ide.mcu.externaltools.gnu-tools-for-stm32.13.3.rel1.win32_1.0.0.202411081344/tools/bin/../lib/gcc/arm-none-eabi/13.3.1/../../../../arm-none-eabi/lib/thumb/v7e-m+dp/hard\libc_nano.a(libc_a-reallocr.o)
                0x0800ba78                _realloc_r
 .text._malloc_usable_size_r
                0x0800bad4       0x10 C:/ST/STM32CubeIDE_1.16.1/STM32CubeIDE/plugins/com.st.stm32cube.ide.mcu.externaltools.gnu-tools-for-stm32.13.3.rel1.win32_1.0.0.202411081344/tools/bin/../lib/gcc/arm-none-eabi/13.3.1/../../../../arm-none-eabi/lib/thumb/v7e-m+dp/hard\libc_nano.a(libc_a-msizer.o)
                0x0800bad4                _malloc_usable_size_r
 *(.glue_7)
 .glue_7        0x0800bae4        0x0 linker stubs
 *(.glue_7t)
 .glue_7t       0x0800bae4        0x0 linker stubs
 *(.eh_frame)
 .eh_frame      0x0800bae4        0x0 C:/ST/STM32CubeIDE_1.16.1/STM32CubeIDE/plugins/com.st.stm32cube.ide.mcu.externaltools.gnu-tools-for-stm32.13.3.rel1.win32_1.0.0.202411081344/tools/bin/../lib/gcc/arm-none-eabi/13.3.1/thumb/v7e-m+dp/hard/crtbegin.o
 *(.init)
 .init          0x0800bae4        0x4 C:/ST/STM32CubeIDE_1.16.1/STM32CubeIDE/plugins/com.st.stm32cube.ide.mcu.externaltools.gnu-tools-for-stm32.13.3.rel1.win32_1.0.0.202411081344/tools/bin/../lib/gcc/arm-none-eabi/13.3.1/thumb/v7e-m+dp/hard/crti.o
                0x0800bae4                _init
 .init          0x0800bae8        0x8 C:/ST/STM32CubeIDE_1.16.1/STM32CubeIDE/plugins/com.st.stm32cube.ide.mcu.externaltools.gnu-tools-for-stm32.13.3.rel1.win32_1.0.0.202411081344/tools/bin/../lib/gcc/arm-none-eabi/13.3.1/thumb/v7e-m+dp/hard/crtn.o
 *(.fini)
 .fini          0x0800baf0        0x4 C:/ST/STM32CubeIDE_1.16.1/STM32CubeIDE/plugins/com.st.stm32cube.ide.mcu.externaltools.gnu-tools-for-stm32.13.3.rel1.win32_1.0.0.202411081344/tools/bin/../lib/gcc/arm-none-eabi/13.3.1/thumb/v7e-m+dp/hard/crti.o
                0x0800baf0                _fini
 .fini          0x0800baf4        0x8 C:/ST/STM32CubeIDE_1.16.1/STM32CubeIDE/plugins/com.st.stm32cube.ide.mcu.externaltools.gnu-tools-for-stm32.13.3.rel1.win32_1.0.0.202411081344/tools/bin/../lib/gcc/arm-none-eabi/13.3.1/thumb/v7e-m+dp/hard/crtn.o
                0x0800bafc                        . = ALIGN (0x4)
                0x0800bafc                        _etext = .

.vfp11_veneer   0x0800bafc        0x0
 .vfp11_veneer  0x0800bafc        0x0 linker stubs

.v4_bx          0x0800bafc        0x0
 .v4_bx         0x0800bafc        0x0 linker stubs

.iplt           0x0800bafc        0x0
 .iplt          0x0800bafc        0x0 C:/ST/STM32CubeIDE_1.16.1/STM32CubeIDE/plugins/com.st.stm32cube.ide.mcu.externaltools.gnu-tools-for-stm32.13.3.rel1.win32_1.0.0.202411081344/tools/bin/../lib/gcc/arm-none-eabi/13.3.1/thumb/v7e-m+dp/hard/crtbegin.o

.rodata         0x0800bafc      0x120
                0x0800bafc                        . = ALIGN (0x4)
 *(.rodata)
 .rodata        0x0800bafc       0x55 ./Core/Src/Flash_driver.o
 *fill*         0x0800bb51        0x3 
 .rodata        0x0800bb54       0x4c ./Drivers/STM32H7xx_HAL_Driver/Src/stm32h7xx_hal_fdcan.o
 *(.rodata*)
 .rodata.D1CorePrescTable
                0x0800bba0       0x10 ./Core/Src/system_stm32h7xx.o
                0x0800bba0                D1CorePrescTable
 .rodata.DLCtoBytes
                0x0800bbb0       0x10 ./Drivers/STM32H7xx_HAL_Driver/Src/stm32h7xx_hal_fdcan.o
 .rodata.UARTPrescTable
                0x0800bbc0       0x18 ./Drivers/STM32H7xx_HAL_Driver/Src/stm32h7xx_hal_uart.o
                0x0800bbc0                UARTPrescTable
 .rodata.numerator.1
                0x0800bbd8        0x8 ./Drivers/STM32H7xx_HAL_Driver/Src/stm32h7xx_hal_uart_ex.o
 .rodata.denominator.0
                0x0800bbe0        0x8 ./Drivers/STM32H7xx_HAL_Driver/Src/stm32h7xx_hal_uart_ex.o
 .rodata._svfprintf_r.str1.1
                0x0800bbe8       0x33 C:/ST/STM32CubeIDE_1.16.1/STM32CubeIDE/plugins/com.st.stm32cube.ide.mcu.externaltools.gnu-tools-for-stm32.13.3.rel1.win32_1.0.0.202411081344/tools/bin/../lib/gcc/arm-none-eabi/13.3.1/../../../../arm-none-eabi/lib/thumb/v7e-m+dp/hard\libc_nano.a(libc_a-nano-svfprintf.o)
                                 0x11 (size before relaxing)
 .rodata._printf_i.str1.1
                0x0800bc1b       0x22 C:/ST/STM32CubeIDE_1.16.1/STM32CubeIDE/plugins/com.st.stm32cube.ide.mcu.externaltools.gnu-tools-for-stm32.13.3.rel1.win32_1.0.0.202411081344/tools/bin/../lib/gcc/arm-none-eabi/13.3.1/../../../../arm-none-eabi/lib/thumb/v7e-m+dp/hard\libc_nano.a(libc_a-nano-vfprintf_i.o)
                0x0800bc40                        . = ALIGN (0x4)
 *fill*         0x0800bc1b        0x1 

.ARM.extab
 *(.ARM.extab* .gnu.linkonce.armextab.*)

.ARM            0x0800bc1c        0x8
                0x0800bc1c                        __exidx_start = .
 *(.ARM.exidx*)
 .ARM.exidx     0x0800bc1c        0x8 C:/ST/STM32CubeIDE_1.16.1/STM32CubeIDE/plugins/com.st.stm32cube.ide.mcu.externaltools.gnu-tools-for-stm32.13.3.rel1.win32_1.0.0.202411081344/tools/bin/../lib/gcc/arm-none-eabi/13.3.1/../../../../arm-none-eabi/lib/thumb/v7e-m+dp/hard\libc_nano.a(libc_a-strlen.o)
 .ARM.exidx     0x0800bc24        0x0 C:/ST/STM32CubeIDE_1.16.1/STM32CubeIDE/plugins/com.st.stm32cube.ide.mcu.externaltools.gnu-tools-for-stm32.13.3.rel1.win32_1.0.0.202411081344/tools/bin/../lib/gcc/arm-none-eabi/13.3.1/../../../../arm-none-eabi/lib/thumb/v7e-m+dp/hard\libc_nano.a(libc_a-memchr.o)
                                  0x8 (size before relaxing)
 .ARM.exidx     0x0800bc24        0x0 C:/ST/STM32CubeIDE_1.16.1/STM32CubeIDE/plugins/com.st.stm32cube.ide.mcu.externaltools.gnu-tools-for-stm32.13.3.rel1.win32_1.0.0.202411081344/tools/bin/../lib/gcc/arm-none-eabi/13.3.1/thumb/v7e-m+dp/hard\libgcc.a(_udivmoddi4.o)
                                  0x8 (size before relaxing)
                0x0800bc24                        __exidx_end = .

.preinit_array  0x0800bc24        0x0
                0x0800bc24                        PROVIDE (__preinit_array_start = .)
 *(.preinit_array*)
                0x0800bc24                        PROVIDE (__preinit_array_end = .)

.init_array     0x0800bc24        0x4
                0x0800bc24                        PROVIDE (__init_array_start = .)
 *(SORT_BY_NAME(.init_array.*))
 *(.init_array*)
 .init_array    0x0800bc24        0x4 C:/ST/STM32CubeIDE_1.16.1/STM32CubeIDE/plugins/com.st.stm32cube.ide.mcu.externaltools.gnu-tools-for-stm32.13.3.rel1.win32_1.0.0.202411081344/tools/bin/../lib/gcc/arm-none-eabi/13.3.1/thumb/v7e-m+dp/hard/crtbegin.o
                0x0800bc28                        PROVIDE (__init_array_end = .)

.fini_array     0x0800bc28        0x4
                [!provide]                        PROVIDE (__fini_array_start = .)
 *(SORT_BY_NAME(.fini_array.*))
 *(.fini_array*)
 .fini_array    0x0800bc28        0x4 C:/ST/STM32CubeIDE_1.16.1/STM32CubeIDE/plugins/com.st.stm32cube.ide.mcu.externaltools.gnu-tools-for-stm32.13.3.rel1.win32_1.0.0.202411081344/tools/bin/../lib/gcc/arm-none-eabi/13.3.1/thumb/v7e-m+dp/hard/crtbegin.o
                [!provide]                        PROVIDE (__fini_array_end = .)
                0x0800bc2c                        _sidata = LOADADDR (.data)

.rel.dyn        0x0800bc2c        0x0
 .rel.iplt      0x0800bc2c        0x0 C:/ST/STM32CubeIDE_1.16.1/STM32CubeIDE/plugins/com.st.stm32cube.ide.mcu.externaltools.gnu-tools-for-stm32.13.3.rel1.win32_1.0.0.202411081344/tools/bin/../lib/gcc/arm-none-eabi/13.3.1/thumb/v7e-m+dp/hard/crtbegin.o

.data           0x24000000       0x60 load address 0x0800bc2c
                0x24000000                        . = ALIGN (0x4)
                0x24000000                        _sdata = .
 *(.data)
 *(.data*)
 .data.SystemCoreClock
                0x24000000        0x4 ./Core/Src/system_stm32h7xx.o
                0x24000000                SystemCoreClock
 .data.SystemD2Clock
                0x24000004        0x4 ./Core/Src/system_stm32h7xx.o
                0x24000004                SystemD2Clock
 .data.uwTickPrio
                0x24000008        0x4 ./Drivers/STM32H7xx_HAL_Driver/Src/stm32h7xx_hal.o
                0x24000008                uwTickPrio
 .data.uwTickFreq
                0x2400000c        0x1 ./Drivers/STM32H7xx_HAL_Driver/Src/stm32h7xx_hal.o
                0x2400000c                uwTickFreq
 *fill*         0x2400000d        0x3 
 .data._impure_ptr
                0x24000010        0x4 C:/ST/STM32CubeIDE_1.16.1/STM32CubeIDE/plugins/com.st.stm32cube.ide.mcu.externaltools.gnu-tools-for-stm32.13.3.rel1.win32_1.0.0.202411081344/tools/bin/../lib/gcc/arm-none-eabi/13.3.1/../../../../arm-none-eabi/lib/thumb/v7e-m+dp/hard\libc_nano.a(libc_a-impure.o)
                0x24000010                _impure_ptr
 .data._impure_data
                0x24000014       0x4c C:/ST/STM32CubeIDE_1.16.1/STM32CubeIDE/plugins/com.st.stm32cube.ide.mcu.externaltools.gnu-tools-for-stm32.13.3.rel1.win32_1.0.0.202411081344/tools/bin/../lib/gcc/arm-none-eabi/13.3.1/../../../../arm-none-eabi/lib/thumb/v7e-m+dp/hard\libc_nano.a(libc_a-impure.o)
                0x24000014                _impure_data
 *(.RamFunc)
 *(.RamFunc*)
                0x24000060                        . = ALIGN (0x4)
                0x24000060                        _edata = .

.igot.plt       0x24000060        0x0 load address 0x0800bc8c
 .igot.plt      0x24000060        0x0 C:/ST/STM32CubeIDE_1.16.1/STM32CubeIDE/plugins/com.st.stm32cube.ide.mcu.externaltools.gnu-tools-for-stm32.13.3.rel1.win32_1.0.0.202411081344/tools/bin/../lib/gcc/arm-none-eabi/13.3.1/thumb/v7e-m+dp/hard/crtbegin.o
                0x24000060                        . = ALIGN (0x4)

.bss            0x24000060     0x15a0 load address 0x0800bc8c
                0x24000060                        _sbss = .
                0x24000060                        __bss_start__ = _sbss
 *(.bss)
 .bss           0x24000060       0x1c C:/ST/STM32CubeIDE_1.16.1/STM32CubeIDE/plugins/com.st.stm32cube.ide.mcu.externaltools.gnu-tools-for-stm32.13.3.rel1.win32_1.0.0.202411081344/tools/bin/../lib/gcc/arm-none-eabi/13.3.1/thumb/v7e-m+dp/hard/crtbegin.o
 *(.bss*)
 .bss.Start_Flight_Recording
                0x2400007c        0x1 ./Core/Src/main.o
                0x2400007c                Start_Flight_Recording
 .bss.command   0x2400007d        0x1 ./Core/Src/main.o
                0x2400007d                command
 *fill*         0x2400007e        0x2 
 .bss.Local_Time
                0x24000080        0x4 ./Core/Src/main.o
                0x24000080                Local_Time
 .bss.GoPro     0x24000084        0x1 ./Core/Src/main.o
                0x24000084                GoPro
 *fill*         0x24000085        0x3 
 .bss.CAN       0x24000088       0x10 ./Core/Src/main.o
                0x24000088                CAN
 .bss.SPI       0x24000098        0xa ./Core/Src/main.o
                0x24000098                SPI
 *fill*         0x240000a2        0x2 
 .bss.SR        0x240000a4        0x6 ./Core/Src/main.o
                0x240000a4                SR
 *fill*         0x240000aa        0x2 
 .bss.Flash     0x240000ac     0x1010 ./Core/Src/main.o
                0x240000ac                Flash
 .bss.CAM1      0x240010bc        0xc ./Core/Src/main.o
                0x240010bc                CAM1
 .bss.CAM2      0x240010c8        0xc ./Core/Src/main.o
                0x240010c8                CAM2
 .bss.CAM3      0x240010d4        0xc ./Core/Src/main.o
                0x240010d4                CAM3
 .bss.RxHeader  0x240010e0       0x28 ./Core/Src/main.o
                0x240010e0                RxHeader
 .bss.TxHeader  0x24001108       0x24 ./Core/Src/main.o
                0x24001108                TxHeader
 .bss.hfdcan1   0x2400112c       0xa0 ./Core/Src/main.o
                0x2400112c                hfdcan1
 .bss.hspi1     0x240011cc       0x88 ./Core/Src/main.o
                0x240011cc                hspi1
 .bss.huart5    0x24001254       0x94 ./Core/Src/main.o
                0x24001254                huart5
 .bss.huart8    0x240012e8       0x94 ./Core/Src/main.o
                0x240012e8                huart8
 .bss.huart2    0x2400137c       0x94 ./Core/Src/main.o
                0x2400137c                huart2
 .bss.huart3    0x24001410       0x94 ./Core/Src/main.o
                0x24001410                huart3
 .bss.GoPro_timer
                0x240014a4        0x4 ./Core/Src/stm32h7xx_it.o
                0x240014a4                GoPro_timer
 .bss.blink     0x240014a8        0x2 ./Core/Src/stm32h7xx_it.o
                0x240014a8                blink
 .bss.Status_timer
                0x240014aa        0x2 ./Core/Src/stm32h7xx_it.o
                0x240014aa                Status_timer
 .bss.CAN_Timeout
                0x240014ac        0x2 ./Core/Src/stm32h7xx_it.o
                0x240014ac                CAN_Timeout
 *fill*         0x240014ae        0x2 
 .bss.__sbrk_heap_end
                0x240014b0        0x4 ./Core/Src/sysmem.o
 .bss.uwTick    0x240014b4        0x4 ./Drivers/STM32H7xx_HAL_Driver/Src/stm32h7xx_hal.o
                0x240014b4                uwTick
 .bss.__sf      0x240014b8      0x138 C:/ST/STM32CubeIDE_1.16.1/STM32CubeIDE/plugins/com.st.stm32cube.ide.mcu.externaltools.gnu-tools-for-stm32.13.3.rel1.win32_1.0.0.202411081344/tools/bin/../lib/gcc/arm-none-eabi/13.3.1/../../../../arm-none-eabi/lib/thumb/v7e-m+dp/hard\libc_nano.a(libc_a-findfp.o)
                0x240014b8                __sf
 .bss.errno     0x240015f0        0x4 C:/ST/STM32CubeIDE_1.16.1/STM32CubeIDE/plugins/com.st.stm32cube.ide.mcu.externaltools.gnu-tools-for-stm32.13.3.rel1.win32_1.0.0.202411081344/tools/bin/../lib/gcc/arm-none-eabi/13.3.1/../../../../arm-none-eabi/lib/thumb/v7e-m+dp/hard\libc_nano.a(libc_a-reent.o)
                0x240015f0                errno
 .bss.__lock___malloc_recursive_mutex
                0x240015f4        0x1 C:/ST/STM32CubeIDE_1.16.1/STM32CubeIDE/plugins/com.st.stm32cube.ide.mcu.externaltools.gnu-tools-for-stm32.13.3.rel1.win32_1.0.0.202411081344/tools/bin/../lib/gcc/arm-none-eabi/13.3.1/../../../../arm-none-eabi/lib/thumb/v7e-m+dp/hard\libc_nano.a(libc_a-lock.o)
                0x240015f4                __lock___malloc_recursive_mutex
 *fill*         0x240015f5        0x3 
 .bss.__malloc_sbrk_start
                0x240015f8        0x4 C:/ST/STM32CubeIDE_1.16.1/STM32CubeIDE/plugins/com.st.stm32cube.ide.mcu.externaltools.gnu-tools-for-stm32.13.3.rel1.win32_1.0.0.202411081344/tools/bin/../lib/gcc/arm-none-eabi/13.3.1/../../../../arm-none-eabi/lib/thumb/v7e-m+dp/hard\libc_nano.a(libc_a-mallocr.o)
                0x240015f8                __malloc_sbrk_start
 .bss.__malloc_free_list
                0x240015fc        0x4 C:/ST/STM32CubeIDE_1.16.1/STM32CubeIDE/plugins/com.st.stm32cube.ide.mcu.externaltools.gnu-tools-for-stm32.13.3.rel1.win32_1.0.0.202411081344/tools/bin/../lib/gcc/arm-none-eabi/13.3.1/../../../../arm-none-eabi/lib/thumb/v7e-m+dp/hard\libc_nano.a(libc_a-mallocr.o)
                0x240015fc                __malloc_free_list
 *(COMMON)
                0x24001600                        . = ALIGN (0x4)
                0x24001600                        _ebss = .
                0x24001600                        __bss_end__ = _ebss

._user_heap_stack
                0x24001600      0x600 load address 0x0800bc8c
                0x24001600                        . = ALIGN (0x8)
                [!provide]                        PROVIDE (end = .)
                0x24001600                        PROVIDE (_end = .)
                0x24001800                        . = (. + _Min_Heap_Size)
 *fill*         0x24001600      0x200 
                0x24001c00                        . = (. + _Min_Stack_Size)
 *fill*         0x24001800      0x400 
                0x24001c00                        . = ALIGN (0x8)

/DISCARD/
 libc.a(*)
 libm.a(*)
 libgcc.a(*)

.ARM.attributes
                0x00000000       0x2e
 *(.ARM.attributes)
 .ARM.attributes
                0x00000000       0x20 C:/ST/STM32CubeIDE_1.16.1/STM32CubeIDE/plugins/com.st.stm32cube.ide.mcu.externaltools.gnu-tools-for-stm32.13.3.rel1.win32_1.0.0.202411081344/tools/bin/../lib/gcc/arm-none-eabi/13.3.1/thumb/v7e-m+dp/hard/crti.o
 .ARM.attributes
                0x00000020       0x32 C:/ST/STM32CubeIDE_1.16.1/STM32CubeIDE/plugins/com.st.stm32cube.ide.mcu.externaltools.gnu-tools-for-stm32.13.3.rel1.win32_1.0.0.202411081344/tools/bin/../lib/gcc/arm-none-eabi/13.3.1/thumb/v7e-m+dp/hard/crtbegin.o
 .ARM.attributes
                0x00000052       0x32 ./Core/Src/CAM_driver.o
 .ARM.attributes
                0x00000084       0x32 ./Core/Src/CAN.o
 .ARM.attributes
                0x000000b6       0x32 ./Core/Src/Flash_driver.o
 .ARM.attributes
                0x000000e8       0x32 ./Core/Src/Funksjoner.o
 .ARM.attributes
                0x0000011a       0x32 ./Core/Src/main.o
 .ARM.attributes
                0x0000014c       0x32 ./Core/Src/stm32h7xx_hal_msp.o
 .ARM.attributes
                0x0000017e       0x32 ./Core/Src/stm32h7xx_it.o
 .ARM.attributes
                0x000001b0       0x32 ./Core/Src/sysmem.o
 .ARM.attributes
                0x000001e2       0x32 ./Core/Src/system_stm32h7xx.o
 .ARM.attributes
                0x00000214       0x21 ./Core/Startup/startup_stm32h753zitx.o
 .ARM.attributes
                0x00000235       0x32 ./Drivers/STM32H7xx_HAL_Driver/Src/stm32h7xx_hal.o
 .ARM.attributes
                0x00000267       0x32 ./Drivers/STM32H7xx_HAL_Driver/Src/stm32h7xx_hal_cortex.o
 .ARM.attributes
                0x00000299       0x32 ./Drivers/STM32H7xx_HAL_Driver/Src/stm32h7xx_hal_dma.o
 .ARM.attributes
                0x000002cb       0x32 ./Drivers/STM32H7xx_HAL_Driver/Src/stm32h7xx_hal_fdcan.o
 .ARM.attributes
                0x000002fd       0x32 ./Drivers/STM32H7xx_HAL_Driver/Src/stm32h7xx_hal_gpio.o
 .ARM.attributes
                0x0000032f       0x32 ./Drivers/STM32H7xx_HAL_Driver/Src/stm32h7xx_hal_pwr_ex.o
 .ARM.attributes
                0x00000361       0x32 ./Drivers/STM32H7xx_HAL_Driver/Src/stm32h7xx_hal_rcc.o
 .ARM.attributes
                0x00000393       0x32 ./Drivers/STM32H7xx_HAL_Driver/Src/stm32h7xx_hal_rcc_ex.o
 .ARM.attributes
                0x000003c5       0x32 ./Drivers/STM32H7xx_HAL_Driver/Src/stm32h7xx_hal_spi.o
 .ARM.attributes
                0x000003f7       0x32 ./Drivers/STM32H7xx_HAL_Driver/Src/stm32h7xx_hal_uart.o
 .ARM.attributes
                0x00000429       0x32 ./Drivers/STM32H7xx_HAL_Driver/Src/stm32h7xx_hal_uart_ex.o
 .ARM.attributes
                0x0000045b       0x32 C:/ST/STM32CubeIDE_1.16.1/STM32CubeIDE/plugins/com.st.stm32cube.ide.mcu.externaltools.gnu-tools-for-stm32.13.3.rel1.win32_1.0.0.202411081344/tools/bin/../lib/gcc/arm-none-eabi/13.3.1/../../../../arm-none-eabi/lib/thumb/v7e-m+dp/hard\libc_nano.a(libc_a-findfp.o)
 .ARM.attributes
                0x0000048d       0x32 C:/ST/STM32CubeIDE_1.16.1/STM32CubeIDE/plugins/com.st.stm32cube.ide.mcu.externaltools.gnu-tools-for-stm32.13.3.rel1.win32_1.0.0.202411081344/tools/bin/../lib/gcc/arm-none-eabi/13.3.1/../../../../arm-none-eabi/lib/thumb/v7e-m+dp/hard\libc_nano.a(libc_a-vsnprintf.o)
 .ARM.attributes
                0x000004bf       0x32 C:/ST/STM32CubeIDE_1.16.1/STM32CubeIDE/plugins/com.st.stm32cube.ide.mcu.externaltools.gnu-tools-for-stm32.13.3.rel1.win32_1.0.0.202411081344/tools/bin/../lib/gcc/arm-none-eabi/13.3.1/../../../../arm-none-eabi/lib/thumb/v7e-m+dp/hard\libc_nano.a(libc_a-memset.o)
 .ARM.attributes
                0x000004f1       0x32 C:/ST/STM32CubeIDE_1.16.1/STM32CubeIDE/plugins/com.st.stm32cube.ide.mcu.externaltools.gnu-tools-for-stm32.13.3.rel1.win32_1.0.0.202411081344/tools/bin/../lib/gcc/arm-none-eabi/13.3.1/../../../../arm-none-eabi/lib/thumb/v7e-m+dp/hard\libc_nano.a(libc_a-reent.o)
 .ARM.attributes
                0x00000523       0x32 C:/ST/STM32CubeIDE_1.16.1/STM32CubeIDE/plugins/com.st.stm32cube.ide.mcu.externaltools.gnu-tools-for-stm32.13.3.rel1.win32_1.0.0.202411081344/tools/bin/../lib/gcc/arm-none-eabi/13.3.1/../../../../arm-none-eabi/lib/thumb/v7e-m+dp/hard\libc_nano.a(libc_a-impure.o)
 .ARM.attributes
                0x00000555       0x32 C:/ST/STM32CubeIDE_1.16.1/STM32CubeIDE/plugins/com.st.stm32cube.ide.mcu.externaltools.gnu-tools-for-stm32.13.3.rel1.win32_1.0.0.202411081344/tools/bin/../lib/gcc/arm-none-eabi/13.3.1/../../../../arm-none-eabi/lib/thumb/v7e-m+dp/hard\libc_nano.a(libc_a-errno.o)
 .ARM.attributes
                0x00000587       0x32 C:/ST/STM32CubeIDE_1.16.1/STM32CubeIDE/plugins/com.st.stm32cube.ide.mcu.externaltools.gnu-tools-for-stm32.13.3.rel1.win32_1.0.0.202411081344/tools/bin/../lib/gcc/arm-none-eabi/13.3.1/../../../../arm-none-eabi/lib/thumb/v7e-m+dp/hard\libc_nano.a(libc_a-init.o)
 .ARM.attributes
                0x000005b9       0x32 C:/ST/STM32CubeIDE_1.16.1/STM32CubeIDE/plugins/com.st.stm32cube.ide.mcu.externaltools.gnu-tools-for-stm32.13.3.rel1.win32_1.0.0.202411081344/tools/bin/../lib/gcc/arm-none-eabi/13.3.1/../../../../arm-none-eabi/lib/thumb/v7e-m+dp/hard\libc_nano.a(libc_a-lock.o)
 .ARM.attributes
                0x000005eb       0x32 C:/ST/STM32CubeIDE_1.16.1/STM32CubeIDE/plugins/com.st.stm32cube.ide.mcu.externaltools.gnu-tools-for-stm32.13.3.rel1.win32_1.0.0.202411081344/tools/bin/../lib/gcc/arm-none-eabi/13.3.1/../../../../arm-none-eabi/lib/thumb/v7e-m+dp/hard\libc_nano.a(libc_a-memcpy-stub.o)
 .ARM.attributes
                0x0000061d       0x17 C:/ST/STM32CubeIDE_1.16.1/STM32CubeIDE/plugins/com.st.stm32cube.ide.mcu.externaltools.gnu-tools-for-stm32.13.3.rel1.win32_1.0.0.202411081344/tools/bin/../lib/gcc/arm-none-eabi/13.3.1/../../../../arm-none-eabi/lib/thumb/v7e-m+dp/hard\libc_nano.a(libc_a-strlen.o)
 .ARM.attributes
                0x00000634       0x32 C:/ST/STM32CubeIDE_1.16.1/STM32CubeIDE/plugins/com.st.stm32cube.ide.mcu.externaltools.gnu-tools-for-stm32.13.3.rel1.win32_1.0.0.202411081344/tools/bin/../lib/gcc/arm-none-eabi/13.3.1/../../../../arm-none-eabi/lib/thumb/v7e-m+dp/hard\libc_nano.a(libc_a-freer.o)
 .ARM.attributes
                0x00000666       0x32 C:/ST/STM32CubeIDE_1.16.1/STM32CubeIDE/plugins/com.st.stm32cube.ide.mcu.externaltools.gnu-tools-for-stm32.13.3.rel1.win32_1.0.0.202411081344/tools/bin/../lib/gcc/arm-none-eabi/13.3.1/../../../../arm-none-eabi/lib/thumb/v7e-m+dp/hard\libc_nano.a(libc_a-mallocr.o)
 .ARM.attributes
                0x00000698       0x32 C:/ST/STM32CubeIDE_1.16.1/STM32CubeIDE/plugins/com.st.stm32cube.ide.mcu.externaltools.gnu-tools-for-stm32.13.3.rel1.win32_1.0.0.202411081344/tools/bin/../lib/gcc/arm-none-eabi/13.3.1/../../../../arm-none-eabi/lib/thumb/v7e-m+dp/hard\libc_nano.a(libc_a-mlock.o)
 .ARM.attributes
                0x000006ca       0x32 C:/ST/STM32CubeIDE_1.16.1/STM32CubeIDE/plugins/com.st.stm32cube.ide.mcu.externaltools.gnu-tools-for-stm32.13.3.rel1.win32_1.0.0.202411081344/tools/bin/../lib/gcc/arm-none-eabi/13.3.1/../../../../arm-none-eabi/lib/thumb/v7e-m+dp/hard\libc_nano.a(libc_a-nano-svfprintf.o)
 .ARM.attributes
                0x000006fc       0x32 C:/ST/STM32CubeIDE_1.16.1/STM32CubeIDE/plugins/com.st.stm32cube.ide.mcu.externaltools.gnu-tools-for-stm32.13.3.rel1.win32_1.0.0.202411081344/tools/bin/../lib/gcc/arm-none-eabi/13.3.1/../../../../arm-none-eabi/lib/thumb/v7e-m+dp/hard\libc_nano.a(libc_a-nano-vfprintf_i.o)
 .ARM.attributes
                0x0000072e       0x32 C:/ST/STM32CubeIDE_1.16.1/STM32CubeIDE/plugins/com.st.stm32cube.ide.mcu.externaltools.gnu-tools-for-stm32.13.3.rel1.win32_1.0.0.202411081344/tools/bin/../lib/gcc/arm-none-eabi/13.3.1/../../../../arm-none-eabi/lib/thumb/v7e-m+dp/hard\libc_nano.a(libc_a-memmove.o)
 .ARM.attributes
                0x00000760       0x32 C:/ST/STM32CubeIDE_1.16.1/STM32CubeIDE/plugins/com.st.stm32cube.ide.mcu.externaltools.gnu-tools-for-stm32.13.3.rel1.win32_1.0.0.202411081344/tools/bin/../lib/gcc/arm-none-eabi/13.3.1/../../../../arm-none-eabi/lib/thumb/v7e-m+dp/hard\libc_nano.a(libc_a-sbrkr.o)
 .ARM.attributes
                0x00000792       0x1c C:/ST/STM32CubeIDE_1.16.1/STM32CubeIDE/plugins/com.st.stm32cube.ide.mcu.externaltools.gnu-tools-for-stm32.13.3.rel1.win32_1.0.0.202411081344/tools/bin/../lib/gcc/arm-none-eabi/13.3.1/../../../../arm-none-eabi/lib/thumb/v7e-m+dp/hard\libc_nano.a(libc_a-memchr.o)
 .ARM.attributes
                0x000007ae       0x32 C:/ST/STM32CubeIDE_1.16.1/STM32CubeIDE/plugins/com.st.stm32cube.ide.mcu.externaltools.gnu-tools-for-stm32.13.3.rel1.win32_1.0.0.202411081344/tools/bin/../lib/gcc/arm-none-eabi/13.3.1/../../../../arm-none-eabi/lib/thumb/v7e-m+dp/hard\libc_nano.a(libc_a-reallocr.o)
 .ARM.attributes
                0x000007e0       0x32 C:/ST/STM32CubeIDE_1.16.1/STM32CubeIDE/plugins/com.st.stm32cube.ide.mcu.externaltools.gnu-tools-for-stm32.13.3.rel1.win32_1.0.0.202411081344/tools/bin/../lib/gcc/arm-none-eabi/13.3.1/../../../../arm-none-eabi/lib/thumb/v7e-m+dp/hard\libc_nano.a(libc_a-msizer.o)
 .ARM.attributes
                0x00000812       0x20 C:/ST/STM32CubeIDE_1.16.1/STM32CubeIDE/plugins/com.st.stm32cube.ide.mcu.externaltools.gnu-tools-for-stm32.13.3.rel1.win32_1.0.0.202411081344/tools/bin/../lib/gcc/arm-none-eabi/13.3.1/thumb/v7e-m+dp/hard\libgcc.a(_aeabi_uldivmod.o)
 .ARM.attributes
                0x00000832       0x32 C:/ST/STM32CubeIDE_1.16.1/STM32CubeIDE/plugins/com.st.stm32cube.ide.mcu.externaltools.gnu-tools-for-stm32.13.3.rel1.win32_1.0.0.202411081344/tools/bin/../lib/gcc/arm-none-eabi/13.3.1/thumb/v7e-m+dp/hard\libgcc.a(_udivmoddi4.o)
 .ARM.attributes
                0x00000864       0x20 C:/ST/STM32CubeIDE_1.16.1/STM32CubeIDE/plugins/com.st.stm32cube.ide.mcu.externaltools.gnu-tools-for-stm32.13.3.rel1.win32_1.0.0.202411081344/tools/bin/../lib/gcc/arm-none-eabi/13.3.1/thumb/v7e-m+dp/hard\libgcc.a(_dvmd_tls.o)
 .ARM.attributes
                0x00000884       0x20 C:/ST/STM32CubeIDE_1.16.1/STM32CubeIDE/plugins/com.st.stm32cube.ide.mcu.externaltools.gnu-tools-for-stm32.13.3.rel1.win32_1.0.0.202411081344/tools/bin/../lib/gcc/arm-none-eabi/13.3.1/thumb/v7e-m+dp/hard/crtn.o
OUTPUT(Hovedenhet.elf elf32-littlearm)
LOAD linker stubs
LOAD C:/ST/STM32CubeIDE_1.16.1/STM32CubeIDE/plugins/com.st.stm32cube.ide.mcu.externaltools.gnu-tools-for-stm32.13.3.rel1.win32_1.0.0.202411081344/tools/bin/../lib/gcc/arm-none-eabi/13.3.1/../../../../arm-none-eabi/lib/thumb/v7e-m+dp/hard\libc.a
LOAD C:/ST/STM32CubeIDE_1.16.1/STM32CubeIDE/plugins/com.st.stm32cube.ide.mcu.externaltools.gnu-tools-for-stm32.13.3.rel1.win32_1.0.0.202411081344/tools/bin/../lib/gcc/arm-none-eabi/13.3.1/../../../../arm-none-eabi/lib/thumb/v7e-m+dp/hard\libm.a
LOAD C:/ST/STM32CubeIDE_1.16.1/STM32CubeIDE/plugins/com.st.stm32cube.ide.mcu.externaltools.gnu-tools-for-stm32.13.3.rel1.win32_1.0.0.202411081344/tools/bin/../lib/gcc/arm-none-eabi/13.3.1/thumb/v7e-m+dp/hard\libgcc.a

.debug_info     0x00000000    0x1b180
 .debug_info    0x00000000      0x844 ./Core/Src/CAM_driver.o
 .debug_info    0x00000844     0x13ad ./Core/Src/CAN.o
 .debug_info    0x00001bf1      0xf01 ./Core/Src/Flash_driver.o
 .debug_info    0x00002af2      0xbb3 ./Core/Src/Funksjoner.o
 .debug_info    0x000036a5     0x2b64 ./Core/Src/main.o
 .debug_info    0x00006209     0x2124 ./Core/Src/stm32h7xx_hal_msp.o
 .debug_info    0x0000832d     0x1510 ./Core/Src/stm32h7xx_it.o
 .debug_info    0x0000983d      0x168 ./Core/Src/sysmem.o
 .debug_info    0x000099a5      0xdb2 ./Core/Src/system_stm32h7xx.o
 .debug_info    0x0000a757       0x30 ./Core/Startup/startup_stm32h753zitx.o
 .debug_info    0x0000a787     0x1541 ./Drivers/STM32H7xx_HAL_Driver/Src/stm32h7xx_hal.o
 .debug_info    0x0000bcc8     0x10b7 ./Drivers/STM32H7xx_HAL_Driver/Src/stm32h7xx_hal_cortex.o
 .debug_info    0x0000cd7f      0xc31 ./Drivers/STM32H7xx_HAL_Driver/Src/stm32h7xx_hal_dma.o
 .debug_info    0x0000d9b0     0x2baf ./Drivers/STM32H7xx_HAL_Driver/Src/stm32h7xx_hal_fdcan.o
 .debug_info    0x0001055f      0xc5a ./Drivers/STM32H7xx_HAL_Driver/Src/stm32h7xx_hal_gpio.o
 .debug_info    0x000111b9     0x1012 ./Drivers/STM32H7xx_HAL_Driver/Src/stm32h7xx_hal_pwr_ex.o
 .debug_info    0x000121cb      0xe6a ./Drivers/STM32H7xx_HAL_Driver/Src/stm32h7xx_hal_rcc.o
 .debug_info    0x00013035     0x1225 ./Drivers/STM32H7xx_HAL_Driver/Src/stm32h7xx_hal_rcc_ex.o
 .debug_info    0x0001425a     0x144a ./Drivers/STM32H7xx_HAL_Driver/Src/stm32h7xx_hal_spi.o
 .debug_info    0x000156a4     0x4b1d ./Drivers/STM32H7xx_HAL_Driver/Src/stm32h7xx_hal_uart.o
 .debug_info    0x0001a1c1      0xfbf ./Drivers/STM32H7xx_HAL_Driver/Src/stm32h7xx_hal_uart_ex.o

.debug_abbrev   0x00000000     0x3124
 .debug_abbrev  0x00000000      0x154 ./Core/Src/CAM_driver.o
 .debug_abbrev  0x00000154      0x25b ./Core/Src/CAN.o
 .debug_abbrev  0x000003af      0x326 ./Core/Src/Flash_driver.o
 .debug_abbrev  0x000006d5      0x26b ./Core/Src/Funksjoner.o
 .debug_abbrev  0x00000940      0x361 ./Core/Src/main.o
 .debug_abbrev  0x00000ca1      0x24c ./Core/Src/stm32h7xx_hal_msp.o
 .debug_abbrev  0x00000eed      0x2b7 ./Core/Src/stm32h7xx_it.o
 .debug_abbrev  0x000011a4       0xbc ./Core/Src/sysmem.o
 .debug_abbrev  0x00001260      0x165 ./Core/Src/system_stm32h7xx.o
 .debug_abbrev  0x000013c5       0x24 ./Core/Startup/startup_stm32h753zitx.o
 .debug_abbrev  0x000013e9      0x295 ./Drivers/STM32H7xx_HAL_Driver/Src/stm32h7xx_hal.o
 .debug_abbrev  0x0000167e      0x339 ./Drivers/STM32H7xx_HAL_Driver/Src/stm32h7xx_hal_cortex.o
 .debug_abbrev  0x000019b7      0x248 ./Drivers/STM32H7xx_HAL_Driver/Src/stm32h7xx_hal_dma.o
 .debug_abbrev  0x00001bff      0x288 ./Drivers/STM32H7xx_HAL_Driver/Src/stm32h7xx_hal_fdcan.o
 .debug_abbrev  0x00001e87      0x205 ./Drivers/STM32H7xx_HAL_Driver/Src/stm32h7xx_hal_gpio.o
 .debug_abbrev  0x0000208c      0x2a7 ./Drivers/STM32H7xx_HAL_Driver/Src/stm32h7xx_hal_pwr_ex.o
 .debug_abbrev  0x00002333      0x2c8 ./Drivers/STM32H7xx_HAL_Driver/Src/stm32h7xx_hal_rcc.o
 .debug_abbrev  0x000025fb      0x269 ./Drivers/STM32H7xx_HAL_Driver/Src/stm32h7xx_hal_rcc_ex.o
 .debug_abbrev  0x00002864      0x2b1 ./Drivers/STM32H7xx_HAL_Driver/Src/stm32h7xx_hal_spi.o
 .debug_abbrev  0x00002b15      0x33d ./Drivers/STM32H7xx_HAL_Driver/Src/stm32h7xx_hal_uart.o
 .debug_abbrev  0x00002e52      0x2d2 ./Drivers/STM32H7xx_HAL_Driver/Src/stm32h7xx_hal_uart_ex.o

.debug_aranges  0x00000000     0x1178
 .debug_aranges
                0x00000000       0x20 ./Core/Src/CAM_driver.o
 .debug_aranges
                0x00000020       0x30 ./Core/Src/CAN.o
 .debug_aranges
                0x00000050       0xa8 ./Core/Src/Flash_driver.o
 .debug_aranges
                0x000000f8       0x40 ./Core/Src/Funksjoner.o
 .debug_aranges
                0x00000138       0x80 ./Core/Src/main.o
 .debug_aranges
                0x000001b8       0x50 ./Core/Src/stm32h7xx_hal_msp.o
 .debug_aranges
                0x00000208       0x90 ./Core/Src/stm32h7xx_it.o
 .debug_aranges
                0x00000298       0x20 ./Core/Src/sysmem.o
 .debug_aranges
                0x000002b8       0x30 ./Core/Src/system_stm32h7xx.o
 .debug_aranges
                0x000002e8       0x28 ./Core/Startup/startup_stm32h753zitx.o
 .debug_aranges
                0x00000310      0x198 ./Drivers/STM32H7xx_HAL_Driver/Src/stm32h7xx_hal.o
 .debug_aranges
                0x000004a8      0x130 ./Drivers/STM32H7xx_HAL_Driver/Src/stm32h7xx_hal_cortex.o
 .debug_aranges
                0x000005d8       0xa0 ./Drivers/STM32H7xx_HAL_Driver/Src/stm32h7xx_hal_dma.o
 .debug_aranges
                0x00000678      0x338 ./Drivers/STM32H7xx_HAL_Driver/Src/stm32h7xx_hal_fdcan.o
 .debug_aranges
                0x000009b0       0x58 ./Drivers/STM32H7xx_HAL_Driver/Src/stm32h7xx_hal_gpio.o
 .debug_aranges
                0x00000a08      0x158 ./Drivers/STM32H7xx_HAL_Driver/Src/stm32h7xx_hal_pwr_ex.o
 .debug_aranges
                0x00000b60       0x88 ./Drivers/STM32H7xx_HAL_Driver/Src/stm32h7xx_hal_rcc.o
 .debug_aranges
                0x00000be8       0xf8 ./Drivers/STM32H7xx_HAL_Driver/Src/stm32h7xx_hal_rcc_ex.o
 .debug_aranges
                0x00000ce0      0x1a8 ./Drivers/STM32H7xx_HAL_Driver/Src/stm32h7xx_hal_spi.o
 .debug_aranges
                0x00000e88      0x248 ./Drivers/STM32H7xx_HAL_Driver/Src/stm32h7xx_hal_uart.o
 .debug_aranges
                0x000010d0       0xa8 ./Drivers/STM32H7xx_HAL_Driver/Src/stm32h7xx_hal_uart_ex.o

.debug_rnglists
                0x00000000      0xd7b
 .debug_rnglists
                0x00000000       0x13 ./Core/Src/CAM_driver.o
 .debug_rnglists
                0x00000013       0x20 ./Core/Src/CAN.o
 .debug_rnglists
                0x00000033       0x7e ./Core/Src/Flash_driver.o
 .debug_rnglists
                0x000000b1       0x2b ./Core/Src/Funksjoner.o
 .debug_rnglists
                0x000000dc       0x65 ./Core/Src/main.o
 .debug_rnglists
                0x00000141       0x3b ./Core/Src/stm32h7xx_hal_msp.o
 .debug_rnglists
                0x0000017c       0x69 ./Core/Src/stm32h7xx_it.o
 .debug_rnglists
                0x000001e5       0x13 ./Core/Src/sysmem.o
 .debug_rnglists
                0x000001f8       0x21 ./Core/Src/system_stm32h7xx.o
 .debug_rnglists
                0x00000219       0x19 ./Core/Startup/startup_stm32h753zitx.o
 .debug_rnglists
                0x00000232      0x131 ./Drivers/STM32H7xx_HAL_Driver/Src/stm32h7xx_hal.o
 .debug_rnglists
                0x00000363       0xe0 ./Drivers/STM32H7xx_HAL_Driver/Src/stm32h7xx_hal_cortex.o
 .debug_rnglists
                0x00000443       0x82 ./Drivers/STM32H7xx_HAL_Driver/Src/stm32h7xx_hal_dma.o
 .debug_rnglists
                0x000004c5      0x28b ./Drivers/STM32H7xx_HAL_Driver/Src/stm32h7xx_hal_fdcan.o
 .debug_rnglists
                0x00000750       0x3f ./Drivers/STM32H7xx_HAL_Driver/Src/stm32h7xx_hal_gpio.o
 .debug_rnglists
                0x0000078f      0x103 ./Drivers/STM32H7xx_HAL_Driver/Src/stm32h7xx_hal_pwr_ex.o
 .debug_rnglists
                0x00000892       0x68 ./Drivers/STM32H7xx_HAL_Driver/Src/stm32h7xx_hal_rcc.o
 .debug_rnglists
                0x000008fa       0xc0 ./Drivers/STM32H7xx_HAL_Driver/Src/stm32h7xx_hal_rcc_ex.o
 .debug_rnglists
                0x000009ba      0x148 ./Drivers/STM32H7xx_HAL_Driver/Src/stm32h7xx_hal_spi.o
 .debug_rnglists
                0x00000b02      0x1fa ./Drivers/STM32H7xx_HAL_Driver/Src/stm32h7xx_hal_uart.o
 .debug_rnglists
                0x00000cfc       0x7f ./Drivers/STM32H7xx_HAL_Driver/Src/stm32h7xx_hal_uart_ex.o

.debug_macro    0x00000000    0x39ed2
 .debug_macro   0x00000000      0x3f4 ./Core/Src/CAM_driver.o
 .debug_macro   0x000003f4      0xaf6 ./Core/Src/CAM_driver.o
 .debug_macro   0x00000eea      0x23e ./Core/Src/CAM_driver.o
 .debug_macro   0x00001128       0x2e ./Core/Src/CAM_driver.o
 .debug_macro   0x00001156       0x3b ./Core/Src/CAM_driver.o
 .debug_macro   0x00001191       0x22 ./Core/Src/CAM_driver.o
 .debug_macro   0x000011b3       0x8e ./Core/Src/CAM_driver.o
 .debug_macro   0x00001241       0x51 ./Core/Src/CAM_driver.o
 .debug_macro   0x00001292      0x103 ./Core/Src/CAM_driver.o
 .debug_macro   0x00001395       0x6a ./Core/Src/CAM_driver.o
 .debug_macro   0x000013ff      0x1df ./Core/Src/CAM_driver.o
 .debug_macro   0x000015de       0x1c ./Core/Src/CAM_driver.o
 .debug_macro   0x000015fa       0x22 ./Core/Src/CAM_driver.o
 .debug_macro   0x0000161c       0xfb ./Core/Src/CAM_driver.o
 .debug_macro   0x00001717     0x1305 ./Core/Src/CAM_driver.o
 .debug_macro   0x00002a1c      0x11f ./Core/Src/CAM_driver.o
 .debug_macro   0x00002b3b       0x27 ./Core/Src/CAM_driver.o
 .debug_macro   0x00002b62    0x261cc ./Core/Src/CAM_driver.o
 .debug_macro   0x00028d2e       0x6d ./Core/Src/CAM_driver.o
 .debug_macro   0x00028d9b     0x3d79 ./Core/Src/CAM_driver.o
 .debug_macro   0x0002cb14      0x190 ./Core/Src/CAM_driver.o
 .debug_macro   0x0002cca4       0x61 ./Core/Src/CAM_driver.o
 .debug_macro   0x0002cd05       0x29 ./Core/Src/CAM_driver.o
 .debug_macro   0x0002cd2e       0x43 ./Core/Src/CAM_driver.o
 .debug_macro   0x0002cd71       0x34 ./Core/Src/CAM_driver.o
 .debug_macro   0x0002cda5      0x370 ./Core/Src/CAM_driver.o
 .debug_macro   0x0002d115       0x16 ./Core/Src/CAM_driver.o
 .debug_macro   0x0002d12b       0x4a ./Core/Src/CAM_driver.o
 .debug_macro   0x0002d175       0x34 ./Core/Src/CAM_driver.o
 .debug_macro   0x0002d1a9       0x10 ./Core/Src/CAM_driver.o
 .debug_macro   0x0002d1b9       0x58 ./Core/Src/CAM_driver.o
 .debug_macro   0x0002d211       0x8e ./Core/Src/CAM_driver.o
 .debug_macro   0x0002d29f       0x1c ./Core/Src/CAM_driver.o
 .debug_macro   0x0002d2bb      0x185 ./Core/Src/CAM_driver.o
 .debug_macro   0x0002d440      0x19b ./Core/Src/CAM_driver.o
 .debug_macro   0x0002d5db       0x5d ./Core/Src/CAM_driver.o
 .debug_macro   0x0002d638     0x240e ./Core/Src/CAM_driver.o
 .debug_macro   0x0002fa46     0x102c ./Core/Src/CAM_driver.o
 .debug_macro   0x00030a72      0x154 ./Core/Src/CAM_driver.o
 .debug_macro   0x00030bc6      0x114 ./Core/Src/CAM_driver.o
 .debug_macro   0x00030cda      0x3b6 ./Core/Src/CAM_driver.o
 .debug_macro   0x00031090       0xac ./Core/Src/CAM_driver.o
 .debug_macro   0x0003113c      0x72d ./Core/Src/CAM_driver.o
 .debug_macro   0x00031869      0x228 ./Core/Src/CAM_driver.o
 .debug_macro   0x00031a91       0x66 ./Core/Src/CAM_driver.o
 .debug_macro   0x00031af7      0x3bb ./Core/Src/CAM_driver.o
 .debug_macro   0x00031eb2      0x3e4 ./Core/Src/CAM_driver.o
 .debug_macro   0x00032296      0x275 ./Core/Src/CAM_driver.o
 .debug_macro   0x0003250b      0xe42 ./Core/Src/CAM_driver.o
 .debug_macro   0x0003334d      0x3ca ./Core/Src/CAM_driver.o
 .debug_macro   0x00033717      0x408 ./Core/Src/CAM_driver.o
 .debug_macro   0x00033b1f       0x51 ./Core/Src/CAM_driver.o
 .debug_macro   0x00033b70       0x4a ./Core/Src/CAM_driver.o
 .debug_macro   0x00033bba      0x22c ./Core/Src/CAM_driver.o
 .debug_macro   0x00033de6       0x67 ./Core/Src/CAM_driver.o
 .debug_macro   0x00033e4d       0xa5 ./Core/Src/CAM_driver.o
 .debug_macro   0x00033ef2      0x1c4 ./Core/Src/CAM_driver.o
 .debug_macro   0x000340b6      0x25e ./Core/Src/CAM_driver.o
 .debug_macro   0x00034314       0x35 ./Core/Src/CAM_driver.o
 .debug_macro   0x00034349      0x5e4 ./Core/Src/CAM_driver.o
 .debug_macro   0x0003492d       0xc1 ./Core/Src/CAM_driver.o
 .debug_macro   0x000349ee      0x693 ./Core/Src/CAM_driver.o
 .debug_macro   0x00035081       0xa6 ./Core/Src/CAM_driver.o
 .debug_macro   0x00035127      0x5ac ./Core/Src/CAM_driver.o
 .debug_macro   0x000356d3       0x16 ./Core/Src/CAM_driver.o
 .debug_macro   0x000356e9       0x3c ./Core/Src/CAM_driver.o
 .debug_macro   0x00035725       0x20 ./Core/Src/CAM_driver.o
 .debug_macro   0x00035745       0x16 ./Core/Src/CAM_driver.o
 .debug_macro   0x0003575b       0x10 ./Core/Src/CAM_driver.o
 .debug_macro   0x0003576b       0x1c ./Core/Src/CAM_driver.o
 .debug_macro   0x00035787       0x52 ./Core/Src/CAM_driver.o
 .debug_macro   0x000357d9       0x22 ./Core/Src/CAM_driver.o
 .debug_macro   0x000357fb       0x10 ./Core/Src/CAM_driver.o
 .debug_macro   0x0003580b       0x52 ./Core/Src/CAM_driver.o
 .debug_macro   0x0003585d       0xcf ./Core/Src/CAM_driver.o
 .debug_macro   0x0003592c       0x1c ./Core/Src/CAM_driver.o
 .debug_macro   0x00035948       0x3d ./Core/Src/CAM_driver.o
 .debug_macro   0x00035985      0x51a ./Core/Src/CAM_driver.o
 .debug_macro   0x00035e9f       0x58 ./Core/Src/CAM_driver.o
 .debug_macro   0x00035ef7       0x1c ./Core/Src/CAM_driver.o
 .debug_macro   0x00035f13       0x10 ./Core/Src/CAM_driver.o
 .debug_macro   0x00035f23       0x16 ./Core/Src/CAM_driver.o
 .debug_macro   0x00035f39      0x131 ./Core/Src/CAM_driver.o
 .debug_macro   0x0003606a       0x70 ./Core/Src/CAM_driver.o
 .debug_macro   0x000360da      0x3f8 ./Core/Src/CAN.o
 .debug_macro   0x000364d2      0x3fd ./Core/Src/Flash_driver.o
 .debug_macro   0x000368cf       0x1c ./Core/Src/Flash_driver.o
 .debug_macro   0x000368eb      0x3fd ./Core/Src/Funksjoner.o
 .debug_macro   0x00036ce8      0x407 ./Core/Src/main.o
 .debug_macro   0x000370ef      0x3ea ./Core/Src/stm32h7xx_hal_msp.o
 .debug_macro   0x000374d9      0x407 ./Core/Src/stm32h7xx_it.o
 .debug_macro   0x000378e0      0x112 ./Core/Src/sysmem.o
 .debug_macro   0x000379f2      0x23c ./Core/Src/sysmem.o
 .debug_macro   0x00037c2e      0x2b8 ./Core/Src/system_stm32h7xx.o
 .debug_macro   0x00037ee6      0x2e2 ./Drivers/STM32H7xx_HAL_Driver/Src/stm32h7xx_hal.o
 .debug_macro   0x000381c8      0x2b8 ./Drivers/STM32H7xx_HAL_Driver/Src/stm32h7xx_hal_cortex.o
 .debug_macro   0x00038480      0x30c ./Drivers/STM32H7xx_HAL_Driver/Src/stm32h7xx_hal_dma.o
 .debug_macro   0x0003878c      0x37d ./Drivers/STM32H7xx_HAL_Driver/Src/stm32h7xx_hal_fdcan.o
 .debug_macro   0x00038b09      0x2bf ./Drivers/STM32H7xx_HAL_Driver/Src/stm32h7xx_hal_gpio.o
 .debug_macro   0x00038dc8      0x2f1 ./Drivers/STM32H7xx_HAL_Driver/Src/stm32h7xx_hal_pwr_ex.o
 .debug_macro   0x000390b9      0x2dc ./Drivers/STM32H7xx_HAL_Driver/Src/stm32h7xx_hal_rcc.o
 .debug_macro   0x00039395      0x2d6 ./Drivers/STM32H7xx_HAL_Driver/Src/stm32h7xx_hal_rcc_ex.o
 .debug_macro   0x0003966b      0x2c0 ./Drivers/STM32H7xx_HAL_Driver/Src/stm32h7xx_hal_spi.o
 .debug_macro   0x0003992b      0x2e3 ./Drivers/STM32H7xx_HAL_Driver/Src/stm32h7xx_hal_uart.o
 .debug_macro   0x00039c0e      0x2c4 ./Drivers/STM32H7xx_HAL_Driver/Src/stm32h7xx_hal_uart_ex.o

.debug_line     0x00000000    0x192e1
 .debug_line    0x00000000      0xa25 ./Core/Src/CAM_driver.o
 .debug_line    0x00000a25      0xaf7 ./Core/Src/CAN.o
 .debug_line    0x0000151c      0xe72 ./Core/Src/Flash_driver.o
 .debug_line    0x0000238e      0xb1d ./Core/Src/Funksjoner.o
 .debug_line    0x00002eab      0xf8e ./Core/Src/main.o
 .debug_line    0x00003e39      0xc32 ./Core/Src/stm32h7xx_hal_msp.o
 .debug_line    0x00004a6b      0xcbc ./Core/Src/stm32h7xx_it.o
 .debug_line    0x00005727      0x588 ./Core/Src/sysmem.o
 .debug_line    0x00005caf      0xaf2 ./Core/Src/system_stm32h7xx.o
 .debug_line    0x000067a1       0x7b ./Core/Startup/startup_stm32h753zitx.o
 .debug_line    0x0000681c      0xecb ./Drivers/STM32H7xx_HAL_Driver/Src/stm32h7xx_hal.o
 .debug_line    0x000076e7      0xeb5 ./Drivers/STM32H7xx_HAL_Driver/Src/stm32h7xx_hal_cortex.o
 .debug_line    0x0000859c     0x284c ./Drivers/STM32H7xx_HAL_Driver/Src/stm32h7xx_hal_dma.o
 .debug_line    0x0000ade8     0x2956 ./Drivers/STM32H7xx_HAL_Driver/Src/stm32h7xx_hal_fdcan.o
 .debug_line    0x0000d73e      0xd54 ./Drivers/STM32H7xx_HAL_Driver/Src/stm32h7xx_hal_gpio.o
 .debug_line    0x0000e492     0x104f ./Drivers/STM32H7xx_HAL_Driver/Src/stm32h7xx_hal_pwr_ex.o
 .debug_line    0x0000f4e1     0x1572 ./Drivers/STM32H7xx_HAL_Driver/Src/stm32h7xx_hal_rcc.o
 .debug_line    0x00010a53     0x1e7e ./Drivers/STM32H7xx_HAL_Driver/Src/stm32h7xx_hal_rcc_ex.o
 .debug_line    0x000128d1     0x225d ./Drivers/STM32H7xx_HAL_Driver/Src/stm32h7xx_hal_spi.o
 .debug_line    0x00014b2e     0x3952 ./Drivers/STM32H7xx_HAL_Driver/Src/stm32h7xx_hal_uart.o
 .debug_line    0x00018480      0xe61 ./Drivers/STM32H7xx_HAL_Driver/Src/stm32h7xx_hal_uart_ex.o

.debug_str      0x00000000   0x16a635
 .debug_str     0x00000000   0x16a635 ./Core/Src/CAM_driver.o
                             0x1632d8 (size before relaxing)
 .debug_str     0x0016a635   0x1639dc ./Core/Src/CAN.o
 .debug_str     0x0016a635   0x16373b ./Core/Src/Flash_driver.o
 .debug_str     0x0016a635   0x1634d5 ./Core/Src/Funksjoner.o
 .debug_str     0x0016a635   0x1645a3 ./Core/Src/main.o
 .debug_str     0x0016a635   0x164878 ./Core/Src/stm32h7xx_hal_msp.o
 .debug_str     0x0016a635   0x163b7c ./Core/Src/stm32h7xx_it.o
 .debug_str     0x0016a635     0x77d9 ./Core/Src/sysmem.o
 .debug_str     0x0016a635   0x160fa2 ./Core/Src/system_stm32h7xx.o
 .debug_str     0x0016a635       0x7d ./Core/Startup/startup_stm32h753zitx.o
 .debug_str     0x0016a635   0x161e88 ./Drivers/STM32H7xx_HAL_Driver/Src/stm32h7xx_hal.o
 .debug_str     0x0016a635   0x1618c3 ./Drivers/STM32H7xx_HAL_Driver/Src/stm32h7xx_hal_cortex.o
 .debug_str     0x0016a635   0x16169d ./Drivers/STM32H7xx_HAL_Driver/Src/stm32h7xx_hal_dma.o
 .debug_str     0x0016a635   0x162c51 ./Drivers/STM32H7xx_HAL_Driver/Src/stm32h7xx_hal_fdcan.o
 .debug_str     0x0016a635   0x160f1a ./Drivers/STM32H7xx_HAL_Driver/Src/stm32h7xx_hal_gpio.o
 .debug_str     0x0016a635   0x1613db ./Drivers/STM32H7xx_HAL_Driver/Src/stm32h7xx_hal_pwr_ex.o
 .debug_str     0x0016a635   0x1612fe ./Drivers/STM32H7xx_HAL_Driver/Src/stm32h7xx_hal_rcc.o
 .debug_str     0x0016a635   0x1617df ./Drivers/STM32H7xx_HAL_Driver/Src/stm32h7xx_hal_rcc_ex.o
 .debug_str     0x0016a635   0x161622 ./Drivers/STM32H7xx_HAL_Driver/Src/stm32h7xx_hal_spi.o
 .debug_str     0x0016a635   0x161e3f ./Drivers/STM32H7xx_HAL_Driver/Src/stm32h7xx_hal_uart.o
 .debug_str     0x0016a635   0x1613ff ./Drivers/STM32H7xx_HAL_Driver/Src/stm32h7xx_hal_uart_ex.o

.comment        0x00000000       0x43
 .comment       0x00000000       0x43 ./Core/Src/CAM_driver.o
                                 0x44 (size before relaxing)
 .comment       0x00000043       0x44 ./Core/Src/CAN.o
 .comment       0x00000043       0x44 ./Core/Src/Flash_driver.o
 .comment       0x00000043       0x44 ./Core/Src/Funksjoner.o
 .comment       0x00000043       0x44 ./Core/Src/main.o
 .comment       0x00000043       0x44 ./Core/Src/stm32h7xx_hal_msp.o
 .comment       0x00000043       0x44 ./Core/Src/stm32h7xx_it.o
 .comment       0x00000043       0x44 ./Core/Src/sysmem.o
 .comment       0x00000043       0x44 ./Core/Src/system_stm32h7xx.o
 .comment       0x00000043       0x44 ./Drivers/STM32H7xx_HAL_Driver/Src/stm32h7xx_hal.o
 .comment       0x00000043       0x44 ./Drivers/STM32H7xx_HAL_Driver/Src/stm32h7xx_hal_cortex.o
 .comment       0x00000043       0x44 ./Drivers/STM32H7xx_HAL_Driver/Src/stm32h7xx_hal_dma.o
 .comment       0x00000043       0x44 ./Drivers/STM32H7xx_HAL_Driver/Src/stm32h7xx_hal_fdcan.o
 .comment       0x00000043       0x44 ./Drivers/STM32H7xx_HAL_Driver/Src/stm32h7xx_hal_gpio.o
 .comment       0x00000043       0x44 ./Drivers/STM32H7xx_HAL_Driver/Src/stm32h7xx_hal_pwr_ex.o
 .comment       0x00000043       0x44 ./Drivers/STM32H7xx_HAL_Driver/Src/stm32h7xx_hal_rcc.o
 .comment       0x00000043       0x44 ./Drivers/STM32H7xx_HAL_Driver/Src/stm32h7xx_hal_rcc_ex.o
 .comment       0x00000043       0x44 ./Drivers/STM32H7xx_HAL_Driver/Src/stm32h7xx_hal_spi.o