Archive member included to satisfy reference by file (symbol)

C:/ST/STM32CubeIDE_1.16.1/STM32CubeIDE/plugins/com.st.stm32cube.ide.mcu.externaltools.gnu-tools-for-stm32.13.3.rel1.win32_1.0.0.202411081344/tools/bin/../lib/gcc/arm-none-eabi/13.3.1/../../../../arm-none-eabi/lib/thumb/v7e-m+dp/hard\libc_nano.a(libc_a-exit.o)
                              C:/ST/STM32CubeIDE_1.16.1/STM32CubeIDE/plugins/com.st.stm32cube.ide.mcu.externaltools.gnu-tools-for-stm32.13.3.rel1.win32_1.0.0.202411081344/tools/bin/../lib/gcc/arm-none-eabi/13.3.1/../../../../arm-none-eabi/lib/thumb/v7e-m+dp/hard/crt0.o (exit)
C:/ST/STM32CubeIDE_1.16.1/STM32CubeIDE/plugins/com.st.stm32cube.ide.mcu.externaltools.gnu-tools-for-stm32.13.3.rel1.win32_1.0.0.202411081344/tools/bin/../lib/gcc/arm-none-eabi/13.3.1/../../../../arm-none-eabi/lib/thumb/v7e-m+dp/hard\libc_nano.a(libc_a-findfp.o)
                              C:/ST/STM32CubeIDE_1.16.1/STM32CubeIDE/plugins/com.st.stm32cube.ide.mcu.externaltools.gnu-tools-for-stm32.13.3.rel1.win32_1.0.0.202411081344/tools/bin/../lib/gcc/arm-none-eabi/13.3.1/../../../../arm-none-eabi/lib/thumb/v7e-m+dp/hard\libc_nano.a(libc_a-exit.o) (__stdio_exit_handler)
C:/ST/STM32CubeIDE_1.16.1/STM32CubeIDE/plugins/com.st.stm32cube.ide.mcu.externaltools.gnu-tools-for-stm32.13.3.rel1.win32_1.0.0.202411081344/tools/bin/../lib/gcc/arm-none-eabi/13.3.1/../../../../arm-none-eabi/lib/thumb/v7e-m+dp/hard\libc_nano.a(libc_a-fwalk.o)
                              C:/ST/STM32CubeIDE_1.16.1/STM32CubeIDE/plugins/com.st.stm32cube.ide.mcu.externaltools.gnu-tools-for-stm32.13.3.rel1.win32_1.0.0.202411081344/tools/bin/../lib/gcc/arm-none-eabi/13.3.1/../../../../arm-none-eabi/lib/thumb/v7e-m+dp/hard\libc_nano.a(libc_a-findfp.o) (_fwalk_sglue)
C:/ST/STM32CubeIDE_1.16.1/STM32CubeIDE/plugins/com.st.stm32cube.ide.mcu.externaltools.gnu-tools-for-stm32.13.3.rel1.win32_1.0.0.202411081344/tools/bin/../lib/gcc/arm-none-eabi/13.3.1/../../../../arm-none-eabi/lib/thumb/v7e-m+dp/hard\libc_nano.a(libc_a-stdio.o)
                              C:/ST/STM32CubeIDE_1.16.1/STM32CubeIDE/plugins/com.st.stm32cube.ide.mcu.externaltools.gnu-tools-for-stm32.13.3.rel1.win32_1.0.0.202411081344/tools/bin/../lib/gcc/arm-none-eabi/13.3.1/../../../../arm-none-eabi/lib/thumb/v7e-m+dp/hard\libc_nano.a(libc_a-findfp.o) (__sread)
C:/ST/STM32CubeIDE_1.16.1/STM32CubeIDE/plugins/com.st.stm32cube.ide.mcu.externaltools.gnu-tools-for-stm32.13.3.rel1.win32_1.0.0.202411081344/tools/bin/../lib/gcc/arm-none-eabi/13.3.1/../../../../arm-none-eabi/lib/thumb/v7e-m+dp/hard\libc_nano.a(libc_a-vsnprintf.o)
                              ./Core/Src/Misc.o (vsnprintf)
C:/ST/STM32CubeIDE_1.16.1/STM32CubeIDE/plugins/com.st.stm32cube.ide.mcu.externaltools.gnu-tools-for-stm32.13.3.rel1.win32_1.0.0.202411081344/tools/bin/../lib/gcc/arm-none-eabi/13.3.1/../../../../arm-none-eabi/lib/thumb/v7e-m+dp/hard\libc_nano.a(libc_a-memset.o)
                              C:/ST/STM32CubeIDE_1.16.1/STM32CubeIDE/plugins/com.st.stm32cube.ide.mcu.externaltools.gnu-tools-for-stm32.13.3.rel1.win32_1.0.0.202411081344/tools/bin/../lib/gcc/arm-none-eabi/13.3.1/../../../../arm-none-eabi/lib/thumb/v7e-m+dp/hard/crt0.o (memset)
C:/ST/STM32CubeIDE_1.16.1/STM32CubeIDE/plugins/com.st.stm32cube.ide.mcu.externaltools.gnu-tools-for-stm32.13.3.rel1.win32_1.0.0.202411081344/tools/bin/../lib/gcc/arm-none-eabi/13.3.1/../../../../arm-none-eabi/lib/thumb/v7e-m+dp/hard\libc_nano.a(libc_a-closer.o)
                              C:/ST/STM32CubeIDE_1.16.1/STM32CubeIDE/plugins/com.st.stm32cube.ide.mcu.externaltools.gnu-tools-for-stm32.13.3.rel1.win32_1.0.0.202411081344/tools/bin/../lib/gcc/arm-none-eabi/13.3.1/../../../../arm-none-eabi/lib/thumb/v7e-m+dp/hard\libc_nano.a(libc_a-stdio.o) (_close_r)
C:/ST/STM32CubeIDE_1.16.1/STM32CubeIDE/plugins/com.st.stm32cube.ide.mcu.externaltools.gnu-tools-for-stm32.13.3.rel1.win32_1.0.0.202411081344/tools/bin/../lib/gcc/arm-none-eabi/13.3.1/../../../../arm-none-eabi/lib/thumb/v7e-m+dp/hard\libc_nano.a(libc_a-reent.o)
                              C:/ST/STM32CubeIDE_1.16.1/STM32CubeIDE/plugins/com.st.stm32cube.ide.mcu.externaltools.gnu-tools-for-stm32.13.3.rel1.win32_1.0.0.202411081344/tools/bin/../lib/gcc/arm-none-eabi/13.3.1/../../../../arm-none-eabi/lib/thumb/v7e-m+dp/hard\libc_nano.a(libc_a-closer.o) (errno)
C:/ST/STM32CubeIDE_1.16.1/STM32CubeIDE/plugins/com.st.stm32cube.ide.mcu.externaltools.gnu-tools-for-stm32.13.3.rel1.win32_1.0.0.202411081344/tools/bin/../lib/gcc/arm-none-eabi/13.3.1/../../../../arm-none-eabi/lib/thumb/v7e-m+dp/hard\libc_nano.a(libc_a-impure.o)
                              C:/ST/STM32CubeIDE_1.16.1/STM32CubeIDE/plugins/com.st.stm32cube.ide.mcu.externaltools.gnu-tools-for-stm32.13.3.rel1.win32_1.0.0.202411081344/tools/bin/../lib/gcc/arm-none-eabi/13.3.1/../../../../arm-none-eabi/lib/thumb/v7e-m+dp/hard\libc_nano.a(libc_a-vsnprintf.o) (_impure_ptr)
[...]
Memory Configuration

Name             Origin             Length             Attributes
FLASH            0x08000000         0x00200000         xr
DTCMRAM          0x20000000         0x00020000         xrw
RAM_D1           0x24000000         0x00080000         xrw
RAM_D2           0x30000000         0x00048000         xrw
RAM_D3           0x38000000         0x00010000         xrw
ITCMRAM          0x00000000         0x00010000         xrw
*default*        0x00000000         0xffffffff

Linker script and memory map

LOAD C:/ST/STM32CubeIDE_1.16.1/STM32CubeIDE/plugins/com.st.stm32cube.ide.mcu.externaltools.gnu-tools-for-stm32.13.3.rel1.win32_1.0.0.202411081344/tools/bin/../lib/gcc/arm-none-eabi/13.3.1/thumb/v7e-m+dp/hard/crti.o
LOAD C:/ST/STM32CubeIDE_1.16.1/STM32CubeIDE/plugins/com.st.stm32cube.ide.mcu.externaltools.gnu-tools-for-stm32.13.3.rel1.win32_1.0.0.202411081344/tools/bin/../lib/gcc/arm-none-eabi/13.3.1/thumb/v7e-m+dp/hard/crtbegin.o
LOAD C:/ST/STM32CubeIDE_1.16.1/STM32CubeIDE/plugins/com.st.stm32cube.ide.mcu.externaltools.gnu-tools-for-stm32.13.3.rel1.win32_1.0.0.202411081344/tools/bin/../lib/gcc/arm-none-eabi/13.3.1/../../../../arm-none-eabi/lib/thumb/v7e-m+dp/hard/crt0.o
LOAD ./Core/Src/CAN.o
LOAD ./Core/Src/Flash_driver.o
LOAD ./Core/Src/Misc.o
LOAD ./Core/Src/main.o
LOAD ./Core/Src/stm32h7xx_hal_msp.o
LOAD ./Core/Src/stm32h7xx_it.o
LOAD ./Core/Src/syscalls.o
LOAD ./Core/Src/sysmem.o
LOAD ./Core/Src/system_stm32h7xx.o
LOAD ./Core/Startup/startup_stm32h753zitx.o
LOAD ./Drivers/STM32H7xx_HAL_Driver/Src/stm32h7xx_hal.o
LOAD ./Drivers/STM32H7xx_HAL_Driver/Src/stm32h7xx_hal_cortex.o
LOAD ./Drivers/STM32H7xx_HAL_Driver/Src/stm32h7xx_hal_dma.o
LOAD ./Drivers/STM32H7xx_HAL_Driver/Src/stm32h7xx_hal_dma_ex.o
LOAD ./Drivers/STM32H7xx_HAL_Driver/Src/stm32h7xx_hal_exti.o
LOAD ./Drivers/STM32H7xx_HAL_Driver/Src/stm32h7xx_hal_fdcan.o
LOAD ./Drivers/STM32H7xx_HAL_Driver/Src/stm32h7xx_hal_flash.o
LOAD ./Drivers/STM32H7xx_HAL_Driver/Src/stm32h7xx_hal_flash_ex.o
LOAD ./Drivers/STM32H7xx_HAL_Driver/Src/stm32h7xx_hal_gpio.o
LOAD ./Drivers/STM32H7xx_HAL_Driver/Src/stm32h7xx_hal_hsem.o
LOAD ./Drivers/STM32H7xx_HAL_Driver/Src/stm32h7xx_hal_i2c.o
LOAD ./Drivers/STM32H7xx_HAL_Driver/Src/stm32h7xx_hal_i2c_ex.o
LOAD ./Drivers/STM32H7xx_HAL_Driver/Src/stm32h7xx_hal_mdma.o
LOAD ./Drivers/STM32H7xx_HAL_Driver/Src/stm32h7xx_hal_pwr.o
LOAD ./Drivers/STM32H7xx_HAL_Driver/Src/stm32h7xx_hal_pwr_ex.o
LOAD ./Drivers/STM32H7xx_HAL_Driver/Src/stm32h7xx_hal_rcc.o
LOAD ./Drivers/STM32H7xx_HAL_Driver/Src/stm32h7xx_hal_rcc_ex.o
LOAD ./Drivers/STM32H7xx_HAL_Driver/Src/stm32h7xx_hal_spi.o
LOAD ./Drivers/STM32H7xx_HAL_Driver/Src/stm32h7xx_hal_spi_ex.o
LOAD ./Drivers/STM32H7xx_HAL_Driver/Src/stm32h7xx_hal_uart.o
LOAD ./Drivers/STM32H7xx_HAL_Driver/Src/stm32h7xx_hal_uart_ex.o
START GROUP
LOAD C:/ST/STM32CubeIDE_1.16.1/STM32CubeIDE/plugins/com.st.stm32cube.ide.mcu.externaltools.gnu-tools-for-stm32.13.3.rel1.win32_1.0.0.202411081344/tools/bin/../lib/gcc/arm-none-eabi/13.3.1/../../../../arm-none-eabi/lib/thumb/v7e-m+dp/hard\libc_nano.a
LOAD C:/ST/STM32CubeIDE_1.16.1/STM32CubeIDE/plugins/com.st.stm32cube.ide.mcu.externaltools.gnu-tools-for-stm32.13.3.rel1.win32_1.0.0.202411081344/tools/bin/../lib/gcc/arm-none-eabi/13.3.1/../../../../arm-none-eabi/lib/thumb/v7e-m+dp/hard\libm.a
END GROUP
START GROUP
LOAD C:/ST/STM32CubeIDE_1.16.1/STM32CubeIDE/plugins/com.st.stm32cube.ide.mcu.externaltools.gnu-tools-for-stm32.13.3.rel1.win32_1.0.0.202411081344/tools/bin/../lib/gcc/arm-none-eabi/13.3.1/thumb/v7e-m+dp/hard\libgcc.a
LOAD C:/ST/STM32CubeIDE_1.16.1/STM32CubeIDE/plugins/com.st.stm32cube.ide.mcu.externaltools.gnu-tools-for-stm32.13.3.rel1.win32_1.0.0.202411081344/tools/bin/../lib/gcc/arm-none-eabi/13.3.1/../../../../arm-none-eabi/lib/thumb/v7e-m+dp/hard\libc_nano.a
END GROUP
START GROUP
LOAD C:/ST/STM32CubeIDE_1.16.1/STM32CubeIDE/plugins/com.st.stm32cube.ide.mcu.externaltools.gnu-tools-for-stm32.13.3.rel1.win32_1.0.0.202411081344/tools/bin/../lib/gcc/arm-none-eabi/13.3.1/thumb/v7e-m+dp/hard\libgcc.a
LOAD C:/ST/STM32CubeIDE_1.16.1/STM32CubeIDE/plugins/com.st.stm32cube.ide.mcu.externaltools.gnu-tools-for-stm32.13.3.rel1.win32_1.0.0.202411081344/tools/bin/../lib/gcc/arm-none-eabi/13.3.1/../../../../arm-none-eabi/lib/thumb/v7e-m+dp/hard\libc_nano.a
LOAD C:/ST/STM32CubeIDE_1.16.1/STM32CubeIDE/plugins/com.st.stm32cube.ide.mcu.externaltools.gnu-tools-for-stm32.13.3.rel1.win32_1.0.0.202411081344/tools/bin/../lib/gcc/arm-none-eabi/13.3.1/../../../../arm-none-eabi/lib/thumb/v7e-m+dp/hard\libnosys.a
END GROUP
START GROUP
LOAD C:/ST/STM32CubeIDE_1.16.1/STM32CubeIDE/plugins/com.st.stm32cube.ide.mcu.externaltools.gnu-tools-for-stm32.13.3.rel1.win32_1.0.0.202411081344/tools/bin/../lib/gcc/arm-none-eabi/13.3.1/thumb/v7e-m+dp/hard\libgcc.a
LOAD C:/ST/STM32CubeIDE_1.16.1/STM32CubeIDE/plugins/com.st.stm32cube.ide.mcu.externaltools.gnu-tools-for-stm32.13.3.rel1.win32_1.0.0.202411081344/tools/bin/../lib/gcc/arm-none-eabi/13.3.1/../../../../arm-none-eabi/lib/thumb/v7e-m+dp/hard\libc_nano.a
LOAD C:/ST/STM32CubeIDE_1.16.1/STM32CubeIDE/plugins/com.st.stm32cube.ide.mcu.externaltools.gnu-tools-for-stm32.13.3.rel1.win32_1.0.0.202411081344/tools/bin/../lib/gcc/arm-none-eabi/13.3.1/../../../../arm-none-eabi/lib/thumb/v7e-m+dp/hard\libnosys.a
END GROUP
LOAD C:/ST/STM32CubeIDE_1.16.1/STM32CubeIDE/plugins/com.st.stm32cube.ide.mcu.externaltools.gnu-tools-for-stm32.13.3.rel1.win32_1.0.0.202411081344/tools/bin/../lib/gcc/arm-none-eabi/13.3.1/thumb/v7e-m+dp/hard/crtend.o
LOAD C:/ST/STM32CubeIDE_1.16.1/STM32CubeIDE/plugins/com.st.stm32cube.ide.mcu.externaltools.gnu-tools-for-stm32.13.3.rel1.win32_1.0.0.202411081344/tools/bin/../lib/gcc/arm-none-eabi/13.3.1/thumb/v7e-m+dp/hard/crtn.o
                0x24080000                        _estack = (ORIGIN (RAM_D1) + LENGTH (RAM_D1))
                0x00000200                        _Min_Heap_Size = 0x200
                0x00000400                        _Min_Stack_Size = 0x400

.isr_vector     0x08000000      0x298
                0x08000000                        . = ALIGN (0x4)
 *(.isr_vector)
 .isr_vector    0x08000000      0x298 ./Core/Startup/startup_stm32h753zitx.o
                0x08000000                g_pfnVectors
                0x08000298                        . = ALIGN (0x4)

.text           0x080002a0     0x8d1c
                0x080002a0                        . = ALIGN (0x4)
 *(.text)
 .text          0x080002a0       0x40 C:/ST/STM32CubeIDE_1.16.1/STM32CubeIDE/plugins/com.st.stm32cube.ide.mcu.externaltools.gnu-tools-for-stm32.13.3.rel1.win32_1.0.0.202411081344/tools/bin/../lib/gcc/arm-none-eabi/13.3.1/thumb/v7e-m+dp/hard/crtbegin.o
 .text          0x080002e0       0x10 C:/ST/STM32CubeIDE_1.16.1/STM32CubeIDE/plugins/com.st.stm32cube.ide.mcu.externaltools.gnu-tools-for-stm32.13.3.rel1.win32_1.0.0.202411081344/tools/bin/../lib/gcc/arm-none-eabi/13.3.1/../../../../arm-none-eabi/lib/thumb/v7e-m+dp/hard\libc_nano.a(libc_a-strlen.o)
                0x080002e0                strlen
 .text          0x080002f0       0xa0 C:/ST/STM32CubeIDE_1.16.1/STM32CubeIDE/plugins/com.st.stm32cube.ide.mcu.externaltools.gnu-tools-for-stm32.13.3.rel1.win32_1.0.0.202411081344/tools/bin/../lib/gcc/arm-none-eabi/13.3.1/../../../../arm-none-eabi/lib/thumb/v7e-m+dp/hard\libc_nano.a(libc_a-memchr.o)
                0x080002f0                memchr
 .text          0x08000390       0x30 C:/ST/STM32CubeIDE_1.16.1/STM32CubeIDE/plugins/com.st.stm32cube.ide.mcu.externaltools.gnu-tools-for-stm32.13.3.rel1.win32_1.0.0.202411081344/tools/bin/../lib/gcc/arm-none-eabi/13.3.1/thumb/v7e-m+dp/hard\libgcc.a(_aeabi_uldivmod.o)
                0x08000390                __aeabi_uldivmod
 .text          0x080003c0      0x2f8 C:/ST/STM32CubeIDE_1.16.1/STM32CubeIDE/plugins/com.st.stm32cube.ide.mcu.externaltools.gnu-tools-for-stm32.13.3.rel1.win32_1.0.0.202411081344/tools/bin/../lib/gcc/arm-none-eabi/13.3.1/thumb/v7e-m+dp/hard\libgcc.a(_udivmoddi4.o)
                0x080003c0                __udivmoddi4
 .text          0x080006b8        0x4 C:/ST/STM32CubeIDE_1.16.1/STM32CubeIDE/plugins/com.st.stm32cube.ide.mcu.externaltools.gnu-tools-for-stm32.13.3.rel1.win32_1.0.0.202411081344/tools/bin/../lib/gcc/arm-none-eabi/13.3.1/thumb/v7e-m+dp/hard\libgcc.a(_dvmd_tls.o)
                0x080006b8                __aeabi_idiv0
                0x080006b8                __aeabi_ldiv0
 *(.text*)
 .text.CAN_SendMessage
                0x080006bc       0x68 ./Core/Src/CAN.o
                0x080006bc                CAN_SendMessage
 .text.Flash_Init
                0x08000724      0x1c0 ./Core/Src/Flash_driver.o
                0x08000724                Flash_Init
 .text.Read_Register
                0x080008e4       0x4a ./Core/Src/Flash_driver.o
                0x080008e4                Read_Register
 *fill*         0x0800092e        0x2 
 .text.Write_Data
                0x08000930       0x98 ./Core/Src/Flash_driver.o
                0x08000930                Write_Data
 .text.Write_to_page
                0x080009c8       0xb0 ./Core/Src/Flash_driver.o
                0x080009c8                Write_to_page
 .text.Read_Data
                0x08000a78       0x2a ./Core/Src/Flash_driver.o
                0x08000a78                Read_Data
 *fill*         0x08000aa2        0x2 
 .text.Automatic_Block_Managment
                0x08000aa4       0x4c ./Core/Src/Flash_driver.o
                0x08000aa4                Automatic_Block_Managment
 .text.Chip_Erase
                0x08000af0       0xd4 ./Core/Src/Flash_driver.o
                0x08000af0                Chip_Erase
 .text.Read_Data_Cont
                0x08000bc4      0x124 ./Core/Src/Flash_driver.o
                0x08000bc4                Read_Data_Cont
 .text.Write_Enable
                0x08000ce8       0x40 ./Core/Src/Flash_driver.o
                0x08000ce8                Write_Enable
 .text.Read_Status_Register
                0x08000d28       0x60 ./Core/Src/Flash_driver.o
                0x08000d28                Read_Status_Register
 .text.Write_Status_Register
                0x08000d88       0x5c ./Core/Src/Flash_driver.o
                0x08000d88                Write_Status_Register
 .text.Read_ID  0x08000de4       0x68 ./Core/Src/Flash_driver.o
                0x08000de4                Read_ID
 .text.Write_Data_Buffer
                0x08000e4c       0x78 ./Core/Src/Flash_driver.o
                0x08000e4c                Write_Data_Buffer
 .text.Write_Data_Flash
                0x08000ec4       0x68 ./Core/Src/Flash_driver.o
                0x08000ec4                Write_Data_Flash
 .text.Select_Page_Read
                0x08000f2c       0x64 ./Core/Src/Flash_driver.o
                0x08000f2c                Select_Page_Read
 .text.Read_Data_Buffer
                0x08000f90       0x68 ./Core/Src/Flash_driver.o
                0x08000f90                Read_Data_Buffer
 .text.Block_Erase
                0x08000ff8       0x68 ./Core/Src/Flash_driver.o
                0x08000ff8                Block_Erase
 .text.delay_ns
                0x08001060       0x54 ./Core/Src/Misc.o
                0x08001060                delay_ns
 .text.USART3_Printf
                0x080010b4       0x4c ./Core/Src/Misc.o
                0x080010b4                USART3_Printf
 .text.W25N_WaitForReady
                0x08001100       0x30 ./Core/Src/Misc.o
                0x08001100                W25N_WaitForReady
 .text.main     0x08001130       0xc4 ./Core/Src/main.o
                0x08001130                main
 .text.SystemClock_Config
                0x080011f4       0xf8 ./Core/Src/main.o
                0x080011f4                SystemClock_Config
 .text.MX_FDCAN1_Init
                0x080012ec      0x114 ./Core/Src/main.o
 .text.MX_SPI1_Init
                0x08001400       0xac ./Core/Src/main.o
 .text.MX_USART3_UART_Init
                0x080014ac       0x98 ./Core/Src/main.o
 .text.MX_GPIO_Init
                0x08001544       0xf0 ./Core/Src/main.o
 .text.init     0x08001634       0xc0 ./Core/Src/main.o
 .text.MPU_Config
                0x080016f4       0x58 ./Core/Src/main.o
 .text.Error_Handler
                0x0800174c       0x14 ./Core/Src/main.o
                0x0800174c                Error_Handler
 .text.HAL_MspInit
                0x08001760       0x34 ./Core/Src/stm32h7xx_hal_msp.o
                0x08001760                HAL_MspInit
 .text.HAL_FDCAN_MspInit
                0x08001794      0x104 ./Core/Src/stm32h7xx_hal_msp.o
                0x08001794                HAL_FDCAN_MspInit
 .text.HAL_SPI_MspInit
                0x08001898       0xd0 ./Core/Src/stm32h7xx_hal_msp.o
                0x08001898                HAL_SPI_MspInit
 .text.HAL_UART_MspInit
                0x08001968       0xd4 ./Core/Src/stm32h7xx_hal_msp.o
                0x08001968                HAL_UART_MspInit
 .text.NMI_Handler
                0x08001a3c        0x8 ./Core/Src/stm32h7xx_it.o
                0x08001a3c                NMI_Handler
 .text.HardFault_Handler
                0x08001a44        0x8 ./Core/Src/stm32h7xx_it.o
                0x08001a44                HardFault_Handler
 .text.MemManage_Handler
                0x08001a4c        0x8 ./Core/Src/stm32h7xx_it.o
                0x08001a4c                MemManage_Handler
 .text.BusFault_Handler
                0x08001a54        0x8 ./Core/Src/stm32h7xx_it.o
                0x08001a54                BusFault_Handler
 .text.UsageFault_Handler
                0x08001a5c        0x8 ./Core/Src/stm32h7xx_it.o
                0x08001a5c                UsageFault_Handler
 .text.SVC_Handler
                0x08001a64        0xe ./Core/Src/stm32h7xx_it.o
                0x08001a64                SVC_Handler
 .text.DebugMon_Handler
                0x08001a72        0xe ./Core/Src/stm32h7xx_it.o
                0x08001a72                DebugMon_Handler
 .text.PendSV_Handler
                0x08001a80        0xe ./Core/Src/stm32h7xx_it.o
                0x08001a80                PendSV_Handler
 *fill*         0x08001a8e        0x2 
 .text.SysTick_Handler
                0x08001a90       0x30 ./Core/Src/stm32h7xx_it.o
                0x08001a90                SysTick_Handler
 .text.FDCAN1_IT0_IRQHandler
                0x08001ac0       0x14 ./Core/Src/stm32h7xx_it.o
                0x08001ac0                FDCAN1_IT0_IRQHandler
 .text.HAL_FDCAN_RxFifo0Callback
                0x08001ad4       0xc0 ./Core/Src/stm32h7xx_it.o
                0x08001ad4                HAL_FDCAN_RxFifo0Callback
 .text._sbrk    0x08001b94       0x6c ./Core/Src/sysmem.o
                0x08001b94                _sbrk
 .text.SystemInit
                0x08001c00      0x140 ./Core/Src/system_stm32h7xx.o
                0x08001c00                SystemInit
 .text.ExitRun0Mode
                0x08001d40       0x30 ./Core/Src/system_stm32h7xx.o
                0x08001d40                ExitRun0Mode
 .text.Reset_Handler
                0x08001d70       0x54 ./Core/Startup/startup_stm32h753zitx.o
                0x08001d70                Reset_Handler
 .text.Default_Handler
                0x08001dc4        0x2 ./Core/Startup/startup_stm32h753zitx.o
                0x08001dc4                RTC_Alarm_IRQHandler
                0x08001dc4                HASH_RNG_IRQHandler
                0x08001dc4                EXTI2_IRQHandler
                0x08001dc4                TIM8_CC_IRQHandler
                0x08001dc4                HRTIM1_Master_IRQHandler
                0x08001dc4                UART8_IRQHandler
                0x08001dc4                SPI4_IRQHandler
                0x08001dc4                TIM1_CC_IRQHandler
                0x08001dc4                BDMA_Channel6_IRQHandler
                0x08001dc4                DMA2_Stream5_IRQHandler
                0x08001dc4                HRTIM1_FLT_IRQHandler
                0x08001dc4                JPEG_IRQHandler
                0x08001dc4                DMA1_Stream5_IRQHandler
                0x08001dc4                BDMA_Channel1_IRQHandler
                0x08001dc4                HRTIM1_TIMD_IRQHandler
                0x08001dc4                TAMP_STAMP_IRQHandler
                0x08001dc4                EXTI3_IRQHandler
                0x08001dc4                LPTIM4_IRQHandler
                0x08001dc4                TIM8_TRG_COM_TIM14_IRQHandler
                0x08001dc4                LPTIM2_IRQHandler
                0x08001dc4                DFSDM1_FLT1_IRQHandler
                0x08001dc4                DMAMUX2_OVR_IRQHandler
                0x08001dc4                TIM8_UP_TIM13_IRQHandler
                0x08001dc4                I2C3_ER_IRQHandler
                0x08001dc4                DFSDM1_FLT2_IRQHandler
                0x08001dc4                MDMA_IRQHandler
                0x08001dc4                LPTIM3_IRQHandler
                0x08001dc4                HSEM1_IRQHandler
                0x08001dc4                EXTI0_IRQHandler
                0x08001dc4                I2C2_EV_IRQHandler
                0x08001dc4                DMA1_Stream2_IRQHandler
                0x08001dc4                FPU_IRQHandler
                0x08001dc4                OTG_HS_WKUP_IRQHandler
                0x08001dc4                FDCAN1_IT1_IRQHandler
                0x08001dc4                LTDC_ER_IRQHandler
                0x08001dc4                DMA2_Stream2_IRQHandler
                0x08001dc4                HRTIM1_TIME_IRQHandler
                0x08001dc4                SPI1_IRQHandler
                0x08001dc4                TIM6_DAC_IRQHandler
                0x08001dc4                DCMI_IRQHandler
                0x08001dc4                HRTIM1_TIMC_IRQHandler
                0x08001dc4                DMA2_Stream3_IRQHandler
                0x08001dc4                SAI2_IRQHandler
                0x08001dc4                DFSDM1_FLT3_IRQHandler
                0x08001dc4                USART6_IRQHandler
                0x08001dc4                TIM17_IRQHandler
                0x08001dc4                USART3_IRQHandler
                0x08001dc4                BDMA_Channel7_IRQHandler
                0x08001dc4                CRYP_IRQHandler
                0x08001dc4                LPTIM5_IRQHandler
                0x08001dc4                UART5_IRQHandler
                0x08001dc4                ADC3_IRQHandler
                0x08001dc4                DMA2_Stream0_IRQHandler
                0x08001dc4                TIM4_IRQHandler
                0x08001dc4                BDMA_Channel2_IRQHandler
                0x08001dc4                QUADSPI_IRQHandler
                0x08001dc4                I2C1_EV_IRQHandler
                0x08001dc4                DMA1_Stream6_IRQHandler
                0x08001dc4                DMAMUX1_OVR_IRQHandler
                0x08001dc4                DMA1_Stream1_IRQHandler
                0x08001dc4                TIM16_IRQHandler
                0x08001dc4                UART4_IRQHandler
                0x08001dc4                BDMA_Channel5_IRQHandler
                0x08001dc4                TIM3_IRQHandler
                0x08001dc4                RCC_IRQHandler
                0x08001dc4                TIM8_BRK_TIM12_IRQHandler
                0x08001dc4                TIM1_TRG_COM_IRQHandler
                0x08001dc4                Default_Handler
                0x08001dc4                ECC_IRQHandler
                0x08001dc4                CEC_IRQHandler
                0x08001dc4                EXTI15_10_IRQHandler
                0x08001dc4                BDMA_Channel0_IRQHandler
                0x08001dc4                ADC_IRQHandler
                0x08001dc4                DMA1_Stream7_IRQHandler
                0x08001dc4                HRTIM1_TIMA_IRQHandler
                0x08001dc4                SPI5_IRQHandler
                0x08001dc4                TIM7_IRQHandler
                0x08001dc4                SDMMC1_IRQHandler
                0x08001dc4                TIM5_IRQHandler
                0x08001dc4                DMA2_Stream7_IRQHandler
                0x08001dc4                TIM15_IRQHandler
                0x08001dc4                PVD_AVD_IRQHandler
                0x08001dc4                I2C3_EV_IRQHandler
                0x08001dc4                EXTI9_5_IRQHandler
                0x08001dc4                RTC_WKUP_IRQHandler
                0x08001dc4                LTDC_IRQHandler
                0x08001dc4                SAI3_IRQHandler
                0x08001dc4                ETH_WKUP_IRQHandler
                0x08001dc4                SPDIF_RX_IRQHandler
                0x08001dc4                SPI2_IRQHandler
                0x08001dc4                OTG_HS_EP1_IN_IRQHandler
                0x08001dc4                DMA1_Stream0_IRQHandler
                0x08001dc4                CRS_IRQHandler
                0x08001dc4                EXTI4_IRQHandler
                0x08001dc4                HRTIM1_TIMB_IRQHandler
                0x08001dc4                FDCAN2_IT1_IRQHandler
                0x08001dc4                ETH_IRQHandler
                0x08001dc4                TIM1_UP_IRQHandler
                0x08001dc4                BDMA_Channel4_IRQHandler
                0x08001dc4                OTG_HS_EP1_OUT_IRQHandler
                0x08001dc4                WWDG_IRQHandler
                0x08001dc4                SPI6_IRQHandler
                0x08001dc4                MDIOS_IRQHandler
                0x08001dc4                I2C4_EV_IRQHandler
                0x08001dc4                FDCAN2_IT0_IRQHandler
                0x08001dc4                LPUART1_IRQHandler
                0x08001dc4                TIM2_IRQHandler
                0x08001dc4                OTG_FS_WKUP_IRQHandler
                0x08001dc4                OTG_HS_IRQHandler
                0x08001dc4                DMA2D_IRQHandler
                0x08001dc4                TIM1_BRK_IRQHandler
                0x08001dc4                EXTI1_IRQHandler
                0x08001dc4                SDMMC2_IRQHandler
                0x08001dc4                OTG_FS_EP1_OUT_IRQHandler
                0x08001dc4                BDMA_Channel3_IRQHandler
                0x08001dc4                UART7_IRQHandler
                0x08001dc4                MDIOS_WKUP_IRQHandler
                0x08001dc4                USART2_IRQHandler
                0x08001dc4                DFSDM1_FLT0_IRQHandler
                0x08001dc4                SAI4_IRQHandler
                0x08001dc4                I2C2_ER_IRQHandler
                0x08001dc4                DMA2_Stream1_IRQHandler
                0x08001dc4                FLASH_IRQHandler
                0x08001dc4                DMA2_Stream4_IRQHandler
                0x08001dc4                USART1_IRQHandler
                0x08001dc4                OTG_FS_IRQHandler
                0x08001dc4                SPI3_IRQHandler
                0x08001dc4                WAKEUP_PIN_IRQHandler
                0x08001dc4                DMA1_Stream4_IRQHandler
                0x08001dc4                OTG_FS_EP1_IN_IRQHandler
                0x08001dc4                I2C1_ER_IRQHandler
                0x08001dc4                FMC_IRQHandler
                0x08001dc4                FDCAN_CAL_IRQHandler
                0x08001dc4                SWPMI1_IRQHandler
                0x08001dc4                COMP1_IRQHandler
                0x08001dc4                LPTIM1_IRQHandler
                0x08001dc4                I2C4_ER_IRQHandler
                0x08001dc4                DMA2_Stream6_IRQHandler
                0x08001dc4                SAI1_IRQHandler
                0x08001dc4                DMA1_Stream3_IRQHandler
 *fill*         0x08001dc6        0x2 
 .text.HAL_Init
                0x08001dc8       0x78 ./Drivers/STM32H7xx_HAL_Driver/Src/stm32h7xx_hal.o
                0x08001dc8                HAL_Init
 .text.HAL_InitTick
                0x08001e40       0x6c ./Drivers/STM32H7xx_HAL_Driver/Src/stm32h7xx_hal.o
                0x08001e40                HAL_InitTick
 .text.HAL_IncTick
                0x08001eac       0x28 ./Drivers/STM32H7xx_HAL_Driver/Src/stm32h7xx_hal.o
                0x08001eac                HAL_IncTick
 .text.HAL_GetTick
                0x08001ed4       0x18 ./Drivers/STM32H7xx_HAL_Driver/Src/stm32h7xx_hal.o
                0x08001ed4                HAL_GetTick
 .text.HAL_GetREVID
                0x08001eec       0x18 ./Drivers/STM32H7xx_HAL_Driver/Src/stm32h7xx_hal.o
                0x08001eec                HAL_GetREVID
 .text.__NVIC_SetPriorityGrouping
                0x08001f04       0x48 ./Drivers/STM32H7xx_HAL_Driver/Src/stm32h7xx_hal_cortex.o
 .text.__NVIC_GetPriorityGrouping
                0x08001f4c       0x1c ./Drivers/STM32H7xx_HAL_Driver/Src/stm32h7xx_hal_cortex.o
 .text.__NVIC_EnableIRQ
                0x08001f68       0x3c ./Drivers/STM32H7xx_HAL_Driver/Src/stm32h7xx_hal_cortex.o
 .text.__NVIC_SetPriority
                0x08001fa4       0x54 ./Drivers/STM32H7xx_HAL_Driver/Src/stm32h7xx_hal_cortex.o
 .text.NVIC_EncodePriority
                0x08001ff8       0x66 ./Drivers/STM32H7xx_HAL_Driver/Src/stm32h7xx_hal_cortex.o
 *fill*         0x0800205e        0x2 
 .text.SysTick_Config
                0x08002060       0x44 ./Drivers/STM32H7xx_HAL_Driver/Src/stm32h7xx_hal_cortex.o
 .text.HAL_NVIC_SetPriorityGrouping
                0x080020a4       0x16 ./Drivers/STM32H7xx_HAL_Driver/Src/stm32h7xx_hal_cortex.o
                0x080020a4                HAL_NVIC_SetPriorityGrouping
 .text.HAL_NVIC_SetPriority
                0x080020ba       0x34 ./Drivers/STM32H7xx_HAL_Driver/Src/stm32h7xx_hal_cortex.o
                0x080020ba                HAL_NVIC_SetPriority
 .text.HAL_NVIC_EnableIRQ
                0x080020ee       0x1c ./Drivers/STM32H7xx_HAL_Driver/Src/stm32h7xx_hal_cortex.o
                0x080020ee                HAL_NVIC_EnableIRQ
 .text.HAL_SYSTICK_Config
                0x0800210a       0x18 ./Drivers/STM32H7xx_HAL_Driver/Src/stm32h7xx_hal_cortex.o
                0x0800210a                HAL_SYSTICK_Config
 *fill*         0x08002122        0x2 
 .text.HAL_MPU_Disable
                0x08002124       0x30 ./Drivers/STM32H7xx_HAL_Driver/Src/stm32h7xx_hal_cortex.o
                0x08002124                HAL_MPU_Disable
 .text.HAL_MPU_Enable
                0x08002154       0x40 ./Drivers/STM32H7xx_HAL_Driver/Src/stm32h7xx_hal_cortex.o
                0x08002154                HAL_MPU_Enable
 .text.HAL_MPU_ConfigRegion
                0x08002194       0x80 ./Drivers/STM32H7xx_HAL_Driver/Src/stm32h7xx_hal_cortex.o
                0x08002194                HAL_MPU_ConfigRegion
 .text.HAL_FDCAN_Init
                0x08002214      0x3bc ./Drivers/STM32H7xx_HAL_Driver/Src/stm32h7xx_hal_fdcan.o
                0x08002214                HAL_FDCAN_Init
 .text.HAL_FDCAN_Start
                0x080025d0       0x56 ./Drivers/STM32H7xx_HAL_Driver/Src/stm32h7xx_hal_fdcan.o
                0x080025d0                HAL_FDCAN_Start
 .text.HAL_FDCAN_AddMessageToTxFifoQ
                0x08002626       0xb6 ./Drivers/STM32H7xx_HAL_Driver/Src/stm32h7xx_hal_fdcan.o
                0x08002626                HAL_FDCAN_AddMessageToTxFifoQ
 .text.HAL_FDCAN_GetRxMessage
                0x080026dc      0x2d8 ./Drivers/STM32H7xx_HAL_Driver/Src/stm32h7xx_hal_fdcan.o
                0x080026dc                HAL_FDCAN_GetRxMessage
 .text.HAL_FDCAN_ActivateNotification
                0x080029b4       0xf4 ./Drivers/STM32H7xx_HAL_Driver/Src/stm32h7xx_hal_fdcan.o
                0x080029b4                HAL_FDCAN_ActivateNotification
 .text.HAL_FDCAN_IRQHandler
                0x08002aa8      0x4bc ./Drivers/STM32H7xx_HAL_Driver/Src/stm32h7xx_hal_fdcan.o
                0x08002aa8                HAL_FDCAN_IRQHandler
 .text.HAL_FDCAN_ClockCalibrationCallback
                0x08002f64       0x16 ./Drivers/STM32H7xx_HAL_Driver/Src/stm32h7xx_hal_fdcan.o
                0x08002f64                HAL_FDCAN_ClockCalibrationCallback
 .text.HAL_FDCAN_TxEventFifoCallback
                0x08002f7a       0x16 ./Drivers/STM32H7xx_HAL_Driver/Src/stm32h7xx_hal_fdcan.o
                0x08002f7a                HAL_FDCAN_TxEventFifoCallback
 .text.HAL_FDCAN_RxFifo1Callback
                0x08002f90       0x16 ./Drivers/STM32H7xx_HAL_Driver/Src/stm32h7xx_hal_fdcan.o
                0x08002f90                HAL_FDCAN_RxFifo1Callback
 .text.HAL_FDCAN_TxFifoEmptyCallback
                0x08002fa6       0x14 ./Drivers/STM32H7xx_HAL_Driver/Src/stm32h7xx_hal_fdcan.o
                0x08002fa6                HAL_FDCAN_TxFifoEmptyCallback
 .text.HAL_FDCAN_TxBufferCompleteCallback
                0x08002fba       0x16 ./Drivers/STM32H7xx_HAL_Driver/Src/stm32h7xx_hal_fdcan.o
                0x08002fba                HAL_FDCAN_TxBufferCompleteCallback
 .text.HAL_FDCAN_TxBufferAbortCallback
                0x08002fd0       0x16 ./Drivers/STM32H7xx_HAL_Driver/Src/stm32h7xx_hal_fdcan.o
                0x08002fd0                HAL_FDCAN_TxBufferAbortCallback
 .text.HAL_FDCAN_RxBufferNewMessageCallback
                0x08002fe6       0x14 ./Drivers/STM32H7xx_HAL_Driver/Src/stm32h7xx_hal_fdcan.o
                0x08002fe6                HAL_FDCAN_RxBufferNewMessageCallback
 .text.HAL_FDCAN_TimestampWraparoundCallback
                0x08002ffa       0x14 ./Drivers/STM32H7xx_HAL_Driver/Src/stm32h7xx_hal_fdcan.o
                0x08002ffa                HAL_FDCAN_TimestampWraparoundCallback
 .text.HAL_FDCAN_TimeoutOccurredCallback
                0x0800300e       0x14 ./Drivers/STM32H7xx_HAL_Driver/Src/stm32h7xx_hal_fdcan.o
                0x0800300e                HAL_FDCAN_TimeoutOccurredCallback
 .text.HAL_FDCAN_HighPriorityMessageCallback
                0x08003022       0x14 ./Drivers/STM32H7xx_HAL_Driver/Src/stm32h7xx_hal_fdcan.o
                0x08003022                HAL_FDCAN_HighPriorityMessageCallback
 .text.HAL_FDCAN_ErrorCallback
                0x08003036       0x14 ./Drivers/STM32H7xx_HAL_Driver/Src/stm32h7xx_hal_fdcan.o
                0x08003036                HAL_FDCAN_ErrorCallback
 .text.HAL_FDCAN_ErrorStatusCallback
                0x0800304a       0x16 ./Drivers/STM32H7xx_HAL_Driver/Src/stm32h7xx_hal_fdcan.o
                0x0800304a                HAL_FDCAN_ErrorStatusCallback
 .text.HAL_FDCAN_TT_ScheduleSyncCallback
                0x08003060       0x16 ./Drivers/STM32H7xx_HAL_Driver/Src/stm32h7xx_hal_fdcan.o
                0x08003060                HAL_FDCAN_TT_ScheduleSyncCallback
 .text.HAL_FDCAN_TT_TimeMarkCallback
                0x08003076       0x16 ./Drivers/STM32H7xx_HAL_Driver/Src/stm32h7xx_hal_fdcan.o
                0x08003076                HAL_FDCAN_TT_TimeMarkCallback
 .text.HAL_FDCAN_TT_StopWatchCallback
                0x0800308c       0x18 ./Drivers/STM32H7xx_HAL_Driver/Src/stm32h7xx_hal_fdcan.o
                0x0800308c                HAL_FDCAN_TT_StopWatchCallback
 .text.HAL_FDCAN_TT_GlobalTimeCallback
                0x080030a4       0x16 ./Drivers/STM32H7xx_HAL_Driver/Src/stm32h7xx_hal_fdcan.o
                0x080030a4                HAL_FDCAN_TT_GlobalTimeCallback
 *fill*         0x080030ba        0x2 
 .text.FDCAN_CalcultateRamBlockAddresses
                0x080030bc      0x30c ./Drivers/STM32H7xx_HAL_Driver/Src/stm32h7xx_hal_fdcan.o
 .text.FDCAN_CopyMessageToRAM
                0x080033c8       0xfc ./Drivers/STM32H7xx_HAL_Driver/Src/stm32h7xx_hal_fdcan.o
 .text.HAL_GPIO_Init
                0x080034c4      0x360 ./Drivers/STM32H7xx_HAL_Driver/Src/stm32h7xx_hal_gpio.o
                0x080034c4                HAL_GPIO_Init
 .text.HAL_GPIO_WritePin
                0x08003824       0x32 ./Drivers/STM32H7xx_HAL_Driver/Src/stm32h7xx_hal_gpio.o
                0x08003824                HAL_GPIO_WritePin
 *fill*         0x08003856        0x2 
 .text.HAL_PWREx_ConfigSupply
                0x08003858       0x74 ./Drivers/STM32H7xx_HAL_Driver/Src/stm32h7xx_hal_pwr_ex.o
                0x08003858                HAL_PWREx_ConfigSupply
 .text.HAL_RCC_OscConfig
                0x080038cc      0x8b4 ./Drivers/STM32H7xx_HAL_Driver/Src/stm32h7xx_hal_rcc.o
                0x080038cc                HAL_RCC_OscConfig
 .text.HAL_RCC_ClockConfig
                0x08004180      0x36c ./Drivers/STM32H7xx_HAL_Driver/Src/stm32h7xx_hal_rcc.o
                0x08004180                HAL_RCC_ClockConfig
 .text.HAL_RCC_GetSysClockFreq
                0x080044ec      0x2f4 ./Drivers/STM32H7xx_HAL_Driver/Src/stm32h7xx_hal_rcc.o
                0x080044ec                HAL_RCC_GetSysClockFreq
 .text.HAL_RCC_GetHCLKFreq
                0x080047e0       0x60 ./Drivers/STM32H7xx_HAL_Driver/Src/stm32h7xx_hal_rcc.o
                0x080047e0                HAL_RCC_GetHCLKFreq
 .text.HAL_RCC_GetPCLK1Freq
                0x08004840       0x2c ./Drivers/STM32H7xx_HAL_Driver/Src/stm32h7xx_hal_rcc.o
                0x08004840                HAL_RCC_GetPCLK1Freq
 .text.HAL_RCC_GetPCLK2Freq
                0x0800486c       0x2c ./Drivers/STM32H7xx_HAL_Driver/Src/stm32h7xx_hal_rcc.o
                0x0800486c                HAL_RCC_GetPCLK2Freq
 .text.HAL_RCCEx_PeriphCLKConfig
                0x08004898     0x1414 ./Drivers/STM32H7xx_HAL_Driver/Src/stm32h7xx_hal_rcc_ex.o
                0x08004898                HAL_RCCEx_PeriphCLKConfig
 .text.HAL_RCCEx_GetD3PCLK1Freq
                0x08005cac       0x2c ./Drivers/STM32H7xx_HAL_Driver/Src/stm32h7xx_hal_rcc_ex.o
                0x08005cac                HAL_RCCEx_GetD3PCLK1Freq
 .text.HAL_RCCEx_GetPLL2ClockFreq
                0x08005cd8      0x2a8 ./Drivers/STM32H7xx_HAL_Driver/Src/stm32h7xx_hal_rcc_ex.o
                0x08005cd8                HAL_RCCEx_GetPLL2ClockFreq
 .text.HAL_RCCEx_GetPLL3ClockFreq
                0x08005f80      0x2a8 ./Drivers/STM32H7xx_HAL_Driver/Src/stm32h7xx_hal_rcc_ex.o
                0x08005f80                HAL_RCCEx_GetPLL3ClockFreq
 .text.RCCEx_PLL2_Config
                0x08006228      0x164 ./Drivers/STM32H7xx_HAL_Driver/Src/stm32h7xx_hal_rcc_ex.o
 .text.RCCEx_PLL3_Config
                0x0800638c      0x164 ./Drivers/STM32H7xx_HAL_Driver/Src/stm32h7xx_hal_rcc_ex.o
 .text.HAL_SPI_Init
                0x080064f0      0x248 ./Drivers/STM32H7xx_HAL_Driver/Src/stm32h7xx_hal_spi.o
                0x080064f0                HAL_SPI_Init
 .text.HAL_SPI_Transmit
                0x08006738      0x3dc ./Drivers/STM32H7xx_HAL_Driver/Src/stm32h7xx_hal_spi.o
                0x08006738                HAL_SPI_Transmit
 .text.HAL_SPI_Receive
                0x08006b14      0x4e4 ./Drivers/STM32H7xx_HAL_Driver/Src/stm32h7xx_hal_spi.o
                0x08006b14                HAL_SPI_Receive
 .text.SPI_CloseTransfer
                0x08006ff8      0x140 ./Drivers/STM32H7xx_HAL_Driver/Src/stm32h7xx_hal_spi.o
 .text.SPI_WaitOnFlagUntilTimeout
                0x08007138       0x5c ./Drivers/STM32H7xx_HAL_Driver/Src/stm32h7xx_hal_spi.o
 .text.SPI_GetPacketSize
                0x08007194       0x36 ./Drivers/STM32H7xx_HAL_Driver/Src/stm32h7xx_hal_spi.o
 .text.HAL_UART_Init
                0x080071ca       0xa0 ./Drivers/STM32H7xx_HAL_Driver/Src/stm32h7xx_hal_uart.o
                0x080071ca                HAL_UART_Init
 .text.HAL_UART_Transmit
                0x0800726a      0x11c ./Drivers/STM32H7xx_HAL_Driver/Src/stm32h7xx_hal_uart.o
                0x0800726a                HAL_UART_Transmit
 .text.HAL_UART_Receive
                0x08007386      0x190 ./Drivers/STM32H7xx_HAL_Driver/Src/stm32h7xx_hal_uart.o
                0x08007386                HAL_UART_Receive
 *fill*         0x08007516        0x2 
 .text.UART_SetConfig
                0x08007518      0xad0 ./Drivers/STM32H7xx_HAL_Driver/Src/stm32h7xx_hal_uart.o
                0x08007518                UART_SetConfig
 .text.UART_AdvFeatureConfig
                0x08007fe8      0x144 ./Drivers/STM32H7xx_HAL_Driver/Src/stm32h7xx_hal_uart.o
                0x08007fe8                UART_AdvFeatureConfig
 .text.UART_CheckIdleState
                0x0800812c      0x154 ./Drivers/STM32H7xx_HAL_Driver/Src/stm32h7xx_hal_uart.o
                0x0800812c                UART_CheckIdleState
 .text.UART_WaitOnFlagUntilTimeout
                0x08008280       0xda ./Drivers/STM32H7xx_HAL_Driver/Src/stm32h7xx_hal_uart.o
                0x08008280                UART_WaitOnFlagUntilTimeout
 *fill*         0x0800835a        0x2 
 .text.UART_EndRxTransfer
                0x0800835c       0xcc ./Drivers/STM32H7xx_HAL_Driver/Src/stm32h7xx_hal_uart.o
 .text.HAL_UARTEx_DisableFifoMode
                0x08008428       0x72 ./Drivers/STM32H7xx_HAL_Driver/Src/stm32h7xx_hal_uart_ex.o
                0x08008428                HAL_UARTEx_DisableFifoMode
 .text.HAL_UARTEx_SetTxFifoThreshold
                0x0800849a       0x7c ./Drivers/STM32H7xx_HAL_Driver/Src/stm32h7xx_hal_uart_ex.o
                0x0800849a                HAL_UARTEx_SetTxFifoThreshold
 .text.HAL_UARTEx_SetRxFifoThreshold
                0x08008516       0x7c ./Drivers/STM32H7xx_HAL_Driver/Src/stm32h7xx_hal_uart_ex.o
                0x08008516                HAL_UARTEx_SetRxFifoThreshold
 *fill*         0x08008592        0x2 
 .text.UARTEx_SetNbDataToProcess
                0x08008594       0x9c ./Drivers/STM32H7xx_HAL_Driver/Src/stm32h7xx_hal_uart_ex.o
 .text._vsnprintf_r
                0x08008630       0x5c C:/ST/STM32CubeIDE_1.16.1/STM32CubeIDE/plugins/com.st.stm32cube.ide.mcu.externaltools.gnu-tools-for-stm32.13.3.rel1.win32_1.0.0.202411081344/tools/bin/../lib/gcc/arm-none-eabi/13.3.1/../../../../arm-none-eabi/lib/thumb/v7e-m+dp/hard\libc_nano.a(libc_a-vsnprintf.o)
                0x08008630                _vsniprintf_r
                0x08008630                _vsnprintf_r
 .text.vsnprintf
                0x0800868c       0x1c C:/ST/STM32CubeIDE_1.16.1/STM32CubeIDE/plugins/com.st.stm32cube.ide.mcu.externaltools.gnu-tools-for-stm32.13.3.rel1.win32_1.0.0.202411081344/tools/bin/../lib/gcc/arm-none-eabi/13.3.1/../../../../arm-none-eabi/lib/thumb/v7e-m+dp/hard\libc_nano.a(libc_a-vsnprintf.o)
                0x0800868c                vsniprintf
                0x0800868c                vsnprintf
 .text.memset   0x080086a8       0x10 C:/ST/STM32CubeIDE_1.16.1/STM32CubeIDE/plugins/com.st.stm32cube.ide.mcu.externaltools.gnu-tools-for-stm32.13.3.rel1.win32_1.0.0.202411081344/tools/bin/../lib/gcc/arm-none-eabi/13.3.1/../../../../arm-none-eabi/lib/thumb/v7e-m+dp/hard\libc_nano.a(libc_a-memset.o)
                0x080086a8                memset
 .text.__errno  0x080086b8        0xc C:/ST/STM32CubeIDE_1.16.1/STM32CubeIDE/plugins/com.st.stm32cube.ide.mcu.externaltools.gnu-tools-for-stm32.13.3.rel1.win32_1.0.0.202411081344/tools/bin/../lib/gcc/arm-none-eabi/13.3.1/../../../../arm-none-eabi/lib/thumb/v7e-m+dp/hard\libc_nano.a(libc_a-errno.o)
                0x080086b8                __errno
 .text.__libc_init_array
                0x080086c4       0x48 C:/ST/STM32CubeIDE_1.16.1/STM32CubeIDE/plugins/com.st.stm32cube.ide.mcu.externaltools.gnu-tools-for-stm32.13.3.rel1.win32_1.0.0.202411081344/tools/bin/../lib/gcc/arm-none-eabi/13.3.1/../../../../arm-none-eabi/lib/thumb/v7e-m+dp/hard\libc_nano.a(libc_a-init.o)
                0x080086c4                __libc_init_array
 .text.__retarget_lock_acquire_recursive
                0x0800870c        0x2 C:/ST/STM32CubeIDE_1.16.1/STM32CubeIDE/plugins/com.st.stm32cube.ide.mcu.externaltools.gnu-tools-for-stm32.13.3.rel1.win32_1.0.0.202411081344/tools/bin/../lib/gcc/arm-none-eabi/13.3.1/../../../../arm-none-eabi/lib/thumb/v7e-m+dp/hard\libc_nano.a(libc_a-lock.o)
                0x0800870c                __retarget_lock_acquire_recursive
 .text.__retarget_lock_release_recursive
                0x0800870e        0x2 C:/ST/STM32CubeIDE_1.16.1/STM32CubeIDE/plugins/com.st.stm32cube.ide.mcu.externaltools.gnu-tools-for-stm32.13.3.rel1.win32_1.0.0.202411081344/tools/bin/../lib/gcc/arm-none-eabi/13.3.1/../../../../arm-none-eabi/lib/thumb/v7e-m+dp/hard\libc_nano.a(libc_a-lock.o)
                0x0800870e                __retarget_lock_release_recursive
 .text.memcpy   0x08008710       0x1c C:/ST/STM32CubeIDE_1.16.1/STM32CubeIDE/plugins/com.st.stm32cube.ide.mcu.externaltools.gnu-tools-for-stm32.13.3.rel1.win32_1.0.0.202411081344/tools/bin/../lib/gcc/arm-none-eabi/13.3.1/../../../../arm-none-eabi/lib/thumb/v7e-m+dp/hard\libc_nano.a(libc_a-memcpy-stub.o)
                0x08008710                memcpy
 .text._free_r  0x0800872c       0x94 C:/ST/STM32CubeIDE_1.16.1/STM32CubeIDE/plugins/com.st.stm32cube.ide.mcu.externaltools.gnu-tools-for-stm32.13.3.rel1.win32_1.0.0.202411081344/tools/bin/../lib/gcc/arm-none-eabi/13.3.1/../../../../arm-none-eabi/lib/thumb/v7e-m+dp/hard\libc_nano.a(libc_a-freer.o)
                0x0800872c                _free_r
 .text.sbrk_aligned
                0x080087c0       0x44 C:/ST/STM32CubeIDE_1.16.1/STM32CubeIDE/plugins/com.st.stm32cube.ide.mcu.externaltools.gnu-tools-for-stm32.13.3.rel1.win32_1.0.0.202411081344/tools/bin/../lib/gcc/arm-none-eabi/13.3.1/../../../../arm-none-eabi/lib/thumb/v7e-m+dp/hard\libc_nano.a(libc_a-mallocr.o)
 .text._malloc_r
                0x08008804      0x100 C:/ST/STM32CubeIDE_1.16.1/STM32CubeIDE/plugins/com.st.stm32cube.ide.mcu.externaltools.gnu-tools-for-stm32.13.3.rel1.win32_1.0.0.202411081344/tools/bin/../lib/gcc/arm-none-eabi/13.3.1/../../../../arm-none-eabi/lib/thumb/v7e-m+dp/hard\libc_nano.a(libc_a-mallocr.o)
                0x08008804                _malloc_r
 .text.__malloc_lock
                0x08008904        0xc C:/ST/STM32CubeIDE_1.16.1/STM32CubeIDE/plugins/com.st.stm32cube.ide.mcu.externaltools.gnu-tools-for-stm32.13.3.rel1.win32_1.0.0.202411081344/tools/bin/../lib/gcc/arm-none-eabi/13.3.1/../../../../arm-none-eabi/lib/thumb/v7e-m+dp/hard\libc_nano.a(libc_a-mlock.o)
                0x08008904                __malloc_lock
 .text.__malloc_unlock
                0x08008910        0xc C:/ST/STM32CubeIDE_1.16.1/STM32CubeIDE/plugins/com.st.stm32cube.ide.mcu.externaltools.gnu-tools-for-stm32.13.3.rel1.win32_1.0.0.202411081344/tools/bin/../lib/gcc/arm-none-eabi/13.3.1/../../../../arm-none-eabi/lib/thumb/v7e-m+dp/hard\libc_nano.a(libc_a-mlock.o)
                0x08008910                __malloc_unlock
 .text.__ssputs_r
                0x0800891c       0xb6 C:/ST/STM32CubeIDE_1.16.1/STM32CubeIDE/plugins/com.st.stm32cube.ide.mcu.externaltools.gnu-tools-for-stm32.13.3.rel1.win32_1.0.0.202411081344/tools/bin/../lib/gcc/arm-none-eabi/13.3.1/../../../../arm-none-eabi/lib/thumb/v7e-m+dp/hard\libc_nano.a(libc_a-nano-svfprintf.o)
                0x0800891c                __ssputs_r
 *fill*         0x080089d2        0x2 
 .text._svfprintf_r
                0x080089d4      0x1f8 C:/ST/STM32CubeIDE_1.16.1/STM32CubeIDE/plugins/com.st.stm32cube.ide.mcu.externaltools.gnu-tools-for-stm32.13.3.rel1.win32_1.0.0.202411081344/tools/bin/../lib/gcc/arm-none-eabi/13.3.1/../../../../arm-none-eabi/lib/thumb/v7e-m+dp/hard\libc_nano.a(libc_a-nano-svfprintf.o)
                0x080089d4                _svfiprintf_r
                0x080089d4                _svfprintf_r
 .text._printf_common
                0x08008bcc       0xda C:/ST/STM32CubeIDE_1.16.1/STM32CubeIDE/plugins/com.st.stm32cube.ide.mcu.externaltools.gnu-tools-for-stm32.13.3.rel1.win32_1.0.0.202411081344/tools/bin/../lib/gcc/arm-none-eabi/13.3.1/../../../../arm-none-eabi/lib/thumb/v7e-m+dp/hard\libc_nano.a(libc_a-nano-vfprintf_i.o)
                0x08008bcc                _printf_common
 *fill*         0x08008ca6        0x2 
 .text._printf_i
                0x08008ca8      0x23c C:/ST/STM32CubeIDE_1.16.1/STM32CubeIDE/plugins/com.st.stm32cube.ide.mcu.externaltools.gnu-tools-for-stm32.13.3.rel1.win32_1.0.0.202411081344/tools/bin/../lib/gcc/arm-none-eabi/13.3.1/../../../../arm-none-eabi/lib/thumb/v7e-m+dp/hard\libc_nano.a(libc_a-nano-vfprintf_i.o)
                0x08008ca8                _printf_i
 .text.memmove  0x08008ee4       0x34 C:/ST/STM32CubeIDE_1.16.1/STM32CubeIDE/plugins/com.st.stm32cube.ide.mcu.externaltools.gnu-tools-for-stm32.13.3.rel1.win32_1.0.0.202411081344/tools/bin/../lib/gcc/arm-none-eabi/13.3.1/../../../../arm-none-eabi/lib/thumb/v7e-m+dp/hard\libc_nano.a(libc_a-memmove.o)
                0x08008ee4                memmove
 .text._sbrk_r  0x08008f18       0x20 C:/ST/STM32CubeIDE_1.16.1/STM32CubeIDE/plugins/com.st.stm32cube.ide.mcu.externaltools.gnu-tools-for-stm32.13.3.rel1.win32_1.0.0.202411081344/tools/bin/../lib/gcc/arm-none-eabi/13.3.1/../../../../arm-none-eabi/lib/thumb/v7e-m+dp/hard\libc_nano.a(libc_a-sbrkr.o)
                0x08008f18                _sbrk_r
 .text._realloc_r
                0x08008f38       0x5c C:/ST/STM32CubeIDE_1.16.1/STM32CubeIDE/plugins/com.st.stm32cube.ide.mcu.externaltools.gnu-tools-for-stm32.13.3.rel1.win32_1.0.0.202411081344/tools/bin/../lib/gcc/arm-none-eabi/13.3.1/../../../../arm-none-eabi/lib/thumb/v7e-m+dp/hard\libc_nano.a(libc_a-reallocr.o)
                0x08008f38                _realloc_r
 .text._malloc_usable_size_r
                0x08008f94       0x10 C:/ST/STM32CubeIDE_1.16.1/STM32CubeIDE/plugins/com.st.stm32cube.ide.mcu.externaltools.gnu-tools-for-stm32.13.3.rel1.win32_1.0.0.202411081344/tools/bin/../lib/gcc/arm-none-eabi/13.3.1/../../../../arm-none-eabi/lib/thumb/v7e-m+dp/hard\libc_nano.a(libc_a-msizer.o)
                0x08008f94                _malloc_usable_size_r
 *(.glue_7)
 .glue_7        0x08008fa4        0x0 linker stubs
 *(.glue_7t)
 .glue_7t       0x08008fa4        0x0 linker stubs
 *(.eh_frame)
 .eh_frame      0x08008fa4        0x0 C:/ST/STM32CubeIDE_1.16.1/STM32CubeIDE/plugins/com.st.stm32cube.ide.mcu.externaltools.gnu-tools-for-stm32.13.3.rel1.win32_1.0.0.202411081344/tools/bin/../lib/gcc/arm-none-eabi/13.3.1/thumb/v7e-m+dp/hard/crtbegin.o
 *(.init)
 .init          0x08008fa4        0x4 C:/ST/STM32CubeIDE_1.16.1/STM32CubeIDE/plugins/com.st.stm32cube.ide.mcu.externaltools.gnu-tools-for-stm32.13.3.rel1.win32_1.0.0.202411081344/tools/bin/../lib/gcc/arm-none-eabi/13.3.1/thumb/v7e-m+dp/hard/crti.o
                0x08008fa4                _init
 .init          0x08008fa8        0x8 C:/ST/STM32CubeIDE_1.16.1/STM32CubeIDE/plugins/com.st.stm32cube.ide.mcu.externaltools.gnu-tools-for-stm32.13.3.rel1.win32_1.0.0.202411081344/tools/bin/../lib/gcc/arm-none-eabi/13.3.1/thumb/v7e-m+dp/hard/crtn.o
 *(.fini)
 .fini          0x08008fb0        0x4 C:/ST/STM32CubeIDE_1.16.1/STM32CubeIDE/plugins/com.st.stm32cube.ide.mcu.externaltools.gnu-tools-for-stm32.13.3.rel1.win32_1.0.0.202411081344/tools/bin/../lib/gcc/arm-none-eabi/13.3.1/thumb/v7e-m+dp/hard/crti.o
                0x08008fb0                _fini
 .fini          0x08008fb4        0x8 C:/ST/STM32CubeIDE_1.16.1/STM32CubeIDE/plugins/com.st.stm32cube.ide.mcu.externaltools.gnu-tools-for-stm32.13.3.rel1.win32_1.0.0.202411081344/tools/bin/../lib/gcc/arm-none-eabi/13.3.1/thumb/v7e-m+dp/hard/crtn.o
                0x08008fbc                        . = ALIGN (0x4)
                0x08008fbc                        _etext = .

.vfp11_veneer   0x08008fbc        0x0
 .vfp11_veneer  0x08008fbc        0x0 linker stubs

.v4_bx          0x08008fbc        0x0
 .v4_bx         0x08008fbc        0x0 linker stubs

.iplt           0x08008fbc        0x0
 .iplt          0x08008fbc        0x0 C:/ST/STM32CubeIDE_1.16.1/STM32CubeIDE/plugins/com.st.stm32cube.ide.mcu.externaltools.gnu-tools-for-stm32.13.3.rel1.win32_1.0.0.202411081344/tools/bin/../lib/gcc/arm-none-eabi/13.3.1/thumb/v7e-m+dp/hard/crtbegin.o

.rodata         0x08008fbc      0x16c
                0x08008fbc                        . = ALIGN (0x4)
 *(.rodata)
 .rodata        0x08008fbc       0xa1 ./Core/Src/Flash_driver.o
 *fill*         0x0800905d        0x3 
 .rodata        0x08009060       0x4c ./Drivers/STM32H7xx_HAL_Driver/Src/stm32h7xx_hal_fdcan.o
 *(.rodata*)
 .rodata.D1CorePrescTable
                0x080090ac       0x10 ./Core/Src/system_stm32h7xx.o
                0x080090ac                D1CorePrescTable
 .rodata.DLCtoBytes
                0x080090bc       0x10 ./Drivers/STM32H7xx_HAL_Driver/Src/stm32h7xx_hal_fdcan.o
 .rodata.UARTPrescTable
                0x080090cc       0x18 ./Drivers/STM32H7xx_HAL_Driver/Src/stm32h7xx_hal_uart.o
                0x080090cc                UARTPrescTable
 .rodata.numerator.1
                0x080090e4        0x8 ./Drivers/STM32H7xx_HAL_Driver/Src/stm32h7xx_hal_uart_ex.o
 .rodata.denominator.0
                0x080090ec        0x8 ./Drivers/STM32H7xx_HAL_Driver/Src/stm32h7xx_hal_uart_ex.o
 .rodata._svfprintf_r.str1.1
                0x080090f4       0x33 C:/ST/STM32CubeIDE_1.16.1/STM32CubeIDE/plugins/com.st.stm32cube.ide.mcu.externaltools.gnu-tools-for-stm32.13.3.rel1.win32_1.0.0.202411081344/tools/bin/../lib/gcc/arm-none-eabi/13.3.1/../../../../arm-none-eabi/lib/thumb/v7e-m+dp/hard\libc_nano.a(libc_a-nano-svfprintf.o)
                                 0x11 (size before relaxing)
 .rodata._printf_i.str1.1
                0x08009127       0x22 C:/ST/STM32CubeIDE_1.16.1/STM32CubeIDE/plugins/com.st.stm32cube.ide.mcu.externaltools.gnu-tools-for-stm32.13.3.rel1.win32_1.0.0.202411081344/tools/bin/../lib/gcc/arm-none-eabi/13.3.1/../../../../arm-none-eabi/lib/thumb/v7e-m+dp/hard\libc_nano.a(libc_a-nano-vfprintf_i.o)
                0x0800914c                        . = ALIGN (0x4)
 *fill*         0x08009127        0x1 

.ARM.extab
 *(.ARM.extab* .gnu.linkonce.armextab.*)

.ARM            0x08009128        0x8
                0x08009128                        __exidx_start = .
 *(.ARM.exidx*)
 .ARM.exidx     0x08009128        0x8 C:/ST/STM32CubeIDE_1.16.1/STM32CubeIDE/plugins/com.st.stm32cube.ide.mcu.externaltools.gnu-tools-for-stm32.13.3.rel1.win32_1.0.0.202411081344/tools/bin/../lib/gcc/arm-none-eabi/13.3.1/../../../../arm-none-eabi/lib/thumb/v7e-m+dp/hard\libc_nano.a(libc_a-strlen.o)
 .ARM.exidx     0x08009130        0x0 C:/ST/STM32CubeIDE_1.16.1/STM32CubeIDE/plugins/com.st.stm32cube.ide.mcu.externaltools.gnu-tools-for-stm32.13.3.rel1.win32_1.0.0.202411081344/tools/bin/../lib/gcc/arm-none-eabi/13.3.1/../../../../arm-none-eabi/lib/thumb/v7e-m+dp/hard\libc_nano.a(libc_a-memchr.o)
                                  0x8 (size before relaxing)
 .ARM.exidx     0x08009130        0x0 C:/ST/STM32CubeIDE_1.16.1/STM32CubeIDE/plugins/com.st.stm32cube.ide.mcu.externaltools.gnu-tools-for-stm32.13.3.rel1.win32_1.0.0.202411081344/tools/bin/../lib/gcc/arm-none-eabi/13.3.1/thumb/v7e-m+dp/hard\libgcc.a(_udivmoddi4.o)
                                  0x8 (size before relaxing)
                0x08009130                        __exidx_end = .

.preinit_array  0x08009130        0x0
                0x08009130                        PROVIDE (__preinit_array_start = .)
 *(.preinit_array*)
                0x08009130                        PROVIDE (__preinit_array_end = .)

.init_array     0x08009130        0x4
                0x08009130                        PROVIDE (__init_array_start = .)
 *(SORT_BY_NAME(.init_array.*))
 *(.init_array*)
 .init_array    0x08009130        0x4 C:/ST/STM32CubeIDE_1.16.1/STM32CubeIDE/plugins/com.st.stm32cube.ide.mcu.externaltools.gnu-tools-for-stm32.13.3.rel1.win32_1.0.0.202411081344/tools/bin/../lib/gcc/arm-none-eabi/13.3.1/thumb/v7e-m+dp/hard/crtbegin.o
                0x08009134                        PROVIDE (__init_array_end = .)

.fini_array     0x08009134        0x4
                [!provide]                        PROVIDE (__fini_array_start = .)
 *(SORT_BY_NAME(.fini_array.*))
 *(.fini_array*)
 .fini_array    0x08009134        0x4 C:/ST/STM32CubeIDE_1.16.1/STM32CubeIDE/plugins/com.st.stm32cube.ide.mcu.externaltools.gnu-tools-for-stm32.13.3.rel1.win32_1.0.0.202411081344/tools/bin/../lib/gcc/arm-none-eabi/13.3.1/thumb/v7e-m+dp/hard/crtbegin.o
                [!provide]                        PROVIDE (__fini_array_end = .)
                0x08009138                        _sidata = LOADADDR (.data)

.rel.dyn        0x08009138        0x0
 .rel.iplt      0x08009138        0x0 C:/ST/STM32CubeIDE_1.16.1/STM32CubeIDE/plugins/com.st.stm32cube.ide.mcu.externaltools.gnu-tools-for-stm32.13.3.rel1.win32_1.0.0.202411081344/tools/bin/../lib/gcc/arm-none-eabi/13.3.1/thumb/v7e-m+dp/hard/crtbegin.o

.data           0x24000000       0x60 load address 0x08009138
                0x24000000                        . = ALIGN (0x4)
                0x24000000                        _sdata = .
 *(.data)
 *(.data*)
 .data.SystemCoreClock
                0x24000000        0x4 ./Core/Src/system_stm32h7xx.o
                0x24000000                SystemCoreClock
 .data.SystemD2Clock
                0x24000004        0x4 ./Core/Src/system_stm32h7xx.o
                0x24000004                SystemD2Clock
 .data.uwTickPrio
                0x24000008        0x4 ./Drivers/STM32H7xx_HAL_Driver/Src/stm32h7xx_hal.o
                0x24000008                uwTickPrio
 .data.uwTickFreq
                0x2400000c        0x1 ./Drivers/STM32H7xx_HAL_Driver/Src/stm32h7xx_hal.o
                0x2400000c                uwTickFreq
 *fill*         0x2400000d        0x3 
 .data._impure_ptr
                0x24000010        0x4 C:/ST/STM32CubeIDE_1.16.1/STM32CubeIDE/plugins/com.st.stm32cube.ide.mcu.externaltools.gnu-tools-for-stm32.13.3.rel1.win32_1.0.0.202411081344/tools/bin/../lib/gcc/arm-none-eabi/13.3.1/../../../../arm-none-eabi/lib/thumb/v7e-m+dp/hard\libc_nano.a(libc_a-impure.o)
                0x24000010                _impure_ptr
 .data._impure_data
                0x24000014       0x4c C:/ST/STM32CubeIDE_1.16.1/STM32CubeIDE/plugins/com.st.stm32cube.ide.mcu.externaltools.gnu-tools-for-stm32.13.3.rel1.win32_1.0.0.202411081344/tools/bin/../lib/gcc/arm-none-eabi/13.3.1/../../../../arm-none-eabi/lib/thumb/v7e-m+dp/hard\libc_nano.a(libc_a-impure.o)
                0x24000014                _impure_data
 *(.RamFunc)
 *(.RamFunc*)
                0x24000060                        . = ALIGN (0x4)
                0x24000060                        _edata = .

.igot.plt       0x24000060        0x0 load address 0x08009198
 .igot.plt      0x24000060        0x0 C:/ST/STM32CubeIDE_1.16.1/STM32CubeIDE/plugins/com.st.stm32cube.ide.mcu.externaltools.gnu-tools-for-stm32.13.3.rel1.win32_1.0.0.202411081344/tools/bin/../lib/gcc/arm-none-eabi/13.3.1/thumb/v7e-m+dp/hard/crtbegin.o
                0x24000060                        . = ALIGN (0x4)

.bss            0x24000060     0x13b0 load address 0x08009198
                0x24000060                        _sbss = .
                0x24000060                        __bss_start__ = _sbss
 *(.bss)
 .bss           0x24000060       0x1c C:/ST/STM32CubeIDE_1.16.1/STM32CubeIDE/plugins/com.st.stm32cube.ide.mcu.externaltools.gnu-tools-for-stm32.13.3.rel1.win32_1.0.0.202411081344/tools/bin/../lib/gcc/arm-none-eabi/13.3.1/thumb/v7e-m+dp/hard/crtbegin.o
 *(.bss*)
 .bss.Start_Flight_Recording
                0x2400007c        0x1 ./Core/Src/main.o
                0x2400007c                Start_Flight_Recording
 .bss.command   0x2400007d        0x1 ./Core/Src/main.o
                0x2400007d                command
 *fill*         0x2400007e        0x2 
 .bss.CAN       0x24000080       0x10 ./Core/Src/main.o
                0x24000080                CAN
 .bss.SPI       0x24000090        0xa ./Core/Src/main.o
                0x24000090                SPI
 *fill*         0x2400009a        0x2 
 .bss.SR        0x2400009c        0x6 ./Core/Src/main.o
                0x2400009c                SR
 *fill*         0x240000a2        0x2 
 .bss.Flash     0x240000a4     0x1010 ./Core/Src/main.o
                0x240000a4                Flash
 .bss.RxHeader  0x240010b4       0x28 ./Core/Src/main.o
                0x240010b4                RxHeader
 .bss.TxHeader  0x240010dc       0x24 ./Core/Src/main.o
                0x240010dc                TxHeader
 .bss.hfdcan1   0x24001100       0xa0 ./Core/Src/main.o
                0x24001100                hfdcan1
 .bss.hspi1     0x240011a0       0x88 ./Core/Src/main.o
                0x240011a0                hspi1
 .bss.huart3    0x24001228       0x94 ./Core/Src/main.o
                0x24001228                huart3
 .bss.CLK_SIM   0x240012bc        0x4 ./Core/Src/stm32h7xx_it.o
                0x240012bc                CLK_SIM
 .bss.__sbrk_heap_end
                0x240012c0        0x4 ./Core/Src/sysmem.o
 .bss.uwTick    0x240012c4        0x4 ./Drivers/STM32H7xx_HAL_Driver/Src/stm32h7xx_hal.o
                0x240012c4                uwTick
 .bss.__sf      0x240012c8      0x138 C:/ST/STM32CubeIDE_1.16.1/STM32CubeIDE/plugins/com.st.stm32cube.ide.mcu.externaltools.gnu-tools-for-stm32.13.3.rel1.win32_1.0.0.202411081344/tools/bin/../lib/gcc/arm-none-eabi/13.3.1/../../../../arm-none-eabi/lib/thumb/v7e-m+dp/hard\libc_nano.a(libc_a-findfp.o)
                0x240012c8                __sf
 .bss.errno     0x24001400        0x4 C:/ST/STM32CubeIDE_1.16.1/STM32CubeIDE/plugins/com.st.stm32cube.ide.mcu.externaltools.gnu-tools-for-stm32.13.3.rel1.win32_1.0.0.202411081344/tools/bin/../lib/gcc/arm-none-eabi/13.3.1/../../../../arm-none-eabi/lib/thumb/v7e-m+dp/hard\libc_nano.a(libc_a-reent.o)
                0x24001400                errno
 .bss.__lock___malloc_recursive_mutex
                0x24001404        0x1 C:/ST/STM32CubeIDE_1.16.1/STM32CubeIDE/plugins/com.st.stm32cube.ide.mcu.externaltools.gnu-tools-for-stm32.13.3.rel1.win32_1.0.0.202411081344/tools/bin/../lib/gcc/arm-none-eabi/13.3.1/../../../../arm-none-eabi/lib/thumb/v7e-m+dp/hard\libc_nano.a(libc_a-lock.o)
                0x24001404                __lock___malloc_recursive_mutex
 *fill*         0x24001405        0x3 
 .bss.__malloc_sbrk_start
                0x24001408        0x4 C:/ST/STM32CubeIDE_1.16.1/STM32CubeIDE/plugins/com.st.stm32cube.ide.mcu.externaltools.gnu-tools-for-stm32.13.3.rel1.win32_1.0.0.202411081344/tools/bin/../lib/gcc/arm-none-eabi/13.3.1/../../../../arm-none-eabi/lib/thumb/v7e-m+dp/hard\libc_nano.a(libc_a-mallocr.o)
                0x24001408                __malloc_sbrk_start
 .bss.__malloc_free_list
                0x2400140c        0x4 C:/ST/STM32CubeIDE_1.16.1/STM32CubeIDE/plugins/com.st.stm32cube.ide.mcu.externaltools.gnu-tools-for-stm32.13.3.rel1.win32_1.0.0.202411081344/tools/bin/../lib/gcc/arm-none-eabi/13.3.1/../../../../arm-none-eabi/lib/thumb/v7e-m+dp/hard\libc_nano.a(libc_a-mallocr.o)
                0x2400140c                __malloc_free_list
 *(COMMON)
                0x24001410                        . = ALIGN (0x4)
                0x24001410                        _ebss = .
                0x24001410                        __bss_end__ = _ebss

._user_heap_stack
                0x24001410      0x600 load address 0x08009198
                0x24001410                        . = ALIGN (0x8)
                [!provide]                        PROVIDE (end = .)
                0x24001410                        PROVIDE (_end = .)
                0x24001610                        . = (. + _Min_Heap_Size)
 *fill*         0x24001410      0x200 
                0x24001a10                        . = (. + _Min_Stack_Size)
 *fill*         0x24001610      0x400 
                0x24001a10                        . = ALIGN (0x8)

/DISCARD/
 libc.a(*)
 libm.a(*)
 libgcc.a(*)

.ARM.attributes
                0x00000000       0x2e
 *(.ARM.attributes)
 .ARM.attributes
                0x00000000       0x20 C:/ST/STM32CubeIDE_1.16.1/STM32CubeIDE/plugins/com.st.stm32cube.ide.mcu.externaltools.gnu-tools-for-stm32.13.3.rel1.win32_1.0.0.202411081344/tools/bin/../lib/gcc/arm-none-eabi/13.3.1/thumb/v7e-m+dp/hard/crti.o
 .ARM.attributes
                0x00000020       0x32 C:/ST/STM32CubeIDE_1.16.1/STM32CubeIDE/plugins/com.st.stm32cube.ide.mcu.externaltools.gnu-tools-for-stm32.13.3.rel1.win32_1.0.0.202411081344/tools/bin/../lib/gcc/arm-none-eabi/13.3.1/thumb/v7e-m+dp/hard/crtbegin.o
 .ARM.attributes
                0x00000052       0x32 ./Core/Src/CAN.o
 .ARM.attributes
                0x00000084       0x32 ./Core/Src/Flash_driver.o
 .ARM.attributes
                0x000000b6       0x32 ./Core/Src/Misc.o
 .ARM.attributes
                0x000000e8       0x32 ./Core/Src/main.o
 .ARM.attributes
                0x0000011a       0x32 ./Core/Src/stm32h7xx_hal_msp.o
 .ARM.attributes
                0x0000014c       0x32 ./Core/Src/stm32h7xx_it.o
 .ARM.attributes
                0x0000017e       0x32 ./Core/Src/sysmem.o
 .ARM.attributes
                0x000001b0       0x32 ./Core/Src/system_stm32h7xx.o
 .ARM.attributes
                0x000001e2       0x21 ./Core/Startup/startup_stm32h753zitx.o
 .ARM.attributes
                0x00000203       0x32 ./Drivers/STM32H7xx_HAL_Driver/Src/stm32h7xx_hal.o
 .ARM.attributes
                0x00000235       0x32 ./Drivers/STM32H7xx_HAL_Driver/Src/stm32h7xx_hal_cortex.o
 .ARM.attributes
                0x00000267       0x32 ./Drivers/STM32H7xx_HAL_Driver/Src/stm32h7xx_hal_fdcan.o
 .ARM.attributes
                0x00000299       0x32 ./Drivers/STM32H7xx_HAL_Driver/Src/stm32h7xx_hal_gpio.o
 .ARM.attributes
                0x000002cb       0x32 ./Drivers/STM32H7xx_HAL_Driver/Src/stm32h7xx_hal_pwr_ex.o
 .ARM.attributes
                0x000002fd       0x32 ./Drivers/STM32H7xx_HAL_Driver/Src/stm32h7xx_hal_rcc.o
 .ARM.attributes
                0x0000032f       0x32 ./Drivers/STM32H7xx_HAL_Driver/Src/stm32h7xx_hal_rcc_ex.o
 .ARM.attributes
                0x00000361       0x32 ./Drivers/STM32H7xx_HAL_Driver/Src/stm32h7xx_hal_spi.o
 .ARM.attributes
                0x00000393       0x32 ./Drivers/STM32H7xx_HAL_Driver/Src/stm32h7xx_hal_uart.o
 .ARM.attributes
                0x000003c5       0x32 ./Drivers/STM32H7xx_HAL_Driver/Src/stm32h7xx_hal_uart_ex.o
 .ARM.attributes
                0x000003f7       0x32 C:/ST/STM32CubeIDE_1.16.1/STM32CubeIDE/plugins/com.st.stm32cube.ide.mcu.externaltools.gnu-tools-for-stm32.13.3.rel1.win32_1.0.0.202411081344/tools/bin/../lib/gcc/arm-none-eabi/13.3.1/../../../../arm-none-eabi/lib/thumb/v7e-m+dp/hard\libc_nano.a(libc_a-findfp.o)
 .ARM.attributes
                0x00000429       0x32 C:/ST/STM32CubeIDE_1.16.1/STM32CubeIDE/plugins/com.st.stm32cube.ide.mcu.externaltools.gnu-tools-for-stm32.13.3.rel1.win32_1.0.0.202411081344/tools/bin/../lib/gcc/arm-none-eabi/13.3.1/../../../../arm-none-eabi/lib/thumb/v7e-m+dp/hard\libc_nano.a(libc_a-vsnprintf.o)
 .ARM.attributes
                0x0000045b       0x32 C:/ST/STM32CubeIDE_1.16.1/STM32CubeIDE/plugins/com.st.stm32cube.ide.mcu.externaltools.gnu-tools-for-stm32.13.3.rel1.win32_1.0.0.202411081344/tools/bin/../lib/gcc/arm-none-eabi/13.3.1/../../../../arm-none-eabi/lib/thumb/v7e-m+dp/hard\libc_nano.a(libc_a-memset.o)
 .ARM.attributes
                0x0000048d       0x32 C:/ST/STM32CubeIDE_1.16.1/STM32CubeIDE/plugins/com.st.stm32cube.ide.mcu.externaltools.gnu-tools-for-stm32.13.3.rel1.win32_1.0.0.202411081344/tools/bin/../lib/gcc/arm-none-eabi/13.3.1/../../../../arm-none-eabi/lib/thumb/v7e-m+dp/hard\libc_nano.a(libc_a-reent.o)
 .ARM.attributes
                0x000004bf       0x32 C:/ST/STM32CubeIDE_1.16.1/STM32CubeIDE/plugins/com.st.stm32cube.ide.mcu.externaltools.gnu-tools-for-stm32.13.3.rel1.win32_1.0.0.202411081344/tools/bin/../lib/gcc/arm-none-eabi/13.3.1/../../../../arm-none-eabi/lib/thumb/v7e-m+dp/hard\libc_nano.a(libc_a-impure.o)
 .ARM.attributes
                0x000004f1       0x32 C:/ST/STM32CubeIDE_1.16.1/STM32CubeIDE/plugins/com.st.stm32cube.ide.mcu.externaltools.gnu-tools-for-stm32.13.3.rel1.win32_1.0.0.202411081344/tools/bin/../lib/gcc/arm-none-eabi/13.3.1/../../../../arm-none-eabi/lib/thumb/v7e-m+dp/hard\libc_nano.a(libc_a-errno.o)
 .ARM.attributes
                0x00000523       0x32 C:/ST/STM32CubeIDE_1.16.1/STM32CubeIDE/plugins/com.st.stm32cube.ide.mcu.externaltools.gnu-tools-for-stm32.13.3.rel1.win32_1.0.0.202411081344/tools/bin/../lib/gcc/arm-none-eabi/13.3.1/../../../../arm-none-eabi/lib/thumb/v7e-m+dp/hard\libc_nano.a(libc_a-init.o)
 .ARM.attributes
                0x00000555       0x32 C:/ST/STM32CubeIDE_1.16.1/STM32CubeIDE/plugins/com.st.stm32cube.ide.mcu.externaltools.gnu-tools-for-stm32.13.3.rel1.win32_1.0.0.202411081344/tools/bin/../lib/gcc/arm-none-eabi/13.3.1/../../../../arm-none-eabi/lib/thumb/v7e-m+dp/hard\libc_nano.a(libc_a-lock.o)
 .ARM.attributes
                0x00000587       0x32 C:/ST/STM32CubeIDE_1.16.1/STM32CubeIDE/plugins/com.st.stm32cube.ide.mcu.externaltools.gnu-tools-for-stm32.13.3.rel1.win32_1.0.0.202411081344/tools/bin/../lib/gcc/arm-none-eabi/13.3.1/../../../../arm-none-eabi/lib/thumb/v7e-m+dp/hard\libc_nano.a(libc_a-memcpy-stub.o)
 .ARM.attributes
                0x000005b9       0x17 C:/ST/STM32CubeIDE_1.16.1/STM32CubeIDE/plugins/com.st.stm32cube.ide.mcu.externaltools.gnu-tools-for-stm32.13.3.rel1.win32_1.0.0.202411081344/tools/bin/../lib/gcc/arm-none-eabi/13.3.1/../../../../arm-none-eabi/lib/thumb/v7e-m+dp/hard\libc_nano.a(libc_a-strlen.o)
 .ARM.attributes
                0x000005d0       0x32 C:/ST/STM32CubeIDE_1.16.1/STM32CubeIDE/plugins/com.st.stm32cube.ide.mcu.externaltools.gnu-tools-for-stm32.13.3.rel1.win32_1.0.0.202411081344/tools/bin/../lib/gcc/arm-none-eabi/13.3.1/../../../../arm-none-eabi/lib/thumb/v7e-m+dp/hard\libc_nano.a(libc_a-freer.o)
 .ARM.attributes
                0x00000602       0x32 C:/ST/STM32CubeIDE_1.16.1/STM32CubeIDE/plugins/com.st.stm32cube.ide.mcu.externaltools.gnu-tools-for-stm32.13.3.rel1.win32_1.0.0.202411081344/tools/bin/../lib/gcc/arm-none-eabi/13.3.1/../../../../arm-none-eabi/lib/thumb/v7e-m+dp/hard\libc_nano.a(libc_a-mallocr.o)
 .ARM.attributes
                0x00000634       0x32 C:/ST/STM32CubeIDE_1.16.1/STM32CubeIDE/plugins/com.st.stm32cube.ide.mcu.externaltools.gnu-tools-for-stm32.13.3.rel1.win32_1.0.0.202411081344/tools/bin/../lib/gcc/arm-none-eabi/13.3.1/../../../../arm-none-eabi/lib/thumb/v7e-m+dp/hard\libc_nano.a(libc_a-mlock.o)
 .ARM.attributes
                0x00000666       0x32 C:/ST/STM32CubeIDE_1.16.1/STM32CubeIDE/plugins/com.st.stm32cube.ide.mcu.externaltools.gnu-tools-for-stm32.13.3.rel1.win32_1.0.0.202411081344/tools/bin/../lib/gcc/arm-none-eabi/13.3.1/../../../../arm-none-eabi/lib/thumb/v7e-m+dp/hard\libc_nano.a(libc_a-nano-svfprintf.o)
 .ARM.attributes
                0x00000698       0x32 C:/ST/STM32CubeIDE_1.16.1/STM32CubeIDE/plugins/com.st.stm32cube.ide.mcu.externaltools.gnu-tools-for-stm32.13.3.rel1.win32_1.0.0.202411081344/tools/bin/../lib/gcc/arm-none-eabi/13.3.1/../../../../arm-none-eabi/lib/thumb/v7e-m+dp/hard\libc_nano.a(libc_a-nano-vfprintf_i.o)
 .ARM.attributes
                0x000006ca       0x32 C:/ST/STM32CubeIDE_1.16.1/STM32CubeIDE/plugins/com.st.stm32cube.ide.mcu.externaltools.gnu-tools-for-stm32.13.3.rel1.win32_1.0.0.202411081344/tools/bin/../lib/gcc/arm-none-eabi/13.3.1/../../../../arm-none-eabi/lib/thumb/v7e-m+dp/hard\libc_nano.a(libc_a-memmove.o)
 .ARM.attributes
                0x000006fc       0x32 C:/ST/STM32CubeIDE_1.16.1/STM32CubeIDE/plugins/com.st.stm32cube.ide.mcu.externaltools.gnu-tools-for-stm32.13.3.rel1.win32_1.0.0.202411081344/tools/bin/../lib/gcc/arm-none-eabi/13.3.1/../../../../arm-none-eabi/lib/thumb/v7e-m+dp/hard\libc_nano.a(libc_a-sbrkr.o)
 .ARM.attributes
                0x0000072e       0x1c C:/ST/STM32CubeIDE_1.16.1/STM32CubeIDE/plugins/com.st.stm32cube.ide.mcu.externaltools.gnu-tools-for-stm32.13.3.rel1.win32_1.0.0.202411081344/tools/bin/../lib/gcc/arm-none-eabi/13.3.1/../../../../arm-none-eabi/lib/thumb/v7e-m+dp/hard\libc_nano.a(libc_a-memchr.o)
 .ARM.attributes
                0x0000074a       0x32 C:/ST/STM32CubeIDE_1.16.1/STM32CubeIDE/plugins/com.st.stm32cube.ide.mcu.externaltools.gnu-tools-for-stm32.13.3.rel1.win32_1.0.0.202411081344/tools/bin/../lib/gcc/arm-none-eabi/13.3.1/../../../../arm-none-eabi/lib/thumb/v7e-m+dp/hard\libc_nano.a(libc_a-reallocr.o)
 .ARM.attributes
                0x0000077c       0x32 C:/ST/STM32CubeIDE_1.16.1/STM32CubeIDE/plugins/com.st.stm32cube.ide.mcu.externaltools.gnu-tools-for-stm32.13.3.rel1.win32_1.0.0.202411081344/tools/bin/../lib/gcc/arm-none-eabi/13.3.1/../../../../arm-none-eabi/lib/thumb/v7e-m+dp/hard\libc_nano.a(libc_a-msizer.o)
 .ARM.attributes
                0x000007ae       0x20 C:/ST/STM32CubeIDE_1.16.1/STM32CubeIDE/plugins/com.st.stm32cube.ide.mcu.externaltools.gnu-tools-for-stm32.13.3.rel1.win32_1.0.0.202411081344/tools/bin/../lib/gcc/arm-none-eabi/13.3.1/thumb/v7e-m+dp/hard\libgcc.a(_aeabi_uldivmod.o)
 .ARM.attributes
                0x000007ce       0x32 C:/ST/STM32CubeIDE_1.16.1/STM32CubeIDE/plugins/com.st.stm32cube.ide.mcu.externaltools.gnu-tools-for-stm32.13.3.rel1.win32_1.0.0.202411081344/tools/bin/../lib/gcc/arm-none-eabi/13.3.1/thumb/v7e-m+dp/hard\libgcc.a(_udivmoddi4.o)
 .ARM.attributes
                0x00000800       0x20 C:/ST/STM32CubeIDE_1.16.1/STM32CubeIDE/plugins/com.st.stm32cube.ide.mcu.externaltools.gnu-tools-for-stm32.13.3.rel1.win32_1.0.0.202411081344/tools/bin/../lib/gcc/arm-none-eabi/13.3.1/thumb/v7e-m+dp/hard\libgcc.a(_dvmd_tls.o)
 .ARM.attributes
                0x00000820       0x20 C:/ST/STM32CubeIDE_1.16.1/STM32CubeIDE/plugins/com.st.stm32cube.ide.mcu.externaltools.gnu-tools-for-stm32.13.3.rel1.win32_1.0.0.202411081344/tools/bin/../lib/gcc/arm-none-eabi/13.3.1/thumb/v7e-m+dp/hard/crtn.o
OUTPUT(Hovedenhet.elf elf32-littlearm)
LOAD linker stubs
LOAD C:/ST/STM32CubeIDE_1.16.1/STM32CubeIDE/plugins/com.st.stm32cube.ide.mcu.externaltools.gnu-tools-for-stm32.13.3.rel1.win32_1.0.0.202411081344/tools/bin/../lib/gcc/arm-none-eabi/13.3.1/../../../../arm-none-eabi/lib/thumb/v7e-m+dp/hard\libc.a
LOAD C:/ST/STM32CubeIDE_1.16.1/STM32CubeIDE/plugins/com.st.stm32cube.ide.mcu.externaltools.gnu-tools-for-stm32.13.3.rel1.win32_1.0.0.202411081344/tools/bin/../lib/gcc/arm-none-eabi/13.3.1/../../../../arm-none-eabi/lib/thumb/v7e-m+dp/hard\libm.a
LOAD C:/ST/STM32CubeIDE_1.16.1/STM32CubeIDE/plugins/com.st.stm32cube.ide.mcu.externaltools.gnu-tools-for-stm32.13.3.rel1.win32_1.0.0.202411081344/tools/bin/../lib/gcc/arm-none-eabi/13.3.1/thumb/v7e-m+dp/hard\libgcc.a

.debug_info     0x00000000    0x187bf
 .debug_info    0x00000000      0xafe ./Core/Src/CAN.o
 .debug_info    0x00000afe     0x12bd ./Core/Src/Flash_driver.o
 .debug_info    0x00001dbb      0xbb3 ./Core/Src/Misc.o
 .debug_info    0x0000296e     0x25c2 ./Core/Src/main.o
 .debug_info    0x00004f30     0x2070 ./Core/Src/stm32h7xx_hal_msp.o
 .debug_info    0x00006fa0      0xb0d ./Core/Src/stm32h7xx_it.o
 .debug_info    0x00007aad      0x168 ./Core/Src/sysmem.o
 .debug_info    0x00007c15      0xdb2 ./Core/Src/system_stm32h7xx.o
 .debug_info    0x000089c7       0x30 ./Core/Startup/startup_stm32h753zitx.o
 .debug_info    0x000089f7     0x1541 ./Drivers/STM32H7xx_HAL_Driver/Src/stm32h7xx_hal.o
 .debug_info    0x00009f38     0x10b7 ./Drivers/STM32H7xx_HAL_Driver/Src/stm32h7xx_hal_cortex.o
 .debug_info    0x0000afef     0x2baf ./Drivers/STM32H7xx_HAL_Driver/Src/stm32h7xx_hal_fdcan.o
 .debug_info    0x0000db9e      0xc5a ./Drivers/STM32H7xx_HAL_Driver/Src/stm32h7xx_hal_gpio.o
 .debug_info    0x0000e7f8     0x1012 ./Drivers/STM32H7xx_HAL_Driver/Src/stm32h7xx_hal_pwr_ex.o
 .debug_info    0x0000f80a      0xe6a ./Drivers/STM32H7xx_HAL_Driver/Src/stm32h7xx_hal_rcc.o
 .debug_info    0x00010674     0x1225 ./Drivers/STM32H7xx_HAL_Driver/Src/stm32h7xx_hal_rcc_ex.o
 .debug_info    0x00011899     0x144a ./Drivers/STM32H7xx_HAL_Driver/Src/stm32h7xx_hal_spi.o
 .debug_info    0x00012ce3     0x4b1d ./Drivers/STM32H7xx_HAL_Driver/Src/stm32h7xx_hal_uart.o
 .debug_info    0x00017800      0xfbf ./Drivers/STM32H7xx_HAL_Driver/Src/stm32h7xx_hal_uart_ex.o

.debug_abbrev   0x00000000     0x2c3c
 .debug_abbrev  0x00000000      0x1df ./Core/Src/CAN.o
 .debug_abbrev  0x000001df      0x324 ./Core/Src/Flash_driver.o
 .debug_abbrev  0x00000503      0x26b ./Core/Src/Misc.o
 .debug_abbrev  0x0000076e      0x333 ./Core/Src/main.o
 .debug_abbrev  0x00000aa1      0x24c ./Core/Src/stm32h7xx_hal_msp.o
 .debug_abbrev  0x00000ced      0x217 ./Core/Src/stm32h7xx_it.o
 .debug_abbrev  0x00000f04       0xbc ./Core/Src/sysmem.o
 .debug_abbrev  0x00000fc0      0x165 ./Core/Src/system_stm32h7xx.o
 .debug_abbrev  0x00001125       0x24 ./Core/Startup/startup_stm32h753zitx.o
 .debug_abbrev  0x00001149      0x295 ./Drivers/STM32H7xx_HAL_Driver/Src/stm32h7xx_hal.o
 .debug_abbrev  0x000013de      0x339 ./Drivers/STM32H7xx_HAL_Driver/Src/stm32h7xx_hal_cortex.o
 .debug_abbrev  0x00001717      0x288 ./Drivers/STM32H7xx_HAL_Driver/Src/stm32h7xx_hal_fdcan.o
 .debug_abbrev  0x0000199f      0x205 ./Drivers/STM32H7xx_HAL_Driver/Src/stm32h7xx_hal_gpio.o
 .debug_abbrev  0x00001ba4      0x2a7 ./Drivers/STM32H7xx_HAL_Driver/Src/stm32h7xx_hal_pwr_ex.o
 .debug_abbrev  0x00001e4b      0x2c8 ./Drivers/STM32H7xx_HAL_Driver/Src/stm32h7xx_hal_rcc.o
 .debug_abbrev  0x00002113      0x269 ./Drivers/STM32H7xx_HAL_Driver/Src/stm32h7xx_hal_rcc_ex.o
 .debug_abbrev  0x0000237c      0x2b1 ./Drivers/STM32H7xx_HAL_Driver/Src/stm32h7xx_hal_spi.o
 .debug_abbrev  0x0000262d      0x33d ./Drivers/STM32H7xx_HAL_Driver/Src/stm32h7xx_hal_uart.o
 .debug_abbrev  0x0000296a      0x2d2 ./Drivers/STM32H7xx_HAL_Driver/Src/stm32h7xx_hal_uart_ex.o

.debug_aranges  0x00000000     0x1070
 .debug_aranges
                0x00000000       0x28 ./Core/Src/CAN.o
 .debug_aranges
                0x00000028       0xa8 ./Core/Src/Flash_driver.o
 .debug_aranges
                0x000000d0       0x40 ./Core/Src/Misc.o
 .debug_aranges
                0x00000110       0x60 ./Core/Src/main.o
 .debug_aranges
                0x00000170       0x50 ./Core/Src/stm32h7xx_hal_msp.o
 .debug_aranges
                0x000001c0       0x70 ./Core/Src/stm32h7xx_it.o
 .debug_aranges
                0x00000230       0x20 ./Core/Src/sysmem.o
 .debug_aranges
                0x00000250       0x30 ./Core/Src/system_stm32h7xx.o
 .debug_aranges
                0x00000280       0x28 ./Core/Startup/startup_stm32h753zitx.o
 .debug_aranges
                0x000002a8      0x198 ./Drivers/STM32H7xx_HAL_Driver/Src/stm32h7xx_hal.o
 .debug_aranges
                0x00000440      0x130 ./Drivers/STM32H7xx_HAL_Driver/Src/stm32h7xx_hal_cortex.o
 .debug_aranges
                0x00000570      0x338 ./Drivers/STM32H7xx_HAL_Driver/Src/stm32h7xx_hal_fdcan.o
 .debug_aranges
                0x000008a8       0x58 ./Drivers/STM32H7xx_HAL_Driver/Src/stm32h7xx_hal_gpio.o
 .debug_aranges
                0x00000900      0x158 ./Drivers/STM32H7xx_HAL_Driver/Src/stm32h7xx_hal_pwr_ex.o
 .debug_aranges
                0x00000a58       0x88 ./Drivers/STM32H7xx_HAL_Driver/Src/stm32h7xx_hal_rcc.o
 .debug_aranges
                0x00000ae0       0xf8 ./Drivers/STM32H7xx_HAL_Driver/Src/stm32h7xx_hal_rcc_ex.o
 .debug_aranges
                0x00000bd8      0x1a8 ./Drivers/STM32H7xx_HAL_Driver/Src/stm32h7xx_hal_spi.o
 .debug_aranges
                0x00000d80      0x248 ./Drivers/STM32H7xx_HAL_Driver/Src/stm32h7xx_hal_uart.o
 .debug_aranges
                0x00000fc8       0xa8 ./Drivers/STM32H7xx_HAL_Driver/Src/stm32h7xx_hal_uart_ex.o

.debug_rnglists
                0x00000000      0xcaa
 .debug_rnglists
                0x00000000       0x19 ./Core/Src/CAN.o
 .debug_rnglists
                0x00000019       0x7e ./Core/Src/Flash_driver.o
 .debug_rnglists
                0x00000097       0x2b ./Core/Src/Misc.o
 .debug_rnglists
                0x000000c2       0x4a ./Core/Src/main.o
 .debug_rnglists
                0x0000010c       0x3a ./Core/Src/stm32h7xx_hal_msp.o
 .debug_rnglists
                0x00000146       0x50 ./Core/Src/stm32h7xx_it.o
 .debug_rnglists
                0x00000196       0x13 ./Core/Src/sysmem.o
 .debug_rnglists
                0x000001a9       0x21 ./Core/Src/system_stm32h7xx.o
 .debug_rnglists
                0x000001ca       0x19 ./Core/Startup/startup_stm32h753zitx.o
 .debug_rnglists
                0x000001e3      0x131 ./Drivers/STM32H7xx_HAL_Driver/Src/stm32h7xx_hal.o
 .debug_rnglists
                0x00000314       0xe0 ./Drivers/STM32H7xx_HAL_Driver/Src/stm32h7xx_hal_cortex.o
 .debug_rnglists
                0x000003f4      0x28b ./Drivers/STM32H7xx_HAL_Driver/Src/stm32h7xx_hal_fdcan.o
 .debug_rnglists
                0x0000067f       0x3f ./Drivers/STM32H7xx_HAL_Driver/Src/stm32h7xx_hal_gpio.o
 .debug_rnglists
                0x000006be      0x103 ./Drivers/STM32H7xx_HAL_Driver/Src/stm32h7xx_hal_pwr_ex.o
 .debug_rnglists
                0x000007c1       0x68 ./Drivers/STM32H7xx_HAL_Driver/Src/stm32h7xx_hal_rcc.o
 .debug_rnglists
                0x00000829       0xc0 ./Drivers/STM32H7xx_HAL_Driver/Src/stm32h7xx_hal_rcc_ex.o
 .debug_rnglists
                0x000008e9      0x148 ./Drivers/STM32H7xx_HAL_Driver/Src/stm32h7xx_hal_spi.o
 .debug_rnglists
                0x00000a31      0x1fa ./Drivers/STM32H7xx_HAL_Driver/Src/stm32h7xx_hal_uart.o
 .debug_rnglists
                0x00000c2b       0x7f ./Drivers/STM32H7xx_HAL_Driver/Src/stm32h7xx_hal_uart_ex.o

.debug_macro    0x00000000    0x3976c
 .debug_macro   0x00000000      0x3f4 ./Core/Src/CAN.o
 .debug_macro   0x000003f4      0xaf6 ./Core/Src/CAN.o
 .debug_macro   0x00000eea      0x23e ./Core/Src/CAN.o
 .debug_macro   0x00001128       0x2e ./Core/Src/CAN.o
 .debug_macro   0x00001156       0x3b ./Core/Src/CAN.o
 .debug_macro   0x00001191       0x22 ./Core/Src/CAN.o
 .debug_macro   0x000011b3       0x8e ./Core/Src/CAN.o
 .debug_macro   0x00001241       0x51 ./Core/Src/CAN.o
 .debug_macro   0x00001292      0x103 ./Core/Src/CAN.o
 .debug_macro   0x00001395       0x6a ./Core/Src/CAN.o
 .debug_macro   0x000013ff      0x1df ./Core/Src/CAN.o
 .debug_macro   0x000015de       0x1c ./Core/Src/CAN.o
 .debug_macro   0x000015fa       0x22 ./Core/Src/CAN.o
 .debug_macro   0x0000161c       0xfb ./Core/Src/CAN.o
 .debug_macro   0x00001717     0x1305 ./Core/Src/CAN.o
 .debug_macro   0x00002a1c      0x11f ./Core/Src/CAN.o
 .debug_macro   0x00002b3b       0x27 ./Core/Src/CAN.o
 .debug_macro   0x00002b62    0x261cc ./Core/Src/CAN.o
 .debug_macro   0x00028d2e       0x6d ./Core/Src/CAN.o
 .debug_macro   0x00028d9b     0x3d79 ./Core/Src/CAN.o
 .debug_macro   0x0002cb14      0x190 ./Core/Src/CAN.o
 .debug_macro   0x0002cca4       0x61 ./Core/Src/CAN.o
 .debug_macro   0x0002cd05       0x29 ./Core/Src/CAN.o
 .debug_macro   0x0002cd2e       0x43 ./Core/Src/CAN.o
 .debug_macro   0x0002cd71       0x34 ./Core/Src/CAN.o
 .debug_macro   0x0002cda5      0x370 ./Core/Src/CAN.o
 .debug_macro   0x0002d115       0x16 ./Core/Src/CAN.o
 .debug_macro   0x0002d12b       0x4a ./Core/Src/CAN.o
 .debug_macro   0x0002d175       0x34 ./Core/Src/CAN.o
 .debug_macro   0x0002d1a9       0x10 ./Core/Src/CAN.o
 .debug_macro   0x0002d1b9       0x58 ./Core/Src/CAN.o
 .debug_macro   0x0002d211       0x8e ./Core/Src/CAN.o
 .debug_macro   0x0002d29f       0x1c ./Core/Src/CAN.o
 .debug_macro   0x0002d2bb      0x185 ./Core/Src/CAN.o
 .debug_macro   0x0002d440      0x19b ./Core/Src/CAN.o
 .debug_macro   0x0002d5db       0x5d ./Core/Src/CAN.o
 .debug_macro   0x0002d638     0x240e ./Core/Src/CAN.o
 .debug_macro   0x0002fa46     0x102c ./Core/Src/CAN.o
 .debug_macro   0x00030a72      0x154 ./Core/Src/CAN.o
 .debug_macro   0x00030bc6      0x114 ./Core/Src/CAN.o
 .debug_macro   0x00030cda      0x3b6 ./Core/Src/CAN.o
 .debug_macro   0x00031090       0xac ./Core/Src/CAN.o
 .debug_macro   0x0003113c      0x72d ./Core/Src/CAN.o
 .debug_macro   0x00031869      0x228 ./Core/Src/CAN.o
 .debug_macro   0x00031a91       0x66 ./Core/Src/CAN.o
 .debug_macro   0x00031af7      0x3bb ./Core/Src/CAN.o
 .debug_macro   0x00031eb2      0x3e4 ./Core/Src/CAN.o
 .debug_macro   0x00032296      0x275 ./Core/Src/CAN.o
 .debug_macro   0x0003250b      0xe42 ./Core/Src/CAN.o
 .debug_macro   0x0003334d      0x3ca ./Core/Src/CAN.o
 .debug_macro   0x00033717      0x408 ./Core/Src/CAN.o
 .debug_macro   0x00033b1f       0x51 ./Core/Src/CAN.o
 .debug_macro   0x00033b70       0x4a ./Core/Src/CAN.o
 .debug_macro   0x00033bba      0x22c ./Core/Src/CAN.o
 .debug_macro   0x00033de6       0x67 ./Core/Src/CAN.o
 .debug_macro   0x00033e4d       0xa5 ./Core/Src/CAN.o
 .debug_macro   0x00033ef2      0x1c4 ./Core/Src/CAN.o
 .debug_macro   0x000340b6      0x25e ./Core/Src/CAN.o
 .debug_macro   0x00034314       0x35 ./Core/Src/CAN.o
 .debug_macro   0x00034349      0x5e4 ./Core/Src/CAN.o
 .debug_macro   0x0003492d       0xc1 ./Core/Src/CAN.o
 .debug_macro   0x000349ee      0x693 ./Core/Src/CAN.o
 .debug_macro   0x00035081       0xa6 ./Core/Src/CAN.o
 .debug_macro   0x00035127      0x5ac ./Core/Src/CAN.o
 .debug_macro   0x000356d3       0x16 ./Core/Src/CAN.o
 .debug_macro   0x000356e9       0x3c ./Core/Src/CAN.o
 .debug_macro   0x00035725       0x20 ./Core/Src/CAN.o
 .debug_macro   0x00035745       0x16 ./Core/Src/CAN.o
 .debug_macro   0x0003575b       0x10 ./Core/Src/CAN.o
 .debug_macro   0x0003576b       0x1c ./Core/Src/CAN.o
 .debug_macro   0x00035787       0x52 ./Core/Src/CAN.o
 .debug_macro   0x000357d9       0x22 ./Core/Src/CAN.o
 .debug_macro   0x000357fb       0x10 ./Core/Src/CAN.o
 .debug_macro   0x0003580b       0x52 ./Core/Src/CAN.o
 .debug_macro   0x0003585d       0xcf ./Core/Src/CAN.o
 .debug_macro   0x0003592c       0x1c ./Core/Src/CAN.o
 .debug_macro   0x00035948       0x3d ./Core/Src/CAN.o
 .debug_macro   0x00035985      0x51a ./Core/Src/CAN.o
 .debug_macro   0x00035e9f       0x58 ./Core/Src/CAN.o
 .debug_macro   0x00035ef7       0x1c ./Core/Src/CAN.o
 .debug_macro   0x00035f13       0x10 ./Core/Src/CAN.o
 .debug_macro   0x00035f23       0x16 ./Core/Src/CAN.o
 .debug_macro   0x00035f39      0x131 ./Core/Src/CAN.o
 .debug_macro   0x0003606a       0x2e ./Core/Src/CAN.o
 .debug_macro   0x00036098      0x3f7 ./Core/Src/Flash_driver.o
 .debug_macro   0x0003648f       0x1c ./Core/Src/Flash_driver.o
 .debug_macro   0x000364ab      0x3f7 ./Core/Src/Misc.o
 .debug_macro   0x000368a2      0x3fd ./Core/Src/main.o
 .debug_macro   0x00036c9f      0x3e0 ./Core/Src/stm32h7xx_hal_msp.o
 .debug_macro   0x0003707f      0x407 ./Core/Src/stm32h7xx_it.o
 .debug_macro   0x00037486      0x112 ./Core/Src/sysmem.o
 .debug_macro   0x00037598      0x23c ./Core/Src/sysmem.o
 .debug_macro   0x000377d4      0x2b8 ./Core/Src/system_stm32h7xx.o
 .debug_macro   0x00037a8c      0x2e2 ./Drivers/STM32H7xx_HAL_Driver/Src/stm32h7xx_hal.o
 .debug_macro   0x00037d6e      0x2b8 ./Drivers/STM32H7xx_HAL_Driver/Src/stm32h7xx_hal_cortex.o
 .debug_macro   0x00038026      0x37d ./Drivers/STM32H7xx_HAL_Driver/Src/stm32h7xx_hal_fdcan.o
 .debug_macro   0x000383a3      0x2bf ./Drivers/STM32H7xx_HAL_Driver/Src/stm32h7xx_hal_gpio.o
 .debug_macro   0x00038662      0x2f1 ./Drivers/STM32H7xx_HAL_Driver/Src/stm32h7xx_hal_pwr_ex.o
 .debug_macro   0x00038953      0x2dc ./Drivers/STM32H7xx_HAL_Driver/Src/stm32h7xx_hal_rcc.o
 .debug_macro   0x00038c2f      0x2d6 ./Drivers/STM32H7xx_HAL_Driver/Src/stm32h7xx_hal_rcc_ex.o
 .debug_macro   0x00038f05      0x2c0 ./Drivers/STM32H7xx_HAL_Driver/Src/stm32h7xx_hal_spi.o
 .debug_macro   0x000391c5      0x2e3 ./Drivers/STM32H7xx_HAL_Driver/Src/stm32h7xx_hal_uart.o
 .debug_macro   0x000394a8      0x2c4 ./Drivers/STM32H7xx_HAL_Driver/Src/stm32h7xx_hal_uart_ex.o

.debug_line     0x00000000    0x15b3b
 .debug_line    0x00000000      0xa77 ./Core/Src/CAN.o
 .debug_line    0x00000a77      0xe46 ./Core/Src/Flash_driver.o
 .debug_line    0x000018bd      0xb08 ./Core/Src/Misc.o
 .debug_line    0x000023c5      0xd2a ./Core/Src/main.o
 .debug_line    0x000030ef      0xb46 ./Core/Src/stm32h7xx_hal_msp.o
 .debug_line    0x00003c35      0xb98 ./Core/Src/stm32h7xx_it.o
 .debug_line    0x000047cd      0x588 ./Core/Src/sysmem.o
 .debug_line    0x00004d55      0xaf2 ./Core/Src/system_stm32h7xx.o
 .debug_line    0x00005847       0x7b ./Core/Startup/startup_stm32h753zitx.o
 .debug_line    0x000058c2      0xecb ./Drivers/STM32H7xx_HAL_Driver/Src/stm32h7xx_hal.o
 .debug_line    0x0000678d      0xeb5 ./Drivers/STM32H7xx_HAL_Driver/Src/stm32h7xx_hal_cortex.o
 .debug_line    0x00007642     0x2956 ./Drivers/STM32H7xx_HAL_Driver/Src/stm32h7xx_hal_fdcan.o
 .debug_line    0x00009f98      0xd54 ./Drivers/STM32H7xx_HAL_Driver/Src/stm32h7xx_hal_gpio.o
 .debug_line    0x0000acec     0x104f ./Drivers/STM32H7xx_HAL_Driver/Src/stm32h7xx_hal_pwr_ex.o
 .debug_line    0x0000bd3b     0x1572 ./Drivers/STM32H7xx_HAL_Driver/Src/stm32h7xx_hal_rcc.o
 .debug_line    0x0000d2ad     0x1e7e ./Drivers/STM32H7xx_HAL_Driver/Src/stm32h7xx_hal_rcc_ex.o
 .debug_line    0x0000f12b     0x225d ./Drivers/STM32H7xx_HAL_Driver/Src/stm32h7xx_hal_spi.o
 .debug_line    0x00011388     0x3952 ./Drivers/STM32H7xx_HAL_Driver/Src/stm32h7xx_hal_uart.o
 .debug_line    0x00014cda      0xe61 ./Drivers/STM32H7xx_HAL_Driver/Src/stm32h7xx_hal_uart_ex.o

.debug_str      0x00000000   0x169bf7
 .debug_str     0x00000000   0x169bf7 ./Core/Src/CAN.o
                             0x16327d (size before relaxing)
 .debug_str     0x00169bf7   0x16382c ./Core/Src/Flash_driver.o
 .debug_str     0x00169bf7   0x1633ba ./Core/Src/Misc.o
 .debug_str     0x00169bf7   0x1642c4 ./Core/Src/main.o
 .debug_str     0x00169bf7   0x164763 ./Core/Src/stm32h7xx_hal_msp.o
 .debug_str     0x00169bf7   0x163351 ./Core/Src/stm32h7xx_it.o
 .debug_str     0x00169bf7     0x77d9 ./Core/Src/sysmem.o
 .debug_str     0x00169bf7   0x160fa2 ./Core/Src/system_stm32h7xx.o
 .debug_str     0x00169bf7       0x7d ./Core/Startup/startup_stm32h753zitx.o
 .debug_str     0x00169bf7   0x161e88 ./Drivers/STM32H7xx_HAL_Driver/Src/stm32h7xx_hal.o
 .debug_str     0x00169bf7   0x1618c3 ./Drivers/STM32H7xx_HAL_Driver/Src/stm32h7xx_hal_cortex.o
 .debug_str     0x00169bf7   0x162c51 ./Drivers/STM32H7xx_HAL_Driver/Src/stm32h7xx_hal_fdcan.o
 .debug_str     0x00169bf7   0x160f1a ./Drivers/STM32H7xx_HAL_Driver/Src/stm32h7xx_hal_gpio.o
 .debug_str     0x00169bf7   0x1613db ./Drivers/STM32H7xx_HAL_Driver/Src/stm32h7xx_hal_pwr_ex.o
 .debug_str     0x00169bf7   0x1612fe ./Drivers/STM32H7xx_HAL_Driver/Src/stm32h7xx_hal_rcc.o
 .debug_str     0x00169bf7   0x1617df ./Drivers/STM32H7xx_HAL_Driver/Src/stm32h7xx_hal_rcc_ex.o
 .debug_str     0x00169bf7   0x161622 ./Drivers/STM32H7xx_HAL_Driver/Src/stm32h7xx_hal_spi.o
 .debug_str     0x00169bf7   0x161e3f ./Drivers/STM32H7xx_HAL_Driver/Src/stm32h7xx_hal_uart.o
 .debug_str     0x00169bf7   0x1613ff ./Drivers/STM32H7xx_HAL_Driver/Src/stm32h7xx_hal_uart_ex.o

.comment        0x00000000       0x43
 .comment       0x00000000       0x43 ./Core/Src/CAN.o
                                 0x44 (size before relaxing)
 .comment       0x00000043       0x44 ./Core/Src/Flash_driver.o
 .comment       0x00000043       0x44 ./Core/Src/Misc.o
 .comment       0x00000043       0x44 ./Core/Src/main.o
 .comment       0x00000043       0x44 ./Core/Src/stm32h7xx_hal_msp.o
 .comment       0x00000043       0x44 ./Core/Src/stm32h7xx_it.o
 .comment       0x00000043       0x44 ./Core/Src/sysmem.o
 .comment       0x00000043       0x44 ./Core/Src/system_stm32h7xx.o
 .comment       0x00000043       0x44 ./Drivers/STM32H7xx_HAL_Driver/Src/stm32h7xx_hal.o
 .comment       0x00000043       0x44 ./Drivers/STM32H7xx_HAL_Driver/Src/stm32h7xx_hal_cortex.o
 .comment       0x00000043       0x44 ./Drivers/STM32H7xx_HAL_Driver/Src/stm32h7xx_hal_fdcan.o
 .comment       0x00000043       0x44 ./Drivers/STM32H7xx_HAL_Driver/Src/stm32h7xx_hal_gpio.o
 .comment       0x00000043       0x44 ./Drivers/STM32H7xx_HAL_Driver/Src/stm32h7xx_hal_pwr_ex.o
 .comment       0x00000043       0x44 ./Drivers/STM32H7xx_HAL_Driver/Src/stm32h7xx_hal_rcc.o
 .comment       0x00000043       0x44 ./Drivers/STM32H7xx_HAL_Driver/Src/stm32h7xx_hal_rcc_ex.o
 .comment       0x00000043       0x44 ./Drivers/STM32H7xx_HAL_Driver/Src/stm32h7xx_hal_spi.o
 .comment       0x00000043       0x44 ./Drivers/STM32H7xx_HAL_Driver/Src/stm32h7xx_hal_uart.o
 .comment       0x00000043       0x44 ./Drivers/STM32H7xx_HAL_Driver/Src/stm32h7xx_hal_uart_ex.o

.debug_frame    0x00000000     0x4ac8
 .debug_frame   0x00000000       0x58 ./Core/Src/CAN.o
 .debug_frame   0x00000058      0x28c ./Core/Src/Flash_driver.o
 .debug_frame   0x000002e4       0xd8 ./Core/Src/Misc.o
 .debug_frame   0x000003bc      0x134 ./Core/Src/main.o
 .debug_frame   0x000004f0      0x11c ./Core/Src/stm32h7xx_hal_msp.o
 .debug_frame   0x0000060c      0x144 ./Core/Src/stm32h7xx_it.o
 .debug_frame   0x00000750       0x34 ./Core/Src/sysmem.o
 .debug_frame   0x00000784       0x78 ./Core/Src/system_stm32h7xx.o
 .debug_frame   0x000007fc      0x690 ./Drivers/STM32H7xx_HAL_Driver/Src/stm32h7xx_hal.o
 .debug_frame   0x00000e8c      0x508 ./Drivers/STM32H7xx_HAL_Driver/Src/stm32h7xx_hal_cortex.o
 .debug_frame   0x00001394      0xf9c ./Drivers/STM32H7xx_HAL_Driver/Src/stm32h7xx_hal_fdcan.o
 .debug_frame   0x00002330      0x14c ./Drivers/STM32H7xx_HAL_Driver/Src/stm32h7xx_hal_gpio.o
 .debug_frame   0x0000247c      0x580 ./Drivers/STM32H7xx_HAL_Driver/Src/stm32h7xx_hal_pwr_ex.o
 .debug_frame   0x000029fc      0x1f8 ./Drivers/STM32H7xx_HAL_Driver/Src/stm32h7xx_hal_rcc.o
 .debug_frame   0x00002bf4      0x414 ./Drivers/STM32H7xx_HAL_Driver/Src/stm32h7xx_hal_rcc_ex.o
 .debug_frame   0x00003008      0x7a8 ./Drivers/STM32H7xx_HAL_Driver/Src/stm32h7xx_hal_spi.o
 .debug_frame   0x000037b0      0xa94 ./Drivers/STM32H7xx_HAL_Driver/Src/stm32h7xx_hal_uart.o
 .debug_frame   0x00004244      0x2c0 ./Drivers/STM32H7xx_HAL_Driver/Src/stm32h7xx_hal_uart_ex.o
 .debug_frame   0x00004504      0x144 C:/ST/STM32CubeIDE_1.16.1/STM32CubeIDE/plugins/com.st.stm32cube.ide.mcu.externaltools.gnu-tools-for-stm32.13.3.rel1.win32_1.0.0.202411081344/tools/bin/../lib/gcc/arm-none-eabi/13.3.1/../../../../arm-none-eabi/lib/thumb/v7e-m+dp/hard\libc_nano.a(libc_a-findfp.o)
 .debug_frame   0x00004648       0x4c C:/ST/STM32CubeIDE_1.16.1/STM32CubeIDE/plugins/com.st.stm32cube.ide.mcu.externaltools.gnu-tools-for-stm32.13.3.rel1.win32_1.0.0.202411081344/tools/bin/../lib/gcc/arm-none-eabi/13.3.1/../../../../arm-none-eabi/lib/thumb/v7e-m+dp/hard\libc_nano.a(libc_a-vsnprintf.o)
 .debug_frame   0x00004694       0x20 C:/ST/STM32CubeIDE_1.16.1/STM32CubeIDE/plugins/com.st.stm32cube.ide.mcu.externaltools.gnu-tools-for-stm32.13.3.rel1.win32_1.0.0.202411081344/tools/bin/../lib/gcc/arm-none-eabi/13.3.1/../../../../arm-none-eabi/lib/thumb/v7e-m+dp/hard\libc_nano.a(libc_a-memset.o)
 .debug_frame   0x000046b4       0x38 C:/ST/STM32CubeIDE_1.16.1/STM32CubeIDE/plugins/com.st.stm32cube.ide.mcu.externaltools.gnu-tools-for-stm32.13.3.rel1.win32_1.0.0.202411081344/tools/bin/../lib/gcc/arm-none-eabi/13.3.1/../../../../arm-none-eabi/lib/thumb/v7e-m+dp/hard\libc_nano.a(libc_a-reent.o)
 .debug_frame   0x000046ec       0x20 C:/ST/STM32CubeIDE_1.16.1/STM32CubeIDE/plugins/com.st.stm32cube.ide.mcu.externaltools.gnu-tools-for-stm32.13.3.rel1.win32_1.0.0.202411081344/tools/bin/../lib/gcc/arm-none-eabi/13.3.1/../../../../arm-none-eabi/lib/thumb/v7e-m+dp/hard\libc_nano.a(libc_a-errno.o)
 .debug_frame   0x0000470c       0x2c C:/ST/STM32CubeIDE_1.16.1/STM32CubeIDE/plugins/com.st.stm32cube.ide.mcu.externaltools.gnu-tools-for-stm32.13.3.rel1.win32_1.0.0.202411081344/tools/bin/../lib/gcc/arm-none-eabi/13.3.1/../../../../arm-none-eabi/lib/thumb/v7e-m+dp/hard\libc_nano.a(libc_a-init.o)
 .debug_frame   0x00004738       0xb0 C:/ST/STM32CubeIDE_1.16.1/STM32CubeIDE/plugins/com.st.stm32cube.ide.mcu.externaltools.gnu-tools-for-stm32.13.3.rel1.win32_1.0.0.202411081344/tools/bin/../lib/gcc/arm-none-eabi/13.3.1/../../../../arm-none-eabi/lib/thumb/v7e-m+dp/hard\libc_nano.a(libc_a-lock.o)
 .debug_frame   0x000047e8       0x28 C:/ST/STM32CubeIDE_1.16.1/STM32CubeIDE/plugins/com.st.stm32cube.ide.mcu.externaltools.gnu-tools-for-stm32.13.3.rel1.win32_1.0.0.202411081344/tools/bin/../lib/gcc/arm-none-eabi/13.3.1/../../../../arm-none-eabi/lib/thumb/v7e-m+dp/hard\libc_nano.a(libc_a-memcpy-stub.o)
 .debug_frame   0x00004810       0x38 C:/ST/STM32CubeIDE_1.16.1/STM32CubeIDE/plugins/com.st.stm32cube.ide.mcu.externaltools.gnu-tools-for-stm32.13.3.rel1.win32_1.0.0.202411081344/tools/bin/../lib/gcc/arm-none-eabi/13.3.1/../../../../arm-none-eabi/lib/thumb/v7e-m+dp/hard\libc_nano.a(libc_a-freer.o)
 .debug_frame   0x00004848       0x50 C:/ST/STM32CubeIDE_1.16.1/STM32CubeIDE/plugins/com.st.stm32cube.ide.mcu.externaltools.gnu-tools-for-stm32.13.3.rel1.win32_1.0.0.202411081344/tools/bin/../lib/gcc/arm-none-eabi/13.3.1/../../../../arm-none-eabi/lib/thumb/v7e-m+dp/hard\libc_nano.a(libc_a-mallocr.o)
 .debug_frame   0x00004898       0x30 C:/ST/STM32CubeIDE_1.16.1/STM32CubeIDE/plugins/com.st.stm32cube.ide.mcu.externaltools.gnu-tools-for-stm32.13.3.rel1.win32_1.0.0.202411081344/tools/bin/../lib/gcc/arm-none-eabi/13.3.1/../../../../arm-none-eabi/lib/thumb/v7e-m+dp/hard\libc_nano.a(libc_a-mlock.o)
 .debug_frame   0x000048c8       0x90 C:/ST/STM32CubeIDE_1.16.1/STM32CubeIDE/plugins/com.st.stm32cube.ide.mcu.externaltools.gnu-tools-for-stm32.13.3.rel1.win32_1.0.0.202411081344/tools/bin/../lib/gcc/arm-none-eabi/13.3.1/../../../../arm-none-eabi/lib/thumb/v7e-m+dp/hard\libc_nano.a(libc_a-nano-svfprintf.o)
 .debug_frame   0x00004958       0x60 C:/ST/STM32CubeIDE_1.16.1/STM32CubeIDE/plugins/com.st.stm32cube.ide.mcu.externaltools.gnu-tools-for-stm32.13.3.rel1.win32_1.0.0.202411081344/tools/bin/../lib/gcc/arm-none-eabi/13.3.1/../../../../arm-none-eabi/lib/thumb/v7e-m+dp/hard\libc_nano.a(libc_a-nano-vfprintf_i.o)
 .debug_frame   0x000049b8       0x28 C:/ST/STM32CubeIDE_1.16.1/STM32CubeIDE/plugins/com.st.stm32cube.ide.mcu.externaltools.gnu-tools-for-stm32.13.3.rel1.win32_1.0.0.202411081344/tools/bin/../lib/gcc/arm-none-eabi/13.3.1/../../../../arm-none-eabi/lib/thumb/v7e-m+dp/hard\libc_nano.a(libc_a-memmove.o)
 .debug_frame   0x000049e0       0x2c C:/ST/STM32CubeIDE_1.16.1/STM32CubeIDE/plugins/com.st.stm32cube.ide.mcu.externaltools.gnu-tools-for-stm32.13.3.rel1.win32_1.0.0.202411081344/tools/bin/../lib/gcc/arm-none-eabi/13.3.1/../../../../arm-none-eabi/lib/thumb/v7e-m+dp/hard\libc_nano.a(libc_a-sbrkr.o)
 .debug_frame   0x00004a0c       0x3c C:/ST/STM32CubeIDE_1.16.1/STM32CubeIDE/plugins/com.st.stm32cube.ide.mcu.externaltools.gnu-tools-for-stm32.13.3.rel1.win32_1.0.0.202411081344/tools/bin/../lib/gcc/arm-none-eabi/13.3.1/../../../../arm-none-eabi/lib/thumb/v7e-m+dp/hard\libc_nano.a(libc_a-reallocr.o)
 .debug_frame   0x00004a48       0x20 C:/ST/STM32CubeIDE_1.16.1/STM32CubeIDE/plugins/com.st.stm32cube.ide.mcu.externaltools.gnu-tools-for-stm32.13.3.rel1.win32_1.0.0.202411081344/tools/bin/../lib/gcc/arm-none-eabi/13.3.1/../../../../arm-none-eabi/lib/thumb/v7e-m+dp/hard\libc_nano.a(libc_a-msizer.o)
 .debug_frame   0x00004a68       0x2c C:/ST/STM32CubeIDE_1.16.1/STM32CubeIDE/plugins/com.st.stm32cube.ide.mcu.externaltools.gnu-tools-for-stm32.13.3.rel1.win32_1.0.0.202411081344/tools/bin/../lib/gcc/arm-none-eabi/13.3.1/thumb/v7e-m+dp/hard\libgcc.a(_aeabi_uldivmod.o)
 .debug_frame   0x00004a94       0x34 C:/ST/STM32CubeIDE_1.16.1/STM32CubeIDE/plugins/com.st.stm32cube.ide.mcu.externaltools.gnu-tools-for-stm32.13.3.rel1.win32_1.0.0.202411081344/tools/bin/../lib/gcc/arm-none-eabi/13.3.1/thumb/v7e-m+dp/hard\libgcc.a(_udivmoddi4.o)

.debug_line_str
                0x00000000       0x61
 .debug_line_str
                0x00000000       0x61 ./Core/Startup/startup_stm32h753zitx.o