../Core/Src/Flash_driver.c:51:6:Flash_Init	48	static
../Core/Src/Flash_driver.c:131:6:Read_Register	16	static
../Core/Src/Flash_driver.c:141:6:Write_Data	24	static
../Core/Src/Flash_driver.c:159:6:Write_to_page	8	static
../Core/Src/Flash_driver.c:179:6:Read_Data	16	static
../Core/Src/Flash_driver.c:185:6:Automatic_Block_Managment	24	static
../Core/Src/Flash_driver.c:197:6:Chip_Erase	16	static
../Core/Src/Flash_driver.c:223:6:Read_Data_Cont	64	dynamic
../Core/Src/Flash_driver.c:259:6:Write_Enable	8	static
../Core/Src/Flash_driver.c:268:6:Write_Disable	8	static
../Core/Src/Flash_driver.c:278:9:Read_Status_Register	16	static
../Core/Src/Flash_driver.c:291:6:Write_Status_Register	16	static
../Core/Src/Flash_driver.c:302:10:Read_ID	16	static
../Core/Src/Flash_driver.c:315:6:Write_Data_Buffer	16	static
../Core/Src/Flash_driver.c:328:6:Write_Data_Flash	16	static
../Core/Src/Flash_driver.c:341:6:Select_Page_Read	16	static
../Core/Src/Flash_driver.c:354:6:Read_Data_Buffer	16	static
../Core/Src/Flash_driver.c:367:6:Block_Erase	16	static
