../Core/Src/Flash_driver.c:55:6:Read_Register	8	static
../Core/Src/Flash_driver.c:65:6:Write_Data	24	static
../Core/Src/Flash_driver.c:83:6:Write_to_page	8	static
../Core/Src/Flash_driver.c:94:6:Read_Data	16	static
../Core/Src/Flash_driver.c:100:6:Automatic_Block_Managment	24	static
../Core/Src/Flash_driver.c:112:6:Chip_Erase	16	static
../Core/Src/Flash_driver.c:134:6:Read_Data_Cont	64	dynamic
../Core/Src/Flash_driver.c:170:6:Write_Enable	8	static
../Core/Src/Flash_driver.c:178:6:Write_Disable	8	static
../Core/Src/Flash_driver.c:188:6:Flash_Init	24	static
../Core/Src/Flash_driver.c:208:9:Read_Status_Register	16	static
../Core/Src/Flash_driver.c:221:6:Write_Status_Register	16	static
../Core/Src/Flash_driver.c:231:10:Read_ID	16	static
../Core/Src/Flash_driver.c:241:6:Write_Data_Buffer	16	static
../Core/Src/Flash_driver.c:254:6:Write_Data_Flash	16	static
../Core/Src/Flash_driver.c:266:6:Select_Page_Read	16	static
../Core/Src/Flash_driver.c:279:6:Read_Data_Buffer	16	static
../Core/Src/Flash_driver.c:292:6:Block_Erase	16	static
