../Core/Src/Flash_driver.c:38:6:W25N_WaitForReady	8	static
../Core/Src/Flash_driver.c:45:6:Write_Enable	8	static
../Core/Src/Flash_driver.c:52:6:Write_Disable	8	static
../Core/Src/Flash_driver.c:59:6:Flash_Init	24	static
../Core/Src/Flash_driver.c:77:9:Read_Status_Register	16	static
../Core/Src/Flash_driver.c:87:6:Write_Status_Register	16	static
../Core/Src/Flash_driver.c:96:10:Read_ID	16	static
../Core/Src/Flash_driver.c:105:6:Write_Data_Buffer	16	static
../Core/Src/Flash_driver.c:118:6:Write_Data_Flash	16	static
../Core/Src/Flash_driver.c:129:6:Select_Page_Read	16	static
../Core/Src/Flash_driver.c:140:6:Read_Data_Buffer	16	static
../Core/Src/Flash_driver.c:151:6:Read_Data_Cont	64	dynamic
../Core/Src/Flash_driver.c:179:6:Block_Erase	16	static
