../Core/Src/Flash_driver.c:55:6:Read_Register	8	static
../Core/Src/Flash_driver.c:65:6:Write_Data	24	static
../Core/Src/Flash_driver.c:83:6:Write_to_page	8	static
../Core/Src/Flash_driver.c:94:6:Read_Data	16	static
../Core/Src/Flash_driver.c:100:6:Automatic_Block_Managment	24	static
../Core/Src/Flash_driver.c:112:6:Chip_Erase	16	static
../Core/Src/Flash_driver.c:133:6:Read_Data_Cont	64	dynamic
../Core/Src/Flash_driver.c:169:6:Write_Enable	8	static
../Core/Src/Flash_driver.c:177:6:Write_Disable	8	static
../Core/Src/Flash_driver.c:187:6:Flash_Init	24	static
../Core/Src/Flash_driver.c:207:9:Read_Status_Register	16	static
../Core/Src/Flash_driver.c:220:6:Write_Status_Register	16	static
../Core/Src/Flash_driver.c:230:10:Read_ID	16	static
../Core/Src/Flash_driver.c:240:6:Write_Data_Buffer	16	static
../Core/Src/Flash_driver.c:253:6:Write_Data_Flash	16	static
../Core/Src/Flash_driver.c:265:6:Select_Page_Read	16	static
../Core/Src/Flash_driver.c:278:6:Read_Data_Buffer	16	static
../Core/Src/Flash_driver.c:291:6:Block_Erase	16	static
