../Core/Src/Flash_driver.c:40:6:W25N_WaitForReady	8	static
../Core/Src/Flash_driver.c:47:6:Write_Enable	8	static
../Core/Src/Flash_driver.c:54:6:Write_Disable	8	static
../Core/Src/Flash_driver.c:61:6:Flash_Init	24	static
../Core/Src/Flash_driver.c:79:9:Read_Status_Register	16	static
../Core/Src/Flash_driver.c:89:6:Write_Status_Register	16	static
../Core/Src/Flash_driver.c:98:10:Read_ID	16	static
../Core/Src/Flash_driver.c:107:6:Write_Data_Buffer	16	static
../Core/Src/Flash_driver.c:119:6:Write_Data_Flash	16	static
../Core/Src/Flash_driver.c:130:6:Select_Page_Read	16	static
../Core/Src/Flash_driver.c:141:6:Read_Data_Buffer	16	static
../Core/Src/Flash_driver.c:152:6:Block_Erase	16	static
