../Core/Src/Flash_driver.c:58:6:Flash_Init	48	static
../Core/Src/Flash_driver.c:138:6:Read_Register	8	static
../Core/Src/Flash_driver.c:148:6:Write_Data	24	static
../Core/Src/Flash_driver.c:166:6:Write_to_page	8	static
../Core/Src/Flash_driver.c:186:6:Read_Data	16	static
../Core/Src/Flash_driver.c:192:6:Automatic_Block_Managment	24	static
../Core/Src/Flash_driver.c:204:6:Chip_Erase	16	static
../Core/Src/Flash_driver.c:228:6:Read_Data_Cont	64	dynamic
../Core/Src/Flash_driver.c:264:6:Write_Enable	8	static
../Core/Src/Flash_driver.c:272:6:Write_Disable	8	static
../Core/Src/Flash_driver.c:281:9:Read_Status_Register	16	static
../Core/Src/Flash_driver.c:294:6:Write_Status_Register	16	static
../Core/Src/Flash_driver.c:305:10:Read_ID	16	static
../Core/Src/Flash_driver.c:316:6:Write_Data_Buffer	16	static
../Core/Src/Flash_driver.c:329:6:Write_Data_Flash	16	static
../Core/Src/Flash_driver.c:342:6:Select_Page_Read	16	static
../Core/Src/Flash_driver.c:355:6:Read_Data_Buffer	16	static
../Core/Src/Flash_driver.c:368:6:Block_Erase	16	static
