../Core/Src/Flash_driver.c:43:6:W25N_WaitForReady	8	static
../Core/Src/Flash_driver.c:50:6:Write_Enable	8	static
../Core/Src/Flash_driver.c:57:6:Write_Disable	8	static
../Core/Src/Flash_driver.c:64:6:Flash_Init	24	static
../Core/Src/Flash_driver.c:82:9:Read_Status_Register	16	static
../Core/Src/Flash_driver.c:92:6:Write_Status_Register	16	static
../Core/Src/Flash_driver.c:101:10:Read_ID	16	static
../Core/Src/Flash_driver.c:110:6:Write_Data_Buffer	16	static
../Core/Src/Flash_driver.c:122:6:Write_Data_Flash	16	static
../Core/Src/Flash_driver.c:133:6:Select_Page_Read	16	static
../Core/Src/Flash_driver.c:143:6:Read_Data_Buffer	16	static
../Core/Src/Flash_driver.c:156:6:Block_Erase	16	static
