../Core/Src/main.c:85:5:main	8	static
../Core/Src/main.c:169:6:SystemClock_Config	120	static
../Core/Src/main.c:229:13:MX_FDCAN1_Init	16	static
../Core/Src/main.c:289:13:MX_SPI1_Init	8	static
../Core/Src/main.c:337:13:MX_UART5_Init	8	static
../Core/Src/main.c:385:13:MX_UART7_Init	8	static
../Core/Src/main.c:433:13:MX_UART8_Init	8	static
../Core/Src/main.c:481:13:MX_USART2_UART_Init	8	static
../Core/Src/main.c:529:13:MX_USART3_UART_Init	8	static
../Core/Src/main.c:577:13:MX_GPIO_Init	56	static
../Core/Src/main.c:630:13:init	16	static
../Core/Src/main.c:661:6:Error_Handler	8	static
