../Core/Src/main.c:90:6:CAN_ReceiveMessage	16	static
../Core/Src/main.c:100:6:CAN_SendMessage	8	static
../Core/Src/main.c:124:5:main	8	static
../Core/Src/main.c:231:6:SystemClock_Config	120	static
../Core/Src/main.c:291:13:MX_FDCAN1_Init	16	static
../Core/Src/main.c:351:13:MX_SPI1_Init	8	static
../Core/Src/main.c:399:13:MX_USART1_UART_Init	8	static
../Core/Src/main.c:445:13:MX_DMA_Init	16	static
../Core/Src/main.c:466:13:MX_GPIO_Init	56	static
../Core/Src/main.c:507:6:HAL_FDCAN_RxFifo0Callback	16	static
../Core/Src/main.c:516:6:Error_Handler	8	static
