../Core/Src/stm32h7xx_it.c:76:6:NMI_Handler	4	static
../Core/Src/stm32h7xx_it.c:91:6:HardFault_Handler	4	static
../Core/Src/stm32h7xx_it.c:106:6:MemManage_Handler	4	static
../Core/Src/stm32h7xx_it.c:121:6:BusFault_Handler	4	static
../Core/Src/stm32h7xx_it.c:136:6:UsageFault_Handler	4	static
../Core/Src/stm32h7xx_it.c:151:6:SVC_Handler	4	static
../Core/Src/stm32h7xx_it.c:164:6:DebugMon_Handler	4	static
../Core/Src/stm32h7xx_it.c:177:6:PendSV_Handler	4	static
../Core/Src/stm32h7xx_it.c:190:6:SysTick_Handler	8	static
../Core/Src/stm32h7xx_it.c:221:6:DMA1_Stream0_IRQHandler	8	static
../Core/Src/stm32h7xx_it.c:235:6:DMA1_Stream1_IRQHandler	8	static
../Core/Src/stm32h7xx_it.c:249:6:SPI1_IRQHandler	8	static
../Core/Src/stm32h7xx_it.c:263:6:USART1_IRQHandler	8	static
../Core/Src/stm32h7xx_it.c:277:6:EXTI15_10_IRQHandler	8	static
../Core/Src/stm32h7xx_it.c:319:6:HAL_UART_RxCpltCallback	40	static
../Core/Src/stm32h7xx_it.c:359:6:HAL_UART_ErrorCallback	24	static
../Core/Src/stm32h7xx_it.c:387:6:HAL_SPI_TxCpltCallback	16	static
