../Core/Src/stm32h7xx_it.c:74:6:NMI_Handler	4	static
../Core/Src/stm32h7xx_it.c:89:6:HardFault_Handler	4	static
../Core/Src/stm32h7xx_it.c:104:6:MemManage_Handler	4	static
../Core/Src/stm32h7xx_it.c:119:6:BusFault_Handler	4	static
../Core/Src/stm32h7xx_it.c:134:6:UsageFault_Handler	4	static
../Core/Src/stm32h7xx_it.c:149:6:SVC_Handler	4	static
../Core/Src/stm32h7xx_it.c:162:6:DebugMon_Handler	4	static
../Core/Src/stm32h7xx_it.c:175:6:PendSV_Handler	4	static
../Core/Src/stm32h7xx_it.c:188:6:SysTick_Handler	8	static
../Core/Src/stm32h7xx_it.c:215:6:FDCAN1_IT0_IRQHandler	8	static
../Core/Src/stm32h7xx_it.c:229:6:EXTI15_10_IRQHandler	8	static
../Core/Src/stm32h7xx_it.c:242:6:HAL_FDCAN_RxFifo0Callback	32	static
